Archive member included to satisfy reference by file (symbol)

/opt/homebrew/Cellar/arm-none-eabi-gcc/10.3-2021.07/gcc/bin/../lib/gcc/arm-none-eabi/10.3.1/thumb/v6-m/nofp/libgcc.a(_dvmd_tls.o)
                              CMakeFiles/pio_spi_loopback.dir/Users/andychen/pico/pico-sdk/src/rp2_common/pico_divider/divider.S.obj (__aeabi_idiv0)
/opt/homebrew/Cellar/arm-none-eabi-gcc/10.3-2021.07/gcc/bin/../lib/gcc/arm-none-eabi/10.3.1/../../../../arm-none-eabi/lib/thumb/v6-m/nofp/libg.a(lib_a-calloc.o)
                              CMakeFiles/pio_spi_loopback.dir/Users/andychen/pico/pico-sdk/src/rp2_common/pico_malloc/pico_malloc.c.obj (calloc)
/opt/homebrew/Cellar/arm-none-eabi-gcc/10.3-2021.07/gcc/bin/../lib/gcc/arm-none-eabi/10.3.1/../../../../arm-none-eabi/lib/thumb/v6-m/nofp/libg.a(lib_a-callocr.o)
                              /opt/homebrew/Cellar/arm-none-eabi-gcc/10.3-2021.07/gcc/bin/../lib/gcc/arm-none-eabi/10.3.1/../../../../arm-none-eabi/lib/thumb/v6-m/nofp/libg.a(lib_a-calloc.o) (_calloc_r)
/opt/homebrew/Cellar/arm-none-eabi-gcc/10.3-2021.07/gcc/bin/../lib/gcc/arm-none-eabi/10.3.1/../../../../arm-none-eabi/lib/thumb/v6-m/nofp/libg.a(lib_a-errno.o)
                              /opt/homebrew/Cellar/arm-none-eabi-gcc/10.3-2021.07/gcc/bin/../lib/gcc/arm-none-eabi/10.3.1/../../../../arm-none-eabi/lib/thumb/v6-m/nofp/libg.a(lib_a-callocr.o) (__errno)
/opt/homebrew/Cellar/arm-none-eabi-gcc/10.3-2021.07/gcc/bin/../lib/gcc/arm-none-eabi/10.3.1/../../../../arm-none-eabi/lib/thumb/v6-m/nofp/libg.a(lib_a-impure.o)
                              /opt/homebrew/Cellar/arm-none-eabi-gcc/10.3-2021.07/gcc/bin/../lib/gcc/arm-none-eabi/10.3.1/../../../../arm-none-eabi/lib/thumb/v6-m/nofp/libg.a(lib_a-calloc.o) (_impure_ptr)
/opt/homebrew/Cellar/arm-none-eabi-gcc/10.3-2021.07/gcc/bin/../lib/gcc/arm-none-eabi/10.3.1/../../../../arm-none-eabi/lib/thumb/v6-m/nofp/libg.a(lib_a-init.o)
                              /opt/homebrew/Cellar/arm-none-eabi-gcc/10.3-2021.07/gcc/bin/../lib/gcc/arm-none-eabi/10.3.1/../../../../arm-none-eabi/lib/thumb/v6-m/nofp/crt0.o (__libc_init_array)
/opt/homebrew/Cellar/arm-none-eabi-gcc/10.3-2021.07/gcc/bin/../lib/gcc/arm-none-eabi/10.3.1/../../../../arm-none-eabi/lib/thumb/v6-m/nofp/libg.a(lib_a-malloc.o)
                              CMakeFiles/pio_spi_loopback.dir/Users/andychen/pico/pico-sdk/src/rp2_common/pico_malloc/pico_malloc.c.obj (malloc)
/opt/homebrew/Cellar/arm-none-eabi-gcc/10.3-2021.07/gcc/bin/../lib/gcc/arm-none-eabi/10.3.1/../../../../arm-none-eabi/lib/thumb/v6-m/nofp/libg.a(lib_a-mallocr.o)
                              /opt/homebrew/Cellar/arm-none-eabi-gcc/10.3-2021.07/gcc/bin/../lib/gcc/arm-none-eabi/10.3.1/../../../../arm-none-eabi/lib/thumb/v6-m/nofp/libg.a(lib_a-callocr.o) (_malloc_r)
/opt/homebrew/Cellar/arm-none-eabi-gcc/10.3-2021.07/gcc/bin/../lib/gcc/arm-none-eabi/10.3.1/../../../../arm-none-eabi/lib/thumb/v6-m/nofp/libg.a(lib_a-mlock.o)
                              /opt/homebrew/Cellar/arm-none-eabi-gcc/10.3-2021.07/gcc/bin/../lib/gcc/arm-none-eabi/10.3.1/../../../../arm-none-eabi/lib/thumb/v6-m/nofp/libg.a(lib_a-mallocr.o) (__malloc_lock)
/opt/homebrew/Cellar/arm-none-eabi-gcc/10.3-2021.07/gcc/bin/../lib/gcc/arm-none-eabi/10.3.1/../../../../arm-none-eabi/lib/thumb/v6-m/nofp/libg.a(lib_a-rand.o)
                              CMakeFiles/pio_spi_loopback.dir/spi_loopback.c.obj (rand)
/opt/homebrew/Cellar/arm-none-eabi-gcc/10.3-2021.07/gcc/bin/../lib/gcc/arm-none-eabi/10.3.1/../../../../arm-none-eabi/lib/thumb/v6-m/nofp/libg.a(lib_a-realloc.o)
                              CMakeFiles/pio_spi_loopback.dir/Users/andychen/pico/pico-sdk/src/rp2_common/pico_malloc/pico_malloc.c.obj (realloc)
/opt/homebrew/Cellar/arm-none-eabi-gcc/10.3-2021.07/gcc/bin/../lib/gcc/arm-none-eabi/10.3.1/../../../../arm-none-eabi/lib/thumb/v6-m/nofp/libg.a(lib_a-reallocr.o)
                              /opt/homebrew/Cellar/arm-none-eabi-gcc/10.3-2021.07/gcc/bin/../lib/gcc/arm-none-eabi/10.3.1/../../../../arm-none-eabi/lib/thumb/v6-m/nofp/libg.a(lib_a-realloc.o) (_realloc_r)
/opt/homebrew/Cellar/arm-none-eabi-gcc/10.3-2021.07/gcc/bin/../lib/gcc/arm-none-eabi/10.3.1/../../../../arm-none-eabi/lib/thumb/v6-m/nofp/libg.a(lib_a-sbrkr.o)
                              /opt/homebrew/Cellar/arm-none-eabi-gcc/10.3-2021.07/gcc/bin/../lib/gcc/arm-none-eabi/10.3.1/../../../../arm-none-eabi/lib/thumb/v6-m/nofp/libg.a(lib_a-mallocr.o) (_sbrk_r)
/opt/homebrew/Cellar/arm-none-eabi-gcc/10.3-2021.07/gcc/bin/../lib/gcc/arm-none-eabi/10.3.1/../../../../arm-none-eabi/lib/thumb/v6-m/nofp/libg.a(lib_a-strlen-stub.o)
                              CMakeFiles/pio_spi_loopback.dir/Users/andychen/pico/pico-sdk/src/rp2_common/pico_stdio/stdio.c.obj (strlen)
/opt/homebrew/Cellar/arm-none-eabi-gcc/10.3-2021.07/gcc/bin/../lib/gcc/arm-none-eabi/10.3.1/../../../../arm-none-eabi/lib/thumb/v6-m/nofp/libg.a(lib_a-freer.o)
[...]
Memory Configuration

Name             Origin             Length             Attributes
FLASH            0x0000000010000000 0x0000000000200000 xr
RAM              0x0000000020000000 0x0000000000040000 xrw
SCRATCH_X        0x0000000020040000 0x0000000000001000 xrw
SCRATCH_Y        0x0000000020041000 0x0000000000001000 xrw
*default*        0x0000000000000000 0xffffffffffffffff

Linker script and memory map

LOAD /opt/homebrew/Cellar/arm-none-eabi-gcc/10.3-2021.07/gcc/bin/../lib/gcc/arm-none-eabi/10.3.1/thumb/v6-m/nofp/crti.o
LOAD /opt/homebrew/Cellar/arm-none-eabi-gcc/10.3-2021.07/gcc/bin/../lib/gcc/arm-none-eabi/10.3.1/thumb/v6-m/nofp/crtbegin.o
LOAD /opt/homebrew/Cellar/arm-none-eabi-gcc/10.3-2021.07/gcc/bin/../lib/gcc/arm-none-eabi/10.3.1/../../../../arm-none-eabi/lib/thumb/v6-m/nofp/crt0.o

.flash_begin    0x0000000010000000        0x0
                0x0000000010000000                __flash_binary_start = .

.boot2          0x0000000010000000      0x100
                0x0000000010000000                __boot2_start__ = .
 *(.boot2)
 .boot2         0x0000000010000000      0x100 /var/folders/h8/31kwz4nj3wbct69bn1pb5k1c0000gn/T//cc7Q2bc7.o
                0x0000000010000100                __boot2_end__ = .
                0x0000000000000001                ASSERT (((__boot2_end__ - __boot2_start__) == 0x100), ERROR: Pico second stage bootloader must be 256 bytes in size)

.text           0x0000000010000100     0x48f8
                0x0000000010000100                __logical_binary_start = .
 *(.vectors)
 .vectors       0x0000000010000100       0xd4 CMakeFiles/pio_spi_loopback.dir/Users/andychen/pico/pico-sdk/src/rp2_common/pico_standard_link/crt0.S.obj
                0x0000000010000100                __VECTOR_TABLE
                0x0000000010000100                __vectors
                0x00000000100001c0                __default_isrs_start
                0x00000000100001c0                isr_invalid
                0x00000000100001c2                isr_nmi
                0x00000000100001c4                isr_hardfault
                0x00000000100001c6                isr_svcall
                0x00000000100001c8                isr_pendsv
                0x00000000100001ca                isr_systick
                0x00000000100001cc                isr_irq28
                0x00000000100001cc                isr_irq19
                0x00000000100001cc                isr_irq0
                0x00000000100001cc                isr_irq6
                0x00000000100001cc                isr_irq22
                0x00000000100001cc                isr_irq17
                0x00000000100001cc                isr_irq14
                0x00000000100001cc                isr_irq2
                0x00000000100001cc                isr_irq10
                0x00000000100001cc                isr_irq8
                0x00000000100001cc                isr_irq24
                0x00000000100001cc                isr_irq1
                0x00000000100001cc                isr_irq7
                0x00000000100001cc                isr_irq21
                0x00000000100001cc                isr_irq20
                0x00000000100001cc                isr_irq15
                0x00000000100001cc                isr_irq25
                0x00000000100001cc                isr_irq4
                0x00000000100001cc                isr_irq16
                0x00000000100001cc                isr_irq29
                0x00000000100001cc                isr_irq26
                0x00000000100001cc                __default_isrs_end
                0x00000000100001cc                isr_irq3
                0x00000000100001cc                isr_irq9
                0x00000000100001cc                __unhandled_user_irq
                0x00000000100001cc                isr_irq13
                0x00000000100001cc                isr_irq27
                0x00000000100001cc                isr_irq31
                0x00000000100001cc                isr_irq5
                0x00000000100001cc                isr_irq11
                0x00000000100001cc                isr_irq23
                0x00000000100001cc                isr_irq18
                0x00000000100001cc                isr_irq30
                0x00000000100001cc                isr_irq12
                0x00000000100001d2                unhandled_user_irq_num_in_r0
 *(.binary_info_header)
 .binary_info_header
                0x00000000100001d4       0x14 CMakeFiles/pio_spi_loopback.dir/Users/andychen/pico/pico-sdk/src/rp2_common/pico_standard_link/crt0.S.obj
                0x00000000100001e8                __binary_info_header_end = .
 *(.reset)
 .reset         0x00000000100001e8       0xa8 CMakeFiles/pio_spi_loopback.dir/Users/andychen/pico/pico-sdk/src/rp2_common/pico_standard_link/crt0.S.obj
                0x00000000100001e8                _entry_point
                0x0000000010000266                __get_current_exception
 .reset         0x0000000010000290       0x30 CMakeFiles/pio_spi_loopback.dir/Users/andychen/pico/pico-sdk/src/rp2_common/pico_standard_link/binary_info.c.obj
 *(.init)
 .init          0x00000000100002c0        0x4 /opt/homebrew/Cellar/arm-none-eabi-gcc/10.3-2021.07/gcc/bin/../lib/gcc/arm-none-eabi/10.3.1/thumb/v6-m/nofp/crti.o
                0x00000000100002c0                _init
 *(EXCLUDE_FILE(*libm.a: *libc.a:*lib_a-mem*.o *libgcc.a:) .text*)
 .text          0x00000000100002c4       0x48 /opt/homebrew/Cellar/arm-none-eabi-gcc/10.3-2021.07/gcc/bin/../lib/gcc/arm-none-eabi/10.3.1/thumb/v6-m/nofp/crtbegin.o
 .text.test     0x000000001000030c       0xa4 CMakeFiles/pio_spi_loopback.dir/spi_loopback.c.obj
                0x000000001000030c                test
 .text.main     0x00000000100003b0      0x26c CMakeFiles/pio_spi_loopback.dir/spi_loopback.c.obj
                0x00000000100003b0                main
 .text.gpio_set_function
                0x000000001000061c       0x30 CMakeFiles/pio_spi_loopback.dir/Users/andychen/pico/pico-sdk/src/rp2_common/hardware_gpio/gpio.c.obj
                0x000000001000061c                gpio_set_function
 .text.gpio_set_outover
                0x000000001000064c       0x24 CMakeFiles/pio_spi_loopback.dir/Users/andychen/pico/pico-sdk/src/rp2_common/hardware_gpio/gpio.c.obj
                0x000000001000064c                gpio_set_outover
 .text.hw_claim_lock
                0x0000000010000670       0x18 CMakeFiles/pio_spi_loopback.dir/Users/andychen/pico/pico-sdk/src/rp2_common/hardware_claim/claim.c.obj
                0x0000000010000670                hw_claim_lock
 .text.hw_claim_unlock
                0x0000000010000688       0x14 CMakeFiles/pio_spi_loopback.dir/Users/andychen/pico/pico-sdk/src/rp2_common/hardware_claim/claim.c.obj
                0x0000000010000688                hw_claim_unlock
 .text.hw_claim_or_assert
                0x000000001000069c       0x32 CMakeFiles/pio_spi_loopback.dir/Users/andychen/pico/pico-sdk/src/rp2_common/hardware_claim/claim.c.obj
                0x000000001000069c                hw_claim_or_assert
 *fill*         0x00000000100006ce        0x2 
 .text.running_on_fpga
                0x00000000100006d0       0x14 CMakeFiles/pio_spi_loopback.dir/Users/andychen/pico/pico-sdk/src/rp2_common/pico_platform/platform.c.obj
                0x00000000100006d0                running_on_fpga
 .text.spin_locks_reset
                0x00000000100006e4       0x20 CMakeFiles/pio_spi_loopback.dir/Users/andychen/pico/pico-sdk/src/rp2_common/hardware_sync/sync.c.obj
                0x00000000100006e4                spin_locks_reset
 .text.next_striped_spin_lock_num
                0x0000000010000704       0x1c CMakeFiles/pio_spi_loopback.dir/Users/andychen/pico/pico-sdk/src/rp2_common/hardware_sync/sync.c.obj
                0x0000000010000704                next_striped_spin_lock_num
 .text.set_raw_irq_handler_and_unlock
                0x0000000010000720       0x28 CMakeFiles/pio_spi_loopback.dir/Users/andychen/pico/pico-sdk/src/rp2_common/hardware_irq/irq.c.obj
 .text.make_branch
                0x0000000010000748       0x48 CMakeFiles/pio_spi_loopback.dir/Users/andychen/pico/pico-sdk/src/rp2_common/hardware_irq/irq.c.obj
 .text.insert_branch_and_link
                0x0000000010000790       0x40 CMakeFiles/pio_spi_loopback.dir/Users/andychen/pico/pico-sdk/src/rp2_common/hardware_irq/irq.c.obj
 .text.irq_is_enabled
                0x00000000100007d0       0x18 CMakeFiles/pio_spi_loopback.dir/Users/andychen/pico/pico-sdk/src/rp2_common/hardware_irq/irq.c.obj
                0x00000000100007d0                irq_is_enabled
 .text.irq_set_mask_enabled
                0x00000000100007e8       0x20 CMakeFiles/pio_spi_loopback.dir/Users/andychen/pico/pico-sdk/src/rp2_common/hardware_irq/irq.c.obj
                0x00000000100007e8                irq_set_mask_enabled
 .text.irq_set_enabled
                0x0000000010000808        0xe CMakeFiles/pio_spi_loopback.dir/Users/andychen/pico/pico-sdk/src/rp2_common/hardware_irq/irq.c.obj
                0x0000000010000808                irq_set_enabled
 *fill*         0x0000000010000816        0x2 
 .text.irq_get_vtable_handler
                0x0000000010000818       0x10 CMakeFiles/pio_spi_loopback.dir/Users/andychen/pico/pico-sdk/src/rp2_common/hardware_irq/irq.c.obj
                0x0000000010000818                irq_get_vtable_handler
 .text.irq_set_exclusive_handler
                0x0000000010000828       0x54 CMakeFiles/pio_spi_loopback.dir/Users/andychen/pico/pico-sdk/src/rp2_common/hardware_irq/irq.c.obj
                0x0000000010000828                irq_set_exclusive_handler
 .text.irq_remove_handler
                0x000000001000087c      0x1a8 CMakeFiles/pio_spi_loopback.dir/Users/andychen/pico/pico-sdk/src/rp2_common/hardware_irq/irq.c.obj
                0x000000001000087c                irq_remove_handler
 .text.irq_add_tail_to_free_list
                0x0000000010000a24       0xf0 CMakeFiles/pio_spi_loopback.dir/Users/andychen/pico/pico-sdk/src/rp2_common/hardware_irq/irq.c.obj
                0x0000000010000a24                irq_add_tail_to_free_list
 .text.irq_init_priorities
                0x0000000010000b14       0x1c CMakeFiles/pio_spi_loopback.dir/Users/andychen/pico/pico-sdk/src/rp2_common/hardware_irq/irq.c.obj
                0x0000000010000b14                irq_init_priorities
 .text.lock_init
                0x0000000010000b30       0x10 CMakeFiles/pio_spi_loopback.dir/Users/andychen/pico/pico-sdk/src/common/pico_sync/lock_core.c.obj
                0x0000000010000b30                lock_init
 .text.alarm_pool_post_alloc_init
                0x0000000010000b40       0x40 CMakeFiles/pio_spi_loopback.dir/Users/andychen/pico/pico-sdk/src/common/pico_time/time.c.obj
 .text.sleep_until_callback
                0x0000000010000b80       0x30 CMakeFiles/pio_spi_loopback.dir/Users/andychen/pico/pico-sdk/src/common/pico_time/time.c.obj
 .text.timer_pool_entry_comparator
                0x0000000010000bb0       0x7c CMakeFiles/pio_spi_loopback.dir/Users/andychen/pico/pico-sdk/src/common/pico_time/time.c.obj
                0x0000000010000bb0                timer_pool_entry_comparator
 .text.ph_add_child_node
                0x0000000010000c2c       0xa4 CMakeFiles/pio_spi_loopback.dir/Users/andychen/pico/pico-sdk/src/common/pico_time/time.c.obj
 .text.ph_merge_nodes
                0x0000000010000cd0       0x3e CMakeFiles/pio_spi_loopback.dir/Users/andychen/pico/pico-sdk/src/common/pico_time/time.c.obj
 *fill*         0x0000000010000d0e        0x2 
 .text.add_alarm_under_lock
                0x0000000010000d10      0x174 CMakeFiles/pio_spi_loopback.dir/Users/andychen/pico/pico-sdk/src/common/pico_time/time.c.obj
 .text.alarm_pool_alarm_callback
                0x0000000010000e84      0x328 CMakeFiles/pio_spi_loopback.dir/Users/andychen/pico/pico-sdk/src/common/pico_time/time.c.obj
 .text.alarm_pool_init_default
                0x00000000100011ac       0x38 CMakeFiles/pio_spi_loopback.dir/Users/andychen/pico/pico-sdk/src/common/pico_time/time.c.obj
                0x00000000100011ac                alarm_pool_init_default
 .text.alarm_pool_get_default
                0x00000000100011e4       0x2c CMakeFiles/pio_spi_loopback.dir/Users/andychen/pico/pico-sdk/src/common/pico_time/time.c.obj
                0x00000000100011e4                alarm_pool_get_default
 .text.alarm_pool_add_alarm_at
                0x0000000010001210      0x170 CMakeFiles/pio_spi_loopback.dir/Users/andychen/pico/pico-sdk/src/common/pico_time/time.c.obj
                0x0000000010001210                alarm_pool_add_alarm_at
 .text.sleep_until
                0x0000000010001380       0xfc CMakeFiles/pio_spi_loopback.dir/Users/andychen/pico/pico-sdk/src/common/pico_time/time.c.obj
                0x0000000010001380                sleep_until
 .text.sleep_us
                0x000000001000147c       0x58 CMakeFiles/pio_spi_loopback.dir/Users/andychen/pico/pico-sdk/src/common/pico_time/time.c.obj
                0x000000001000147c                sleep_us
 .text.sleep_ms
                0x00000000100014d4       0x14 CMakeFiles/pio_spi_loopback.dir/Users/andychen/pico/pico-sdk/src/common/pico_time/time.c.obj
                0x00000000100014d4                sleep_ms
 .text.hardware_alarm_irq_handler
                0x00000000100014e8       0x8c CMakeFiles/pio_spi_loopback.dir/Users/andychen/pico/pico-sdk/src/rp2_common/hardware_timer/timer.c.obj
 .text.hardware_alarm_claim
                0x0000000010001574       0x18 CMakeFiles/pio_spi_loopback.dir/Users/andychen/pico/pico-sdk/src/rp2_common/hardware_timer/timer.c.obj
                0x0000000010001574                hardware_alarm_claim
 .text.time_us_64
                0x000000001000158c       0x18 CMakeFiles/pio_spi_loopback.dir/Users/andychen/pico/pico-sdk/src/rp2_common/hardware_timer/timer.c.obj
                0x000000001000158c                time_us_64
 .text.busy_wait_until
                0x00000000100015a4       0x28 CMakeFiles/pio_spi_loopback.dir/Users/andychen/pico/pico-sdk/src/rp2_common/hardware_timer/timer.c.obj
                0x00000000100015a4                busy_wait_until
 .text.hardware_alarm_set_callback
                0x00000000100015cc       0x90 CMakeFiles/pio_spi_loopback.dir/Users/andychen/pico/pico-sdk/src/rp2_common/hardware_timer/timer.c.obj
                0x00000000100015cc                hardware_alarm_set_callback
 .text.hardware_alarm_set_target
                0x000000001000165c       0xe8 CMakeFiles/pio_spi_loopback.dir/Users/andychen/pico/pico-sdk/src/rp2_common/hardware_timer/timer.c.obj
                0x000000001000165c                hardware_alarm_set_target
 .text.hardware_alarm_cancel
                0x0000000010001744       0x40 CMakeFiles/pio_spi_loopback.dir/Users/andychen/pico/pico-sdk/src/rp2_common/hardware_timer/timer.c.obj
                0x0000000010001744                hardware_alarm_cancel
 .text.ph_add_child_node
                0x0000000010001784       0xa4 CMakeFiles/pio_spi_loopback.dir/Users/andychen/pico/pico-sdk/src/common/pico_util/pheap.c.obj
 .text.ph_merge_nodes
                0x0000000010001828       0x3e CMakeFiles/pio_spi_loopback.dir/Users/andychen/pico/pico-sdk/src/common/pico_util/pheap.c.obj
 *fill*         0x0000000010001866        0x2 
 .text.ph_clear
                0x0000000010001868       0x70 CMakeFiles/pio_spi_loopback.dir/Users/andychen/pico/pico-sdk/src/common/pico_util/pheap.c.obj
                0x0000000010001868                ph_clear
 .text.ph_post_alloc_init
                0x00000000100018d8        0xe CMakeFiles/pio_spi_loopback.dir/Users/andychen/pico/pico-sdk/src/common/pico_util/pheap.c.obj
                0x00000000100018d8                ph_post_alloc_init
 *fill*         0x00000000100018e6        0x2 
 .text.ph_merge_two_pass
                0x00000000100018e8       0xa8 CMakeFiles/pio_spi_loopback.dir/Users/andychen/pico/pico-sdk/src/common/pico_util/pheap.c.obj
                0x00000000100018e8                ph_merge_two_pass
 .text.ph_remove_any_head
                0x0000000010001990      0x108 CMakeFiles/pio_spi_loopback.dir/Users/andychen/pico/pico-sdk/src/common/pico_util/pheap.c.obj
 .text.ph_remove_head
                0x0000000010001a98       0x14 CMakeFiles/pio_spi_loopback.dir/Users/andychen/pico/pico-sdk/src/common/pico_util/pheap.c.obj
                0x0000000010001a98                ph_remove_head
 .text.ph_remove_and_free_node
                0x0000000010001aac       0xf8 CMakeFiles/pio_spi_loopback.dir/Users/andychen/pico/pico-sdk/src/common/pico_util/pheap.c.obj
                0x0000000010001aac                ph_remove_and_free_node
 .text.mutex_init
                0x0000000010001ba4       0x1a CMakeFiles/pio_spi_loopback.dir/Users/andychen/pico/pico-sdk/src/common/pico_sync/mutex.c.obj
                0x0000000010001ba4                mutex_init
 .text.recursive_mutex_init
                0x0000000010001bbe       0x1e CMakeFiles/pio_spi_loopback.dir/Users/andychen/pico/pico-sdk/src/common/pico_sync/mutex.c.obj
                0x0000000010001bbe                recursive_mutex_init
 .text.uart_set_baudrate
                0x0000000010001bdc       0x5c CMakeFiles/pio_spi_loopback.dir/Users/andychen/pico/pico-sdk/src/rp2_common/hardware_uart/uart.c.obj
                0x0000000010001bdc                uart_set_baudrate
 .text.uart_set_translate_crlf
                0x0000000010001c38       0x28 CMakeFiles/pio_spi_loopback.dir/Users/andychen/pico/pico-sdk/src/rp2_common/hardware_uart/uart.c.obj
                0x0000000010001c38                uart_set_translate_crlf
 .text.uart_init
                0x0000000010001c60       0x80 CMakeFiles/pio_spi_loopback.dir/Users/andychen/pico/pico-sdk/src/rp2_common/hardware_uart/uart.c.obj
                0x0000000010001c60                uart_init
 .text._exit    0x0000000010001ce0        0x4 CMakeFiles/pio_spi_loopback.dir/Users/andychen/pico/pico-sdk/src/rp2_common/pico_runtime/runtime.c.obj
                0x0000000010001ce0                _exit
 .text.exit     0x0000000010001ce4        0x6 CMakeFiles/pio_spi_loopback.dir/Users/andychen/pico/pico-sdk/src/rp2_common/pico_runtime/runtime.c.obj
                0x0000000010001ce4                exit
 *fill*         0x0000000010001cea        0x2 
 .text.__assert_func
                0x0000000010001cec       0x3c CMakeFiles/pio_spi_loopback.dir/Users/andychen/pico/pico-sdk/src/rp2_common/pico_runtime/runtime.c.obj
                0x0000000010001cec                __assert_func
 .text.runtime_init
                0x0000000010001d28       0xf8 CMakeFiles/pio_spi_loopback.dir/Users/andychen/pico/pico-sdk/src/rp2_common/pico_runtime/runtime.c.obj
                0x0000000010001d28                runtime_init
 .text.panic    0x0000000010001e20       0x30 CMakeFiles/pio_spi_loopback.dir/Users/andychen/pico/pico-sdk/src/rp2_common/pico_runtime/runtime.c.obj
                0x0000000010001e20                panic
 .text.clock_configure
                0x0000000010001e50      0x104 CMakeFiles/pio_spi_loopback.dir/Users/andychen/pico/pico-sdk/src/rp2_common/hardware_clocks/clocks.c.obj
                0x0000000010001e50                clock_configure
 .text.clocks_init
                0x0000000010001f54      0x100 CMakeFiles/pio_spi_loopback.dir/Users/andychen/pico/pico-sdk/src/rp2_common/hardware_clocks/clocks.c.obj
                0x0000000010001f54                clocks_init
 .text.clock_get_hz
                0x0000000010002054        0xc CMakeFiles/pio_spi_loopback.dir/Users/andychen/pico/pico-sdk/src/rp2_common/hardware_clocks/clocks.c.obj
                0x0000000010002054                clock_get_hz
 .text.pll_init
                0x0000000010002060      0x140 CMakeFiles/pio_spi_loopback.dir/Users/andychen/pico/pico-sdk/src/rp2_common/hardware_pll/pll.c.obj
                0x0000000010002060                pll_init
 .text.watchdog_start_tick
                0x00000000100021a0       0x10 CMakeFiles/pio_spi_loopback.dir/Users/andychen/pico/pico-sdk/src/rp2_common/hardware_watchdog/watchdog.c.obj
                0x00000000100021a0                watchdog_start_tick
 .text.xosc_init
                0x00000000100021b0       0x28 CMakeFiles/pio_spi_loopback.dir/Users/andychen/pico/pico-sdk/src/rp2_common/hardware_xosc/xosc.c.obj
                0x00000000100021b0                xosc_init
 .text._out_null
                0x00000000100021d8        0x2 CMakeFiles/pio_spi_loopback.dir/Users/andychen/pico/pico-sdk/src/rp2_common/pico_printf/printf.c.obj
 .text._out_fct
                0x00000000100021da        0xe CMakeFiles/pio_spi_loopback.dir/Users/andychen/pico/pico-sdk/src/rp2_common/pico_printf/printf.c.obj
 .text._atoi    0x00000000100021e8       0x24 CMakeFiles/pio_spi_loopback.dir/Users/andychen/pico/pico-sdk/src/rp2_common/pico_printf/printf.c.obj
 .text._out_rev
                0x000000001000220c       0xae CMakeFiles/pio_spi_loopback.dir/Users/andychen/pico/pico-sdk/src/rp2_common/pico_printf/printf.c.obj
 .text._ntoa_format
                0x00000000100022ba      0x112 CMakeFiles/pio_spi_loopback.dir/Users/andychen/pico/pico-sdk/src/rp2_common/pico_printf/printf.c.obj
 .text._ntoa_long
                0x00000000100023cc       0xbc CMakeFiles/pio_spi_loopback.dir/Users/andychen/pico/pico-sdk/src/rp2_common/pico_printf/printf.c.obj
 .text._ntoa_long_long
                0x0000000010002488       0xe2 CMakeFiles/pio_spi_loopback.dir/Users/andychen/pico/pico-sdk/src/rp2_common/pico_printf/printf.c.obj
 *fill*         0x000000001000256a        0x2 
 .text._etoa    0x000000001000256c      0x414 CMakeFiles/pio_spi_loopback.dir/Users/andychen/pico/pico-sdk/src/rp2_common/pico_printf/printf.c.obj
 .text._ftoa    0x0000000010002980      0x354 CMakeFiles/pio_spi_loopback.dir/Users/andychen/pico/pico-sdk/src/rp2_common/pico_printf/printf.c.obj
 .text._vsnprintf
                0x0000000010002cd4      0x624 CMakeFiles/pio_spi_loopback.dir/Users/andychen/pico/pico-sdk/src/rp2_common/pico_printf/printf.c.obj
 .text.vfctprintf
                0x00000000100032f8       0x20 CMakeFiles/pio_spi_loopback.dir/Users/andychen/pico/pico-sdk/src/rp2_common/pico_printf/printf.c.obj
                0x00000000100032f8                vfctprintf
 .text          0x0000000010003318       0x10 CMakeFiles/pio_spi_loopback.dir/Users/andychen/pico/pico-sdk/src/rp2_common/pico_bit_ops/bit_ops_aeabi.S.obj
 .text.ctzsi    0x0000000010003328        0xc CMakeFiles/pio_spi_loopback.dir/Users/andychen/pico/pico-sdk/src/rp2_common/pico_bit_ops/bit_ops_aeabi.S.obj
                0x0000000010003328                __wrap___ctzsi2
 .text.rom_func_lookup
                0x0000000010003334       0x10 CMakeFiles/pio_spi_loopback.dir/Users/andychen/pico/pico-sdk/src/rp2_common/pico_bootrom/bootrom.c.obj
                0x0000000010003334                rom_func_lookup
 .text.rom_data_lookup
                0x0000000010003344       0x10 CMakeFiles/pio_spi_loopback.dir/Users/andychen/pico/pico-sdk/src/rp2_common/pico_bootrom/bootrom.c.obj
                0x0000000010003344                rom_data_lookup
 .text.rom_funcs_lookup
                0x0000000010003354       0x36 CMakeFiles/pio_spi_loopback.dir/Users/andychen/pico/pico-sdk/src/rp2_common/pico_bootrom/bootrom.c.obj
                0x0000000010003354                rom_funcs_lookup
 *fill*         0x000000001000338a        0x2 
 .text.__wrap___aeabi_idiv
                0x000000001000338c       0x50 CMakeFiles/pio_spi_loopback.dir/Users/andychen/pico/pico-sdk/src/rp2_common/pico_divider/divider.S.obj
                0x000000001000338c                __wrap___aeabi_idivmod
                0x000000001000338c                divmod_s32s32
                0x000000001000338c                div_s32s32
                0x000000001000338c                __wrap___aeabi_idiv
                0x0000000010003394                divmod_s32s32_unsafe
                0x00000000100033c0                divmod_s32s32_savestate
 .text.__wrap___aeabi_uidiv
                0x00000000100033dc       0x4c CMakeFiles/pio_spi_loopback.dir/Users/andychen/pico/pico-sdk/src/rp2_common/pico_divider/divider.S.obj
                0x00000000100033dc                __wrap___aeabi_uidiv
                0x00000000100033dc                __wrap___aeabi_uidivmod
                0x00000000100033dc                div_u32u32
                0x00000000100033dc                divmod_u32u32
                0x00000000100033e4                divmod_u32u32_unsafe
                0x000000001000340c                divmod_u32u32_savestate
 .text.__wrap___aeabi_ldiv
                0x0000000010003428      0x434 CMakeFiles/pio_spi_loopback.dir/Users/andychen/pico/pico-sdk/src/rp2_common/pico_divider/divider.S.obj
                0x0000000010003428                __wrap___aeabi_ldivmod
                0x0000000010003428                div_s64s64
                0x0000000010003428                divmod_s64s64
                0x0000000010003460                divmod_u64u64
                0x0000000010003460                div_u64u64
                0x0000000010003460                __wrap___aeabi_uldivmod
                0x0000000010003470                divmod_u64u64_savestate
                0x0000000010003498                divmod_s64s64_unsafe
                0x0000000010003520                divmod_u64u64_unsafe
 .text.__wrap___aeabi_darithmetic
                0x000000001000385c       0x80 CMakeFiles/pio_spi_loopback.dir/Users/andychen/pico/pico-sdk/src/rp2_common/pico_double/double_aeabi.S.obj
                0x000000001000385c                __wrap___aeabi_drsub
                0x0000000010003862                __wrap___aeabi_dsub
                0x0000000010003874                __wrap___aeabi_dadd
                0x0000000010003886                __wrap___aeabi_ddiv
                0x00000000100038c2                __wrap___aeabi_dmul
 .text.__wrap___aeabi_cdcmple
                0x00000000100038dc       0x6c CMakeFiles/pio_spi_loopback.dir/Users/andychen/pico/pico-sdk/src/rp2_common/pico_double/double_aeabi.S.obj
                0x00000000100038dc                __wrap___aeabi_cdrcmple
                0x00000000100038ec                __wrap___aeabi_cdcmple
                0x00000000100038ec                __wrap___aeabi_cdcmpeq
 .text.__wrap___aeabi_dcmplt
                0x0000000010003948        0xc CMakeFiles/pio_spi_loopback.dir/Users/andychen/pico/pico-sdk/src/rp2_common/pico_double/double_aeabi.S.obj
                0x0000000010003948                __wrap___aeabi_dcmplt
 .text.__wrap___aeabi_dcmple
                0x0000000010003954       0x10 CMakeFiles/pio_spi_loopback.dir/Users/andychen/pico/pico-sdk/src/rp2_common/pico_double/double_aeabi.S.obj
                0x0000000010003954                __wrap___aeabi_dcmple
 .text.__wrap___aeabi_dcmpge
                0x0000000010003964       0x10 CMakeFiles/pio_spi_loopback.dir/Users/andychen/pico/pico-sdk/src/rp2_common/pico_double/double_aeabi.S.obj
                0x0000000010003964                __wrap___aeabi_dcmpge
 .text.__wrap___aeabi_dcmpgt
                0x0000000010003974        0xa CMakeFiles/pio_spi_loopback.dir/Users/andychen/pico/pico-sdk/src/rp2_common/pico_double/double_aeabi.S.obj
                0x0000000010003974                __wrap___aeabi_dcmpgt
 .text.__wrap___aeabi_dcmpun
                0x000000001000397e       0x1c CMakeFiles/pio_spi_loopback.dir/Users/andychen/pico/pico-sdk/src/rp2_common/pico_double/double_aeabi.S.obj
                0x000000001000397e                __wrap___aeabi_dcmpun
 *fill*         0x000000001000399a        0x2 
 .text.__wrap___aeabi_i2d
                0x000000001000399c       0x38 CMakeFiles/pio_spi_loopback.dir/Users/andychen/pico/pico-sdk/src/rp2_common/pico_double/double_aeabi.S.obj
                0x000000001000399c                __wrap___aeabi_ui2d
                0x00000000100039a4                __wrap___aeabi_i2d
 .text.__wrap___aeabi_d2iz
                0x00000000100039d4       0x48 CMakeFiles/pio_spi_loopback.dir/Users/andychen/pico/pico-sdk/src/rp2_common/pico_double/double_aeabi.S.obj
                0x00000000100039d4                __wrap___aeabi_d2iz
                0x00000000100039d4                double2int_z
 .text.__wrap___aeabi_d2uiz
                0x0000000010003a1c       0x18 CMakeFiles/pio_spi_loopback.dir/Users/andychen/pico/pico-sdk/src/rp2_common/pico_double/double_aeabi.S.obj
                0x0000000010003a1c                double2uint
                0x0000000010003a1c                __wrap___aeabi_d2uiz
 .text.__aeabi_double_init
                0x0000000010003a34       0xc8 CMakeFiles/pio_spi_loopback.dir/Users/andychen/pico/pico-sdk/src/rp2_common/pico_double/double_init_rom.c.obj
                0x0000000010003a34                __aeabi_double_init
 .text.double_table_shim_on_use_helper
                0x0000000010003afc       0x34 CMakeFiles/pio_spi_loopback.dir/Users/andychen/pico/pico-sdk/src/rp2_common/pico_double/double_v1_rom_shim.S.obj
                0x0000000010003afc                double_table_shim_on_use_helper
 .text.__wrap___aeabi_dsub
                0x0000000010003b30       0x10 CMakeFiles/pio_spi_loopback.dir/Users/andychen/pico/pico-sdk/src/rp2_common/pico_double/double_v1_rom_shim.S.obj
                0x0000000010003b30                drsub_shim
                0x0000000010003b36                dsub_shim
 .text.dadd_shim
                0x0000000010003b40      0x15c CMakeFiles/pio_spi_loopback.dir/Users/andychen/pico/pico-sdk/src/rp2_common/pico_double/double_v1_rom_shim.S.obj
                0x0000000010003b40                dadd_shim
 .text.dmul_shim
                0x0000000010003c9c      0x15c CMakeFiles/pio_spi_loopback.dir/Users/andychen/pico/pico-sdk/src/rp2_common/pico_double/double_v1_rom_shim.S.obj
                0x0000000010003c9c                dmul_shim
 .text.ddiv_shim
                0x0000000010003df8      0x1b0 CMakeFiles/pio_spi_loopback.dir/Users/andychen/pico/pico-sdk/src/rp2_common/pico_double/double_v1_rom_shim.S.obj
                0x0000000010003df8                ddiv_shim
 .text.double2uint_shim
                0x0000000010003fa8        0xe CMakeFiles/pio_spi_loopback.dir/Users/andychen/pico/pico-sdk/src/rp2_common/pico_double/double_v1_rom_shim.S.obj
                0x0000000010003fa8                double2uint_shim
                0x0000000010003faa                double2ufix_shim
 *fill*         0x0000000010003fb6        0x2 
 .text.double2uint64_shim
                0x0000000010003fb8       0x70 CMakeFiles/pio_spi_loopback.dir/Users/andychen/pico/pico-sdk/src/rp2_common/pico_double/double_v1_rom_shim.S.obj
                0x0000000010003fb8                double2uint64_shim
                0x0000000010003fba                double2ufix64_shim
                0x0000000010003fda                d2fix_a
 .text.dunpacks
                0x0000000010004028       0x3c CMakeFiles/pio_spi_loopback.dir/Users/andychen/pico/pico-sdk/src/rp2_common/pico_double/double_v1_rom_shim.S.obj
                0x0000000010004028                dunpacks
 .text.__aeabi_lmul
                0x0000000010004064       0x32 CMakeFiles/pio_spi_loopback.dir/Users/andychen/pico/pico-sdk/src/rp2_common/pico_int64_ops/pico_int64_ops_aeabi.S.obj
                0x0000000010004064                __wrap___aeabi_lmul
 *fill*         0x0000000010004096        0x2 
 .text.__aeabi_float_init
                0x0000000010004098       0xfc CMakeFiles/pio_spi_loopback.dir/Users/andychen/pico/pico-sdk/src/rp2_common/pico_float/float_init_rom.c.obj
                0x0000000010004098                __aeabi_float_init
 .text.float_table_shim_on_use_helper
                0x0000000010004194       0x34 CMakeFiles/pio_spi_loopback.dir/Users/andychen/pico/pico-sdk/src/rp2_common/pico_float/float_v1_rom_shim.S.obj
                0x0000000010004194                float_table_shim_on_use_helper
 .text          0x00000000100041c8       0x10 CMakeFiles/pio_spi_loopback.dir/Users/andychen/pico/pico-sdk/src/rp2_common/pico_mem_ops/mem_ops_aeabi.S.obj
                0x00000000100041c8                __aeabi_mem_init
 .text.memset   0x00000000100041d8        0xc CMakeFiles/pio_spi_loopback.dir/Users/andychen/pico/pico-sdk/src/rp2_common/pico_mem_ops/mem_ops_aeabi.S.obj
                0x00000000100041d8                __wrap_memset
 .text.memcpy   0x00000000100041e4        0xc CMakeFiles/pio_spi_loopback.dir/Users/andychen/pico/pico-sdk/src/rp2_common/pico_mem_ops/mem_ops_aeabi.S.obj
                0x00000000100041e4                __wrap___aeabi_memcpy
                0x00000000100041e4                __wrap_memcpy
 .text.stdio_out_chars_no_crlf
                0x00000000100041f0        0xe CMakeFiles/pio_spi_loopback.dir/Users/andychen/pico/pico-sdk/src/rp2_common/pico_stdio/stdio.c.obj
 *fill*         0x00000000100041fe        0x2 
 .text.stdio_out_chars_crlf
                0x0000000010004200       0x80 CMakeFiles/pio_spi_loopback.dir/Users/andychen/pico/pico-sdk/src/rp2_common/pico_stdio/stdio.c.obj
 .text.stdio_stack_buffer_flush
                0x0000000010004280       0x44 CMakeFiles/pio_spi_loopback.dir/Users/andychen/pico/pico-sdk/src/rp2_common/pico_stdio/stdio.c.obj
 .text.stdio_buffered_printer
                0x00000000100042c4       0x20 CMakeFiles/pio_spi_loopback.dir/Users/andychen/pico/pico-sdk/src/rp2_common/pico_stdio/stdio.c.obj
 .text.stdout_serialize_begin
                0x00000000100042e4       0x30 CMakeFiles/pio_spi_loopback.dir/Users/andychen/pico/pico-sdk/src/rp2_common/pico_stdio/stdio.c.obj
                0x00000000100042e4                stdout_serialize_begin
 .text.stdout_serialize_end
                0x0000000010004314       0x10 CMakeFiles/pio_spi_loopback.dir/Users/andychen/pico/pico-sdk/src/rp2_common/pico_stdio/stdio.c.obj
                0x0000000010004314                stdout_serialize_end
 .text.stdio_put_string
                0x0000000010004324       0x98 CMakeFiles/pio_spi_loopback.dir/Users/andychen/pico/pico-sdk/src/rp2_common/pico_stdio/stdio.c.obj
 .text.__wrap_putchar
                0x00000000100043bc       0x1c CMakeFiles/pio_spi_loopback.dir/Users/andychen/pico/pico-sdk/src/rp2_common/pico_stdio/stdio.c.obj
                0x00000000100043bc                __wrap_putchar
 .text.stdio_set_driver_enabled
                0x00000000100043d8       0x2c CMakeFiles/pio_spi_loopback.dir/Users/andychen/pico/pico-sdk/src/rp2_common/pico_stdio/stdio.c.obj
                0x00000000100043d8                stdio_set_driver_enabled
 .text.stdio_flush
                0x0000000010004404       0x20 CMakeFiles/pio_spi_loopback.dir/Users/andychen/pico/pico-sdk/src/rp2_common/pico_stdio/stdio.c.obj
                0x0000000010004404                stdio_flush
 .text.__wrap_puts
                0x0000000010004424       0x1e CMakeFiles/pio_spi_loopback.dir/Users/andychen/pico/pico-sdk/src/rp2_common/pico_stdio/stdio.c.obj
                0x0000000010004424                __wrap_puts
 *fill*         0x0000000010004442        0x2 
 .text.__wrap_vprintf
                0x0000000010004444       0x44 CMakeFiles/pio_spi_loopback.dir/Users/andychen/pico/pico-sdk/src/rp2_common/pico_stdio/stdio.c.obj
                0x0000000010004444                __wrap_vprintf
 .text.__wrap_printf
                0x0000000010004488       0x18 CMakeFiles/pio_spi_loopback.dir/Users/andychen/pico/pico-sdk/src/rp2_common/pico_stdio/stdio.c.obj
                0x0000000010004488                __wrap_printf
 .text.stdio_init_all
                0x00000000100044a0        0x8 CMakeFiles/pio_spi_loopback.dir/Users/andychen/pico/pico-sdk/src/rp2_common/pico_stdio/stdio.c.obj
                0x00000000100044a0                stdio_init_all
 .text.stdio_uart_out_chars
                0x00000000100044a8       0x74 CMakeFiles/pio_spi_loopback.dir/Users/andychen/pico/pico-sdk/src/rp2_common/pico_stdio_uart/stdio_uart.c.obj
 .text.stdio_uart_in_chars
                0x000000001000451c       0x58 CMakeFiles/pio_spi_loopback.dir/Users/andychen/pico/pico-sdk/src/rp2_common/pico_stdio_uart/stdio_uart.c.obj
                0x000000001000451c                stdio_uart_in_chars
 .text.stdio_uart_init_full
                0x0000000010004574       0x3c CMakeFiles/pio_spi_loopback.dir/Users/andychen/pico/pico-sdk/src/rp2_common/pico_stdio_uart/stdio_uart.c.obj
                0x0000000010004574                stdio_uart_init_full
 .text.stdio_uart_init
                0x00000000100045b0       0x28 CMakeFiles/pio_spi_loopback.dir/Users/andychen/pico/pico-sdk/src/rp2_common/pico_stdio_uart/stdio_uart.c.obj
                0x00000000100045b0                stdio_uart_init
 .text._pio_can_add_program_at_offset
                0x00000000100045d8       0x3c CMakeFiles/pio_spi_loopback.dir/Users/andychen/pico/pico-sdk/src/rp2_common/hardware_pio/pio.c.obj
 .text._pio_find_offset_for_program
                0x0000000010004614       0x7c CMakeFiles/pio_spi_loopback.dir/Users/andychen/pico/pico-sdk/src/rp2_common/hardware_pio/pio.c.obj
 .text._pio_add_program_at_offset
                0x0000000010004690       0x78 CMakeFiles/pio_spi_loopback.dir/Users/andychen/pico/pico-sdk/src/rp2_common/hardware_pio/pio.c.obj
 .text.pio_add_program
                0x0000000010004708       0x38 CMakeFiles/pio_spi_loopback.dir/Users/andychen/pico/pico-sdk/src/rp2_common/hardware_pio/pio.c.obj
                0x0000000010004708                pio_add_program
 .text.pio_sm_set_pins_with_mask
                0x0000000010004740       0x6c CMakeFiles/pio_spi_loopback.dir/Users/andychen/pico/pico-sdk/src/rp2_common/hardware_pio/pio.c.obj
                0x0000000010004740                pio_sm_set_pins_with_mask
 .text.pio_sm_set_pindirs_with_mask
                0x00000000100047ac       0x70 CMakeFiles/pio_spi_loopback.dir/Users/andychen/pico/pico-sdk/src/rp2_common/hardware_pio/pio.c.obj
                0x00000000100047ac                pio_sm_set_pindirs_with_mask
 .text.pio_sm_init
                0x000000001000481c       0xe4 CMakeFiles/pio_spi_loopback.dir/Users/andychen/pico/pico-sdk/src/rp2_common/hardware_pio/pio.c.obj
                0x000000001000481c                pio_sm_init
 .text.rand     0x0000000010004900       0x34 /opt/homebrew/Cellar/arm-none-eabi-gcc/10.3-2021.07/gcc/bin/../lib/gcc/arm-none-eabi/10.3.1/../../../../arm-none-eabi/lib/thumb/v6-m/nofp/libg.a(lib_a-rand.o)
                0x0000000010004900                rand
 .text.strlen   0x0000000010004934       0x5c /opt/homebrew/Cellar/arm-none-eabi-gcc/10.3-2021.07/gcc/bin/../lib/gcc/arm-none-eabi/10.3.1/../../../../arm-none-eabi/lib/thumb/v6-m/nofp/libg.a(lib_a-strlen-stub.o)
                0x0000000010004934                strlen
 *(.fini)
 .fini          0x0000000010004990        0x4 /opt/homebrew/Cellar/arm-none-eabi-gcc/10.3-2021.07/gcc/bin/../lib/gcc/arm-none-eabi/10.3.1/thumb/v6-m/nofp/crti.o
                0x0000000010004990                _fini
 *fill*         0x0000000010004994        0x4 
 .fini.__stub   0x0000000010004998       0x60 linker stubs
 *crtbegin.o(.ctors)
 *crtbegin?.o(.ctors)
 *(EXCLUDE_FILE(*crtend.o *crtend?.o) .ctors)
 *(SORT_BY_NAME(.ctors.*))
 *(.ctors)
 *crtbegin.o(.dtors)
 *crtbegin?.o(.dtors)
 *(EXCLUDE_FILE(*crtend.o *crtend?.o) .dtors)
 *(SORT_BY_NAME(.dtors.*))
 *(.dtors)
 *(.eh_frame*)
 .eh_frame      0x00000000100049f8        0x0 /opt/homebrew/Cellar/arm-none-eabi-gcc/10.3-2021.07/gcc/bin/../lib/gcc/arm-none-eabi/10.3.1/thumb/v6-m/nofp/crtbegin.o
                0x00000000100049f8                . = ALIGN (0x4)

.glue_7         0x00000000100049f8        0x0
 .glue_7        0x00000000100049f8        0x0 linker stubs

.glue_7t        0x00000000100049f8        0x0
 .glue_7t       0x00000000100049f8        0x0 linker stubs

.vfp11_veneer   0x00000000100049f8        0x0
 .vfp11_veneer  0x00000000100049f8        0x0 linker stubs

.v4_bx          0x00000000100049f8        0x0
 .v4_bx         0x00000000100049f8        0x0 linker stubs

.iplt           0x00000000100049f8        0x0
 .iplt          0x00000000100049f8        0x0 /opt/homebrew/Cellar/arm-none-eabi-gcc/10.3-2021.07/gcc/bin/../lib/gcc/arm-none-eabi/10.3.1/thumb/v6-m/nofp/crtbegin.o

.rodata         0x00000000100049f8     0x1028
 *(EXCLUDE_FILE(*libm.a: *libc.a:*lib_a-mem*.o *libgcc.a:) .rodata*)
 .rodata.test.str1.4
                0x00000000100049f8       0x1c CMakeFiles/pio_spi_loopback.dir/spi_loopback.c.obj
 .rodata.main.str1.4
                0x0000000010004a14       0x16 CMakeFiles/pio_spi_loopback.dir/spi_loopback.c.obj
 *fill*         0x0000000010004a2a        0x2 
 .rodata.spi_cpha0_program
                0x0000000010004a2c        0x6 CMakeFiles/pio_spi_loopback.dir/spi_loopback.c.obj
 *fill*         0x0000000010004a32        0x2 
 .rodata.spi_cpha0_program_instructions
                0x0000000010004a34        0x4 CMakeFiles/pio_spi_loopback.dir/spi_loopback.c.obj
 .rodata.spi_cpha1_program
                0x0000000010004a38        0x6 CMakeFiles/pio_spi_loopback.dir/spi_loopback.c.obj
 *fill*         0x0000000010004a3e        0x2 
 .rodata.spi_cpha1_program_instructions
                0x0000000010004a40        0x6 CMakeFiles/pio_spi_loopback.dir/spi_loopback.c.obj
 *fill*         0x0000000010004a46        0x2 
 .rodata.make_branch.str1.4
                0x0000000010004a48       0x70 CMakeFiles/pio_spi_loopback.dir/Users/andychen/pico/pico-sdk/src/rp2_common/hardware_irq/irq.c.obj
 .rodata.insert_branch_and_link.str1.4
                0x0000000010004ab8       0x10 CMakeFiles/pio_spi_loopback.dir/Users/andychen/pico/pico-sdk/src/rp2_common/hardware_irq/irq.c.obj
 .rodata.irq_set_exclusive_handler.str1.4
                0x0000000010004ac8       0x36 CMakeFiles/pio_spi_loopback.dir/Users/andychen/pico/pico-sdk/src/rp2_common/hardware_irq/irq.c.obj
 *fill*         0x0000000010004afe        0x2 
 .rodata.irq_add_shared_handler.str1.4
                0x0000000010004b00       0xd9 CMakeFiles/pio_spi_loopback.dir/Users/andychen/pico/pico-sdk/src/rp2_common/hardware_irq/irq.c.obj
 *fill*         0x0000000010004bd9        0x3 
 .rodata.irq_remove_handler.str1.4
                0x0000000010004bdc       0x2a CMakeFiles/pio_spi_loopback.dir/Users/andychen/pico/pico-sdk/src/rp2_common/hardware_irq/irq.c.obj
 *fill*         0x0000000010004c06        0x2 
 .rodata.irq_add_tail_to_free_list.str1.4
                0x0000000010004c08       0x3a CMakeFiles/pio_spi_loopback.dir/Users/andychen/pico/pico-sdk/src/rp2_common/hardware_irq/irq.c.obj
 *fill*         0x0000000010004c42        0x2 
 .rodata.__func__.0
                0x0000000010004c44       0x1a CMakeFiles/pio_spi_loopback.dir/Users/andychen/pico/pico-sdk/src/rp2_common/hardware_irq/irq.c.obj
 *fill*         0x0000000010004c5e        0x2 
 .rodata.__func__.1
                0x0000000010004c60       0x17 CMakeFiles/pio_spi_loopback.dir/Users/andychen/pico/pico-sdk/src/rp2_common/hardware_irq/irq.c.obj
 *fill*         0x0000000010004c77        0x1 
 .rodata.__func__.2
                0x0000000010004c78       0x13 CMakeFiles/pio_spi_loopback.dir/Users/andychen/pico/pico-sdk/src/rp2_common/hardware_irq/irq.c.obj
 *fill*         0x0000000010004c8b        0x1 
 .rodata.__func__.3
                0x0000000010004c8c        0xc CMakeFiles/pio_spi_loopback.dir/Users/andychen/pico/pico-sdk/src/rp2_common/hardware_irq/irq.c.obj
 .rodata.__func__.4
                0x0000000010004c98        0xf CMakeFiles/pio_spi_loopback.dir/Users/andychen/pico/pico-sdk/src/rp2_common/hardware_irq/irq.c.obj
 *fill*         0x0000000010004ca7        0x1 
 .rodata.__func__.6
                0x0000000010004ca8       0x1a CMakeFiles/pio_spi_loopback.dir/Users/andychen/pico/pico-sdk/src/rp2_common/hardware_irq/irq.c.obj
 *fill*         0x0000000010004cc2        0x2 
 .rodata.repeating_timer_callback.str1.4
                0x0000000010004cc4       0x4e CMakeFiles/pio_spi_loopback.dir/Users/andychen/pico/pico-sdk/src/common/pico_time/time.c.obj
 *fill*         0x0000000010004d12        0x2 
 .rodata.alarm_pool_dump_key.str1.4
                0x0000000010004d14       0x33 CMakeFiles/pio_spi_loopback.dir/Users/andychen/pico/pico-sdk/src/common/pico_time/time.c.obj
 *fill*         0x0000000010004d47        0x1 
 .rodata.ph_add_child_node.str1.4
                0x0000000010004d48       0x9a CMakeFiles/pio_spi_loopback.dir/Users/andychen/pico/pico-sdk/src/common/pico_time/time.c.obj
 *fill*         0x0000000010004de2        0x2 
 .rodata.add_alarm_under_lock.str1.4
                0x0000000010004de4       0x28 CMakeFiles/pio_spi_loopback.dir/Users/andychen/pico/pico-sdk/src/common/pico_time/time.c.obj
                                         0x2b (size before relaxing)
 .rodata.alarm_pool_alarm_callback.str1.4
                0x0000000010004e0c       0xe6 CMakeFiles/pio_spi_loopback.dir/Users/andychen/pico/pico-sdk/src/common/pico_time/time.c.obj
 *fill*         0x0000000010004ef2        0x2 
 .rodata.alarm_pool_get_default.str1.4
                0x0000000010004ef4       0x21 CMakeFiles/pio_spi_loopback.dir/Users/andychen/pico/pico-sdk/src/common/pico_time/time.c.obj
 *fill*         0x0000000010004f15        0x3 
 .rodata.sleep_until.str1.4
                0x0000000010004f18       0x4d CMakeFiles/pio_spi_loopback.dir/Users/andychen/pico/pico-sdk/src/common/pico_time/time.c.obj
 *fill*         0x0000000010004f65        0x3 
 .rodata.__func__.10
                0x0000000010004f68       0x15 CMakeFiles/pio_spi_loopback.dir/Users/andychen/pico/pico-sdk/src/common/pico_time/time.c.obj
 *fill*         0x0000000010004f7d        0x3 
 .rodata.__func__.11
                0x0000000010004f80       0x1a CMakeFiles/pio_spi_loopback.dir/Users/andychen/pico/pico-sdk/src/common/pico_time/time.c.obj
 *fill*         0x0000000010004f9a        0x2 
 .rodata.__func__.12
                0x0000000010004f9c        0xa CMakeFiles/pio_spi_loopback.dir/Users/andychen/pico/pico-sdk/src/common/pico_time/time.c.obj
 *fill*         0x0000000010004fa6        0x2 
 .rodata.__func__.3
                0x0000000010004fa8       0x17 CMakeFiles/pio_spi_loopback.dir/Users/andychen/pico/pico-sdk/src/common/pico_time/time.c.obj
 *fill*         0x0000000010004fbf        0x1 
 .rodata.__func__.4
                0x0000000010004fc0       0x12 CMakeFiles/pio_spi_loopback.dir/Users/andychen/pico/pico-sdk/src/common/pico_time/time.c.obj
 *fill*         0x0000000010004fd2        0x2 
 .rodata.__func__.5
                0x0000000010004fd4        0xd CMakeFiles/pio_spi_loopback.dir/Users/andychen/pico/pico-sdk/src/common/pico_time/time.c.obj
 *fill*         0x0000000010004fe1        0x3 
 .rodata.__func__.6
                0x0000000010004fe4       0x12 CMakeFiles/pio_spi_loopback.dir/Users/andychen/pico/pico-sdk/src/common/pico_time/time.c.obj
 *fill*         0x0000000010004ff6        0x2 
 .rodata.__func__.7
                0x0000000010004ff8        0xf CMakeFiles/pio_spi_loopback.dir/Users/andychen/pico/pico-sdk/src/common/pico_time/time.c.obj
 *fill*         0x0000000010005007        0x1 
 .rodata.__func__.8
                0x0000000010005008        0xc CMakeFiles/pio_spi_loopback.dir/Users/andychen/pico/pico-sdk/src/common/pico_time/time.c.obj
 .rodata.__func__.9
                0x0000000010005014       0x15 CMakeFiles/pio_spi_loopback.dir/Users/andychen/pico/pico-sdk/src/common/pico_time/time.c.obj
 *fill*         0x0000000010005029        0x3 
 .rodata.hardware_alarm_claim.str1.4
                0x000000001000502c       0x22 CMakeFiles/pio_spi_loopback.dir/Users/andychen/pico/pico-sdk/src/rp2_common/hardware_timer/timer.c.obj
 *fill*         0x000000001000504e        0x2 
 .rodata.hardware_alarm_set_target.str1.4
                0x0000000010005050       0x68 CMakeFiles/pio_spi_loopback.dir/Users/andychen/pico/pico-sdk/src/rp2_common/hardware_timer/timer.c.obj
 .rodata.__func__.0
                0x00000000100050b8       0x1a CMakeFiles/pio_spi_loopback.dir/Users/andychen/pico/pico-sdk/src/rp2_common/hardware_timer/timer.c.obj
 .rodata.ph_add_child_node.str1.4
                0x00000000100050d2       0x9a CMakeFiles/pio_spi_loopback.dir/Users/andychen/pico/pico-sdk/src/common/pico_util/pheap.c.obj
 *fill*         0x00000000100050d2        0x2 
 .rodata.ph_remove_any_head.str1.4
                0x00000000100050d4       0x90 CMakeFiles/pio_spi_loopback.dir/Users/andychen/pico/pico-sdk/src/common/pico_util/pheap.c.obj
 .rodata.ph_remove_and_free_node.str1.4
                0x0000000010005164       0x1e CMakeFiles/pio_spi_loopback.dir/Users/andychen/pico/pico-sdk/src/common/pico_util/pheap.c.obj
                                         0x26 (size before relaxing)
 *fill*         0x0000000010005182        0x2 
 .rodata.__func__.0
                0x0000000010005184       0x18 CMakeFiles/pio_spi_loopback.dir/Users/andychen/pico/pico-sdk/src/common/pico_util/pheap.c.obj
 .rodata.__func__.1
                0x000000001000519c       0x13 CMakeFiles/pio_spi_loopback.dir/Users/andychen/pico/pico-sdk/src/common/pico_util/pheap.c.obj
 *fill*         0x00000000100051af        0x1 
 .rodata.__func__.2
                0x00000000100051b0       0x12 CMakeFiles/pio_spi_loopback.dir/Users/andychen/pico/pico-sdk/src/common/pico_util/pheap.c.obj
 *fill*         0x00000000100051c2        0x2 
 .rodata.__func__.3
                0x00000000100051c4        0xc CMakeFiles/pio_spi_loopback.dir/Users/andychen/pico/pico-sdk/src/common/pico_util/pheap.c.obj
 .rodata.str1.4
                0x00000000100051d0       0x8d CMakeFiles/pio_spi_loopback.dir/Users/andychen/pico/pico-sdk/src/common/pico_sync/mutex.c.obj
                                         0xf1 (size before relaxing)
 *fill*         0x000000001000525d        0x3 
 .rodata.__func__.1
                0x0000000010005260        0xb CMakeFiles/pio_spi_loopback.dir/Users/andychen/pico/pico-sdk/src/common/pico_sync/mutex.c.obj
 *fill*         0x000000001000526b        0x1 
 .rodata.__assert_func.str1.4
                0x000000001000526c       0x3f CMakeFiles/pio_spi_loopback.dir/Users/andychen/pico/pico-sdk/src/rp2_common/pico_runtime/runtime.c.obj
                                         0x43 (size before relaxing)
 *fill*         0x00000000100052ab        0x1 
 .rodata.runtime_init.str1.4
                0x00000000100052ac       0x64 CMakeFiles/pio_spi_loopback.dir/Users/andychen/pico/pico-sdk/src/rp2_common/pico_runtime/runtime.c.obj
 .rodata.panic.str1.4
                0x0000000010005310       0x10 CMakeFiles/pio_spi_loopback.dir/Users/andychen/pico/pico-sdk/src/rp2_common/pico_runtime/runtime.c.obj
                                         0x12 (size before relaxing)
 .rodata.__func__.1
                0x0000000010005320        0xd CMakeFiles/pio_spi_loopback.dir/Users/andychen/pico/pico-sdk/src/rp2_common/pico_runtime/runtime.c.obj
 *fill*         0x000000001000532d        0x3 
 .rodata.clock_configure.str1.4
                0x0000000010005330       0x5a CMakeFiles/pio_spi_loopback.dir/Users/andychen/pico/pico-sdk/src/rp2_common/hardware_clocks/clocks.c.obj
 *fill*         0x000000001000538a        0x2 
 .rodata.__func__.1
                0x000000001000538c       0x10 CMakeFiles/pio_spi_loopback.dir/Users/andychen/pico/pico-sdk/src/rp2_common/hardware_clocks/clocks.c.obj
 .rodata.pll_init.str1.4
                0x000000001000539c      0x13b CMakeFiles/pio_spi_loopback.dir/Users/andychen/pico/pico-sdk/src/rp2_common/hardware_pll/pll.c.obj
 *fill*         0x00000000100054d7        0x1 
 .rodata.__func__.0
                0x00000000100054d8        0x9 CMakeFiles/pio_spi_loopback.dir/Users/andychen/pico/pico-sdk/src/rp2_common/hardware_pll/pll.c.obj
 *fill*         0x00000000100054e1        0x3 
 .rodata._ftoa.str1.4
                0x00000000100054e4       0x15 CMakeFiles/pio_spi_loopback.dir/Users/andychen/pico/pico-sdk/src/rp2_common/pico_printf/printf.c.obj
 *fill*         0x00000000100054f9        0x3 
 .rodata._vsnprintf
                0x00000000100054fc      0x1e0 CMakeFiles/pio_spi_loopback.dir/Users/andychen/pico/pico-sdk/src/rp2_common/pico_printf/printf.c.obj
 *fill*         0x00000000100056dc        0x4 
 .rodata.pow10.0
                0x00000000100056e0       0x50 CMakeFiles/pio_spi_loopback.dir/Users/andychen/pico/pico-sdk/src/rp2_common/pico_printf/printf.c.obj
 .rodata.__aeabi_double_init.str1.4
                0x0000000010005730       0xab CMakeFiles/pio_spi_loopback.dir/Users/andychen/pico/pico-sdk/src/rp2_common/pico_double/double_init_rom.c.obj
 *fill*         0x00000000100057db        0x1 
 .rodata.__func__.0
                0x00000000100057dc       0x14 CMakeFiles/pio_spi_loopback.dir/Users/andychen/pico/pico-sdk/src/rp2_common/pico_double/double_init_rom.c.obj
 .rodata.__aeabi_float_init.str1.4
                0x00000000100057f0       0x7d CMakeFiles/pio_spi_loopback.dir/Users/andychen/pico/pico-sdk/src/rp2_common/pico_float/float_init_rom.c.obj
                                         0x81 (size before relaxing)
 *fill*         0x000000001000586d        0x3 
 .rodata.__func__.0
                0x0000000010005870       0x13 CMakeFiles/pio_spi_loopback.dir/Users/andychen/pico/pico-sdk/src/rp2_common/pico_float/float_init_rom.c.obj
 *fill*         0x0000000010005883        0x1 
 .rodata.str1.4
                0x0000000010005884       0x88 CMakeFiles/pio_spi_loopback.dir/Users/andychen/pico/pico-sdk/src/rp2_common/pico_standard_link/binary_info.c.obj
 .rodata.__bi_44
                0x000000001000590c        0xc CMakeFiles/pio_spi_loopback.dir/Users/andychen/pico/pico-sdk/src/rp2_common/pico_standard_link/binary_info.c.obj
 .rodata.__bi_69
                0x0000000010005918        0xc CMakeFiles/pio_spi_loopback.dir/Users/andychen/pico/pico-sdk/src/rp2_common/pico_standard_link/binary_info.c.obj
 .rodata.__bi_75
                0x0000000010005924        0xc CMakeFiles/pio_spi_loopback.dir/Users/andychen/pico/pico-sdk/src/rp2_common/pico_standard_link/binary_info.c.obj
 .rodata.__bi_81
                0x0000000010005930        0xc CMakeFiles/pio_spi_loopback.dir/Users/andychen/pico/pico-sdk/src/rp2_common/pico_standard_link/binary_info.c.obj
 .rodata.crlf_str.3
                0x000000001000593c        0x2 CMakeFiles/pio_spi_loopback.dir/Users/andychen/pico/pico-sdk/src/rp2_common/pico_stdio/stdio.c.obj
 *fill*         0x000000001000593e        0x2 
 .rodata.str1.4
                0x0000000010005940       0x2c CMakeFiles/pio_spi_loopback.dir/Users/andychen/pico/pico-sdk/src/rp2_common/pico_stdio_uart/stdio_uart.c.obj
 .rodata.__bi_28.4
                0x000000001000596c        0xc CMakeFiles/pio_spi_loopback.dir/Users/andychen/pico/pico-sdk/src/rp2_common/pico_stdio_uart/stdio_uart.c.obj
 .rodata.__bi_29.5
                0x0000000010005978        0x8 CMakeFiles/pio_spi_loopback.dir/Users/andychen/pico/pico-sdk/src/rp2_common/pico_stdio_uart/stdio_uart.c.obj
 .rodata._pio_find_offset_for_program.str1.4
                0x0000000010005980       0x6c CMakeFiles/pio_spi_loopback.dir/Users/andychen/pico/pico-sdk/src/rp2_common/hardware_pio/pio.c.obj
 .rodata._pio_add_program_at_offset.str1.4
                0x00000000100059ec       0x11 CMakeFiles/pio_spi_loopback.dir/Users/andychen/pico/pico-sdk/src/rp2_common/hardware_pio/pio.c.obj
 *fill*         0x00000000100059fd        0x3 
 .rodata.__func__.1
                0x0000000010005a00       0x1d CMakeFiles/pio_spi_loopback.dir/Users/andychen/pico/pico-sdk/src/rp2_common/hardware_pio/pio.c.obj
                0x0000000010005a20                . = ALIGN (0x4)
 *fill*         0x0000000010005a1d        0x3 
 *(SORT_BY_ALIGNMENT(SORT_BY_NAME(.flashdata*)))
                0x0000000010005a20                . = ALIGN (0x4)

.rel.dyn        0x0000000010005a20        0x0
 .rel.iplt      0x0000000010005a20        0x0 /opt/homebrew/Cellar/arm-none-eabi-gcc/10.3-2021.07/gcc/bin/../lib/gcc/arm-none-eabi/10.3.1/thumb/v6-m/nofp/crtbegin.o

.ARM.extab
 *(.ARM.extab* .gnu.linkonce.armextab.*)
                0x0000000010005a20                __exidx_start = .

.ARM.exidx
 *(.ARM.exidx* .gnu.linkonce.armexidx.*)
                0x0000000010005a20                __exidx_end = .
                0x0000000010005a20                . = ALIGN (0x4)
                0x0000000010005a20                __binary_info_start = .

.binary_info    0x0000000010005a20       0x28
 *(.binary_info.keep.*)
 .binary_info.keep.__bi_ptr22
                0x0000000010005a20        0x4 CMakeFiles/pio_spi_loopback.dir/Users/andychen/pico/pico-sdk/src/rp2_common/pico_standard_link/binary_info.c.obj
 .binary_info.keep.__bi_ptr30
                0x0000000010005a24        0x4 CMakeFiles/pio_spi_loopback.dir/Users/andychen/pico/pico-sdk/src/rp2_common/pico_standard_link/binary_info.c.obj
 .binary_info.keep.__bi_ptr38
                0x0000000010005a28        0x4 CMakeFiles/pio_spi_loopback.dir/Users/andychen/pico/pico-sdk/src/rp2_common/pico_standard_link/binary_info.c.obj
 .binary_info.keep.__bi_ptr44
                0x0000000010005a2c        0x4 CMakeFiles/pio_spi_loopback.dir/Users/andychen/pico/pico-sdk/src/rp2_common/pico_standard_link/binary_info.c.obj
 .binary_info.keep.__bi_ptr50
                0x0000000010005a30        0x4 CMakeFiles/pio_spi_loopback.dir/Users/andychen/pico/pico-sdk/src/rp2_common/pico_standard_link/binary_info.c.obj
 .binary_info.keep.__bi_ptr69
                0x0000000010005a34        0x4 CMakeFiles/pio_spi_loopback.dir/Users/andychen/pico/pico-sdk/src/rp2_common/pico_standard_link/binary_info.c.obj
 .binary_info.keep.__bi_ptr75
                0x0000000010005a38        0x4 CMakeFiles/pio_spi_loopback.dir/Users/andychen/pico/pico-sdk/src/rp2_common/pico_standard_link/binary_info.c.obj
 .binary_info.keep.__bi_ptr81
                0x0000000010005a3c        0x4 CMakeFiles/pio_spi_loopback.dir/Users/andychen/pico/pico-sdk/src/rp2_common/pico_standard_link/binary_info.c.obj
 *(.binary_info.*)
 .binary_info.__bi_ptr28
                0x0000000010005a40        0x4 CMakeFiles/pio_spi_loopback.dir/Users/andychen/pico/pico-sdk/src/rp2_common/pico_stdio_uart/stdio_uart.c.obj
 .binary_info.__bi_ptr29
                0x0000000010005a44        0x4 CMakeFiles/pio_spi_loopback.dir/Users/andychen/pico/pico-sdk/src/rp2_common/pico_stdio_uart/stdio_uart.c.obj
                0x0000000010005a48                __binary_info_end = .
                0x0000000010005a48                . = ALIGN (0x4)
                0x0000000010005a48                __etext = .

.ram_vector_table
                0x0000000020000000       0xc0
 *(.ram_vector_table)
 .ram_vector_table
                0x0000000020000000       0xc0 CMakeFiles/pio_spi_loopback.dir/Users/andychen/pico/pico-sdk/src/rp2_common/pico_runtime/runtime.c.obj
                0x0000000020000000                ram_vector_table

.data           0x00000000200000c0      0x64c load address 0x0000000010005a48
                0x00000000200000c0                __data_start__ = .
 *(vtable)
 *(.time_critical*)
 .time_critical.pio_spi_write8_read8_blocking
                0x00000000200000c0       0x68 CMakeFiles/pio_spi_loopback.dir/pio_spi.c.obj
                0x00000000200000c0                pio_spi_write8_read8_blocking
 .time_critical.mutex_enter_blocking
                0x0000000020000128       0x48 CMakeFiles/pio_spi_loopback.dir/Users/andychen/pico/pico-sdk/src/common/pico_sync/mutex.c.obj
                0x0000000020000128                mutex_enter_blocking
 .time_critical.mutex_try_enter
                0x0000000020000170       0x46 CMakeFiles/pio_spi_loopback.dir/Users/andychen/pico/pico-sdk/src/common/pico_sync/mutex.c.obj
                0x0000000020000170                mutex_try_enter
 *fill*         0x00000000200001b6        0x2 
 .time_critical.mutex_exit
                0x00000000200001b8       0x4c CMakeFiles/pio_spi_loopback.dir/Users/andychen/pico/pico-sdk/src/common/pico_sync/mutex.c.obj
                0x00000000200001b8                mutex_exit
 *(.text*)
 .text          0x0000000020000204        0x4 /opt/homebrew/Cellar/arm-none-eabi-gcc/10.3-2021.07/gcc/bin/../lib/gcc/arm-none-eabi/10.3.1/thumb/v6-m/nofp/libgcc.a(_dvmd_tls.o)
                0x0000000020000204                __aeabi_ldiv0
                0x0000000020000204                __aeabi_idiv0
 .text.__stub   0x0000000020000208       0x10 linker stubs
                0x0000000020000218                . = ALIGN (0x4)
 *(.rodata*)
                0x0000000020000218                . = ALIGN (0x4)
 *(.data*)
 .data.striped_spin_lock_num
                0x0000000020000218        0x1 CMakeFiles/pio_spi_loopback.dir/Users/andychen/pico/pico-sdk/src/rp2_common/hardware_sync/sync.c.obj
 *fill*         0x0000000020000219        0x3 
 .data          0x000000002000021c       0x48 CMakeFiles/pio_spi_loopback.dir/Users/andychen/pico/pico-sdk/src/rp2_common/hardware_irq/irq_handler_chain.S.obj
                0x000000002000021c                irq_handler_chain_slots
                0x000000002000024c                irq_handler_chain_first_slot
                0x0000000020000256                irq_handler_chain_remove_tail
 .data.default_alarm_pool
                0x0000000020000264       0x18 CMakeFiles/pio_spi_loopback.dir/Users/andychen/pico/pico-sdk/src/common/pico_time/time.c.obj
 .data.default_alarm_pool_heap
                0x000000002000027c       0x10 CMakeFiles/pio_spi_loopback.dir/Users/andychen/pico/pico-sdk/src/common/pico_time/time.c.obj
 *fill*         0x000000002000028c        0x4 
 .data.aeabi_bits_funcs
                0x0000000020000290       0x10 CMakeFiles/pio_spi_loopback.dir/Users/andychen/pico/pico-sdk/src/rp2_common/pico_bit_ops/bit_ops_aeabi.S.obj
                0x0000000020000290                aeabi_bits_funcs
                0x00000000200002a0                aeabi_bits_funcs_end
 .data.aeabi_mem_funcs
                0x00000000200002a0       0x10 CMakeFiles/pio_spi_loopback.dir/Users/andychen/pico/pico-sdk/src/rp2_common/pico_mem_ops/mem_ops_aeabi.S.obj
                0x00000000200002a0                aeabi_mem_funcs
                0x00000000200002b0                aeabi_mem_funcs_end
 .data.stdio_uart
                0x00000000200002b0       0x14 CMakeFiles/pio_spi_loopback.dir/Users/andychen/pico/pico-sdk/src/rp2_common/pico_stdio_uart/stdio_uart.c.obj
                0x00000000200002b0                stdio_uart
 .data._impure_ptr
                0x00000000200002c4        0x4 /opt/homebrew/Cellar/arm-none-eabi-gcc/10.3-2021.07/gcc/bin/../lib/gcc/arm-none-eabi/10.3.1/../../../../arm-none-eabi/lib/thumb/v6-m/nofp/libg.a(lib_a-impure.o)
                0x00000000200002c4                _impure_ptr
 .data.impure_data
                0x00000000200002c8      0x428 /opt/homebrew/Cellar/arm-none-eabi-gcc/10.3-2021.07/gcc/bin/../lib/gcc/arm-none-eabi/10.3.1/../../../../arm-none-eabi/lib/thumb/v6-m/nofp/libg.a(lib_a-impure.o)
                0x00000000200006f0                . = ALIGN (0x4)
 *(.after_data.*)
                0x00000000200006f0                . = ALIGN (0x4)
                0x00000000200006f0                PROVIDE (__mutex_array_start = .)
 *(SORT_BY_NAME(.mutex_array.*))
 *(.mutex_array)
 .mutex_array   0x00000000200006f0        0x8 CMakeFiles/pio_spi_loopback.dir/Users/andychen/pico/pico-sdk/src/rp2_common/pico_stdio/stdio.c.obj
                0x00000000200006f8                PROVIDE (__mutex_array_end = .)
                0x00000000200006f8                . = ALIGN (0x4)
                0x00000000200006f8                PROVIDE (__preinit_array_start = .)
 *(SORT_BY_NAME(.preinit_array.*))
 .preinit_array.00001
                0x00000000200006f8        0x4 CMakeFiles/pio_spi_loopback.dir/Users/andychen/pico/pico-sdk/src/rp2_common/pico_mem_ops/mem_ops_aeabi.S.obj
 .preinit_array.00010
                0x00000000200006fc        0x4 CMakeFiles/pio_spi_loopback.dir/Users/andychen/pico/pico-sdk/src/rp2_common/pico_bit_ops/bit_ops_aeabi.S.obj
 .preinit_array.00020
                0x0000000020000700        0x4 CMakeFiles/pio_spi_loopback.dir/Users/andychen/pico/pico-sdk/src/rp2_common/pico_double/double_aeabi.S.obj
 .preinit_array.00020
                0x0000000020000704        0x4 CMakeFiles/pio_spi_loopback.dir/Users/andychen/pico/pico-sdk/src/rp2_common/pico_float/float_aeabi.S.obj
 *(.preinit_array)
                0x0000000020000708                PROVIDE (__preinit_array_end = .)
                0x0000000020000708                . = ALIGN (0x4)
                0x0000000020000708                PROVIDE (__init_array_start = .)
 *(SORT_BY_NAME(.init_array.*))
 *(.init_array)
 .init_array    0x0000000020000708        0x4 /opt/homebrew/Cellar/arm-none-eabi-gcc/10.3-2021.07/gcc/bin/../lib/gcc/arm-none-eabi/10.3.1/thumb/v6-m/nofp/crtbegin.o
                0x000000002000070c                PROVIDE (__init_array_end = .)
                0x000000002000070c                . = ALIGN (0x4)
                [!provide]                        PROVIDE (__fini_array_start = .)
 *(SORT_BY_NAME(.fini_array.*))
 *(.fini_array)
                [!provide]                        PROVIDE (__fini_array_end = .)
 *(.jcr)
                0x000000002000070c                . = ALIGN (0x4)
                0x000000002000070c                __data_end__ = .

.igot.plt       0x000000002000070c        0x0 load address 0x0000000010006094
 .igot.plt      0x000000002000070c        0x0 /opt/homebrew/Cellar/arm-none-eabi-gcc/10.3-2021.07/gcc/bin/../lib/gcc/arm-none-eabi/10.3.1/thumb/v6-m/nofp/crtbegin.o

.uninitialized_data
                0x000000002000070c        0x0 load address 0x0000000010006094
                0x000000002000070c                . = ALIGN (0x4)
 *(.uninitialized_data*)

.scratch_x      0x0000000020040000        0x0 load address 0x0000000010006094
                0x0000000020040000                __scratch_x_start__ = .
 *(.scratch_x.*)
                0x0000000020040000                . = ALIGN (0x4)
                0x0000000020040000                __scratch_x_end__ = .
                0x0000000010006094                __scratch_x_source__ = LOADADDR (.scratch_x)

.scratch_y      0x0000000020041000        0x0 load address 0x0000000010006094
                0x0000000020041000                __scratch_y_start__ = .
 *(.scratch_y.*)
                0x0000000020041000                . = ALIGN (0x4)
                0x0000000020041000                __scratch_y_end__ = .
                0x0000000010006094                __scratch_y_source__ = LOADADDR (.scratch_y)

.bss            0x0000000020000710      0x400
                0x0000000020000710                . = ALIGN (0x4)
                0x0000000020000710                __bss_start__ = .
 *(SORT_BY_ALIGNMENT(SORT_BY_NAME(.bss*)))
 .bss.default_alarm_pool_entries
                0x0000000020000710      0x100 CMakeFiles/pio_spi_loopback.dir/Users/andychen/pico/pico-sdk/src/common/pico_time/time.c.obj
 .bss           0x0000000020000810       0x1c /opt/homebrew/Cellar/arm-none-eabi-gcc/10.3-2021.07/gcc/bin/../lib/gcc/arm-none-eabi/10.3.1/thumb/v6-m/nofp/crtbegin.o
 .bss._used_instruction_space
                0x000000002000082c        0x8 CMakeFiles/pio_spi_loopback.dir/Users/andychen/pico/pico-sdk/src/rp2_common/hardware_pio/pio.c.obj
 .bss.alarm_callbacks
                0x0000000020000834       0x10 CMakeFiles/pio_spi_loopback.dir/Users/andychen/pico/pico-sdk/src/rp2_common/hardware_timer/timer.c.obj
 .bss.configured_freq
                0x0000000020000844       0x28 CMakeFiles/pio_spi_loopback.dir/Users/andychen/pico/pico-sdk/src/rp2_common/hardware_clocks/clocks.c.obj
 .bss.default_alarm_pool_entry_ids_high
                0x000000002000086c       0x10 CMakeFiles/pio_spi_loopback.dir/Users/andychen/pico/pico-sdk/src/common/pico_time/time.c.obj
 .bss.default_alarm_pool_heap_nodes
                0x000000002000087c       0x30 CMakeFiles/pio_spi_loopback.dir/Users/andychen/pico/pico-sdk/src/common/pico_time/time.c.obj
 .bss.drivers   0x00000000200008ac        0x4 CMakeFiles/pio_spi_loopback.dir/Users/andychen/pico/pico-sdk/src/rp2_common/pico_stdio/stdio.c.obj
 .bss.filter    0x00000000200008b0        0x4 CMakeFiles/pio_spi_loopback.dir/Users/andychen/pico/pico-sdk/src/rp2_common/pico_stdio/stdio.c.obj
 .bss.pools     0x00000000200008b4       0x10 CMakeFiles/pio_spi_loopback.dir/Users/andychen/pico/pico-sdk/src/common/pico_time/time.c.obj
 .bss.rxbuf.0   0x00000000200008c4       0x14 CMakeFiles/pio_spi_loopback.dir/spi_loopback.c.obj
 .bss.sd_table  0x00000000200008d8      0x100 CMakeFiles/pio_spi_loopback.dir/Users/andychen/pico/pico-sdk/src/rp2_common/pico_double/double_init_rom.c.obj
                0x00000000200008d8                sd_table
 .bss.sf_clz_func
                0x00000000200009d8        0x4 CMakeFiles/pio_spi_loopback.dir/Users/andychen/pico/pico-sdk/src/rp2_common/pico_double/double_init_rom.c.obj
                0x00000000200009d8                sf_clz_func
 .bss.sf_table  0x00000000200009dc      0x100 CMakeFiles/pio_spi_loopback.dir/Users/andychen/pico/pico-sdk/src/rp2_common/pico_float/float_init_rom.c.obj
                0x00000000200009dc                sf_table
 .bss.sleep_notifier
                0x0000000020000adc        0x4 CMakeFiles/pio_spi_loopback.dir/Users/andychen/pico/pico-sdk/src/common/pico_time/time.c.obj
 .bss.target_hi
                0x0000000020000ae0       0x10 CMakeFiles/pio_spi_loopback.dir/Users/andychen/pico/pico-sdk/src/rp2_common/hardware_timer/timer.c.obj
 .bss.txbuf.1   0x0000000020000af0       0x14 CMakeFiles/pio_spi_loopback.dir/spi_loopback.c.obj
 .bss.uart_char_to_line_feed
                0x0000000020000b04        0x4 CMakeFiles/pio_spi_loopback.dir/Users/andychen/pico/pico-sdk/src/rp2_common/hardware_uart/uart.c.obj
                0x0000000020000b04                uart_char_to_line_feed
 .bss.uart_instance
                0x0000000020000b08        0x4 CMakeFiles/pio_spi_loopback.dir/Users/andychen/pico/pico-sdk/src/rp2_common/pico_stdio_uart/stdio_uart.c.obj
 .bss.claimed   0x0000000020000b0c        0x1 CMakeFiles/pio_spi_loopback.dir/Users/andychen/pico/pico-sdk/src/rp2_common/hardware_timer/timer.c.obj
 .bss.irq_hander_chain_free_slot_head
                0x0000000020000b0d        0x1 CMakeFiles/pio_spi_loopback.dir/Users/andychen/pico/pico-sdk/src/rp2_common/hardware_irq/irq.c.obj
 .bss.timer_callbacks_pending
                0x0000000020000b0e        0x1 CMakeFiles/pio_spi_loopback.dir/Users/andychen/pico/pico-sdk/src/rp2_common/hardware_timer/timer.c.obj
 *(COMMON)
                0x0000000020000b10                . = ALIGN (0x4)
 *fill*         0x0000000020000b0f        0x1 
                0x0000000020000b10                __bss_end__ = .

.heap           0x0000000020000b10      0x800
                0x0000000020000b10                __end__ = .
                0x0000000020000b10                end = __end__
 *(.heap*)
 .heap          0x0000000020000b10      0x800 CMakeFiles/pio_spi_loopback.dir/Users/andychen/pico/pico-sdk/src/rp2_common/pico_standard_link/crt0.S.obj
                0x0000000020001310                __HeapLimit = .

.stack1_dummy   0x0000000020040000        0x0
 *(.stack1*)

.stack_dummy    0x0000000020041000      0x800
 *(.stack*)
 .stack         0x0000000020041000      0x800 CMakeFiles/pio_spi_loopback.dir/Users/andychen/pico/pico-sdk/src/rp2_common/pico_standard_link/crt0.S.obj

.flash_end      0x0000000010006094        0x0
                0x0000000010006094                __flash_binary_end = .
                0x0000000020040000                __StackLimit = (ORIGIN (RAM) + LENGTH (RAM))
                0x0000000020041000                __StackOneTop = (ORIGIN (SCRATCH_X) + LENGTH (SCRATCH_X))
                0x0000000020042000                __StackTop = (ORIGIN (SCRATCH_Y) + LENGTH (SCRATCH_Y))
                0x0000000020041000                __StackOneBottom = (__StackOneTop - SIZEOF (.stack1_dummy))
                0x0000000020041800                __StackBottom = (__StackTop - SIZEOF (.stack_dummy))
                0x0000000020042000                PROVIDE (__stack = __StackTop)
                0x0000000000000001                ASSERT ((__StackLimit >= __HeapLimit), region RAM overflowed)
                0x0000000000000001                ASSERT (((__binary_info_header_end - __logical_binary_start) <= 0x100), Binary info must be in first 256 bytes of the binary)
LOAD CMakeFiles/pio_spi_loopback.dir/spi_loopback.c.obj
LOAD CMakeFiles/pio_spi_loopback.dir/pio_spi.c.obj
LOAD CMakeFiles/pio_spi_loopback.dir/Users/andychen/pico/pico-sdk/src/rp2_common/pico_stdlib/stdlib.c.obj
LOAD CMakeFiles/pio_spi_loopback.dir/Users/andychen/pico/pico-sdk/src/rp2_common/hardware_gpio/gpio.c.obj
LOAD CMakeFiles/pio_spi_loopback.dir/Users/andychen/pico/pico-sdk/src/rp2_common/hardware_claim/claim.c.obj
LOAD CMakeFiles/pio_spi_loopback.dir/Users/andychen/pico/pico-sdk/src/rp2_common/pico_platform/platform.c.obj
LOAD CMakeFiles/pio_spi_loopback.dir/Users/andychen/pico/pico-sdk/src/rp2_common/hardware_sync/sync.c.obj
LOAD CMakeFiles/pio_spi_loopback.dir/Users/andychen/pico/pico-sdk/src/rp2_common/hardware_irq/irq.c.obj
LOAD CMakeFiles/pio_spi_loopback.dir/Users/andychen/pico/pico-sdk/src/rp2_common/hardware_irq/irq_handler_chain.S.obj
LOAD CMakeFiles/pio_spi_loopback.dir/Users/andychen/pico/pico-sdk/src/common/pico_sync/sem.c.obj
LOAD CMakeFiles/pio_spi_loopback.dir/Users/andychen/pico/pico-sdk/src/common/pico_sync/lock_core.c.obj
LOAD CMakeFiles/pio_spi_loopback.dir/Users/andychen/pico/pico-sdk/src/common/pico_time/time.c.obj
LOAD CMakeFiles/pio_spi_loopback.dir/Users/andychen/pico/pico-sdk/src/common/pico_time/timeout_helper.c.obj
LOAD CMakeFiles/pio_spi_loopback.dir/Users/andychen/pico/pico-sdk/src/rp2_common/hardware_timer/timer.c.obj
LOAD CMakeFiles/pio_spi_loopback.dir/Users/andychen/pico/pico-sdk/src/common/pico_util/datetime.c.obj
LOAD CMakeFiles/pio_spi_loopback.dir/Users/andychen/pico/pico-sdk/src/common/pico_util/pheap.c.obj
LOAD CMakeFiles/pio_spi_loopback.dir/Users/andychen/pico/pico-sdk/src/common/pico_util/queue.c.obj
LOAD CMakeFiles/pio_spi_loopback.dir/Users/andychen/pico/pico-sdk/src/common/pico_sync/mutex.c.obj
LOAD CMakeFiles/pio_spi_loopback.dir/Users/andychen/pico/pico-sdk/src/common/pico_sync/critical_section.c.obj
LOAD CMakeFiles/pio_spi_loopback.dir/Users/andychen/pico/pico-sdk/src/rp2_common/hardware_uart/uart.c.obj
LOAD CMakeFiles/pio_spi_loopback.dir/Users/andychen/pico/pico-sdk/src/rp2_common/hardware_divider/divider.S.obj
LOAD CMakeFiles/pio_spi_loopback.dir/Users/andychen/pico/pico-sdk/src/rp2_common/pico_runtime/runtime.c.obj
LOAD CMakeFiles/pio_spi_loopback.dir/Users/andychen/pico/pico-sdk/src/rp2_common/hardware_clocks/clocks.c.obj
LOAD CMakeFiles/pio_spi_loopback.dir/Users/andychen/pico/pico-sdk/src/rp2_common/hardware_pll/pll.c.obj
LOAD CMakeFiles/pio_spi_loopback.dir/Users/andychen/pico/pico-sdk/src/rp2_common/hardware_vreg/vreg.c.obj
LOAD CMakeFiles/pio_spi_loopback.dir/Users/andychen/pico/pico-sdk/src/rp2_common/hardware_watchdog/watchdog.c.obj
LOAD CMakeFiles/pio_spi_loopback.dir/Users/andychen/pico/pico-sdk/src/rp2_common/hardware_xosc/xosc.c.obj
LOAD CMakeFiles/pio_spi_loopback.dir/Users/andychen/pico/pico-sdk/src/rp2_common/pico_printf/printf.c.obj
LOAD CMakeFiles/pio_spi_loopback.dir/Users/andychen/pico/pico-sdk/src/rp2_common/pico_bit_ops/bit_ops_aeabi.S.obj
LOAD CMakeFiles/pio_spi_loopback.dir/Users/andychen/pico/pico-sdk/src/rp2_common/pico_bootrom/bootrom.c.obj
LOAD CMakeFiles/pio_spi_loopback.dir/Users/andychen/pico/pico-sdk/src/rp2_common/pico_divider/divider.S.obj
LOAD CMakeFiles/pio_spi_loopback.dir/Users/andychen/pico/pico-sdk/src/rp2_common/pico_double/double_aeabi.S.obj
LOAD CMakeFiles/pio_spi_loopback.dir/Users/andychen/pico/pico-sdk/src/rp2_common/pico_double/double_init_rom.c.obj
LOAD CMakeFiles/pio_spi_loopback.dir/Users/andychen/pico/pico-sdk/src/rp2_common/pico_double/double_math.c.obj
LOAD CMakeFiles/pio_spi_loopback.dir/Users/andychen/pico/pico-sdk/src/rp2_common/pico_double/double_v1_rom_shim.S.obj
LOAD CMakeFiles/pio_spi_loopback.dir/Users/andychen/pico/pico-sdk/src/rp2_common/pico_int64_ops/pico_int64_ops_aeabi.S.obj
LOAD CMakeFiles/pio_spi_loopback.dir/Users/andychen/pico/pico-sdk/src/rp2_common/pico_float/float_aeabi.S.obj
LOAD CMakeFiles/pio_spi_loopback.dir/Users/andychen/pico/pico-sdk/src/rp2_common/pico_float/float_init_rom.c.obj
LOAD CMakeFiles/pio_spi_loopback.dir/Users/andychen/pico/pico-sdk/src/rp2_common/pico_float/float_math.c.obj
LOAD CMakeFiles/pio_spi_loopback.dir/Users/andychen/pico/pico-sdk/src/rp2_common/pico_float/float_v1_rom_shim.S.obj
LOAD CMakeFiles/pio_spi_loopback.dir/Users/andychen/pico/pico-sdk/src/rp2_common/pico_malloc/pico_malloc.c.obj
LOAD CMakeFiles/pio_spi_loopback.dir/Users/andychen/pico/pico-sdk/src/rp2_common/pico_mem_ops/mem_ops_aeabi.S.obj
LOAD CMakeFiles/pio_spi_loopback.dir/Users/andychen/pico/pico-sdk/src/rp2_common/pico_standard_link/crt0.S.obj
LOAD CMakeFiles/pio_spi_loopback.dir/Users/andychen/pico/pico-sdk/src/rp2_common/pico_standard_link/new_delete.cpp.obj
LOAD CMakeFiles/pio_spi_loopback.dir/Users/andychen/pico/pico-sdk/src/rp2_common/pico_standard_link/binary_info.c.obj
LOAD CMakeFiles/pio_spi_loopback.dir/Users/andychen/pico/pico-sdk/src/rp2_common/pico_stdio/stdio.c.obj
LOAD CMakeFiles/pio_spi_loopback.dir/Users/andychen/pico/pico-sdk/src/rp2_common/pico_stdio_uart/stdio_uart.c.obj
LOAD CMakeFiles/pio_spi_loopback.dir/Users/andychen/pico/pico-sdk/src/rp2_common/hardware_pio/pio.c.obj
LOAD /var/folders/h8/31kwz4nj3wbct69bn1pb5k1c0000gn/T//cc7Q2bc7.o
LOAD /opt/homebrew/Cellar/arm-none-eabi-gcc/10.3-2021.07/gcc/bin/../lib/gcc/arm-none-eabi/10.3.1/../../../../arm-none-eabi/lib/thumb/v6-m/nofp/libstdc++.a
LOAD /opt/homebrew/Cellar/arm-none-eabi-gcc/10.3-2021.07/gcc/bin/../lib/gcc/arm-none-eabi/10.3.1/../../../../arm-none-eabi/lib/thumb/v6-m/nofp/libm.a
START GROUP
LOAD /opt/homebrew/Cellar/arm-none-eabi-gcc/10.3-2021.07/gcc/bin/../lib/gcc/arm-none-eabi/10.3.1/thumb/v6-m/nofp/libgcc.a
LOAD /opt/homebrew/Cellar/arm-none-eabi-gcc/10.3-2021.07/gcc/bin/../lib/gcc/arm-none-eabi/10.3.1/../../../../arm-none-eabi/lib/thumb/v6-m/nofp/libg.a
LOAD /opt/homebrew/Cellar/arm-none-eabi-gcc/10.3-2021.07/gcc/bin/../lib/gcc/arm-none-eabi/10.3.1/../../../../arm-none-eabi/lib/thumb/v6-m/nofp/libc.a
END GROUP
START GROUP
LOAD /opt/homebrew/Cellar/arm-none-eabi-gcc/10.3-2021.07/gcc/bin/../lib/gcc/arm-none-eabi/10.3.1/thumb/v6-m/nofp/libgcc.a
LOAD /opt/homebrew/Cellar/arm-none-eabi-gcc/10.3-2021.07/gcc/bin/../lib/gcc/arm-none-eabi/10.3.1/../../../../arm-none-eabi/lib/thumb/v6-m/nofp/libc.a
LOAD /opt/homebrew/Cellar/arm-none-eabi-gcc/10.3-2021.07/gcc/bin/../lib/gcc/arm-none-eabi/10.3.1/../../../../arm-none-eabi/lib/thumb/v6-m/nofp/libnosys.a
END GROUP
LOAD /opt/homebrew/Cellar/arm-none-eabi-gcc/10.3-2021.07/gcc/bin/../lib/gcc/arm-none-eabi/10.3.1/thumb/v6-m/nofp/crtend.o
LOAD /opt/homebrew/Cellar/arm-none-eabi-gcc/10.3-2021.07/gcc/bin/../lib/gcc/arm-none-eabi/10.3.1/thumb/v6-m/nofp/crtn.o
OUTPUT(pio_spi_loopback.elf elf32-littlearm)
LOAD linker stubs

.ARM.attributes
                0x0000000000000000       0x28
 .ARM.attributes
                0x0000000000000000       0x1e /opt/homebrew/Cellar/arm-none-eabi-gcc/10.3-2021.07/gcc/bin/../lib/gcc/arm-none-eabi/10.3.1/thumb/v6-m/nofp/crti.o
 .ARM.attributes
                0x000000000000001e       0x2c /opt/homebrew/Cellar/arm-none-eabi-gcc/10.3-2021.07/gcc/bin/../lib/gcc/arm-none-eabi/10.3.1/thumb/v6-m/nofp/crtbegin.o
 .ARM.attributes
                0x000000000000004a       0x2c CMakeFiles/pio_spi_loopback.dir/spi_loopback.c.obj
 .ARM.attributes
                0x0000000000000076       0x2c CMakeFiles/pio_spi_loopback.dir/pio_spi.c.obj
 .ARM.attributes
                0x00000000000000a2       0x2c CMakeFiles/pio_spi_loopback.dir/Users/andychen/pico/pico-sdk/src/rp2_common/hardware_gpio/gpio.c.obj
 .ARM.attributes
                0x00000000000000ce       0x2c CMakeFiles/pio_spi_loopback.dir/Users/andychen/pico/pico-sdk/src/rp2_common/hardware_claim/claim.c.obj
 .ARM.attributes
                0x00000000000000fa       0x2c CMakeFiles/pio_spi_loopback.dir/Users/andychen/pico/pico-sdk/src/rp2_common/pico_platform/platform.c.obj
 .ARM.attributes
                0x0000000000000126       0x2c CMakeFiles/pio_spi_loopback.dir/Users/andychen/pico/pico-sdk/src/rp2_common/hardware_sync/sync.c.obj
 .ARM.attributes
                0x0000000000000152       0x2c CMakeFiles/pio_spi_loopback.dir/Users/andychen/pico/pico-sdk/src/rp2_common/hardware_irq/irq.c.obj
 .ARM.attributes
                0x000000000000017e       0x22 CMakeFiles/pio_spi_loopback.dir/Users/andychen/pico/pico-sdk/src/rp2_common/hardware_irq/irq_handler_chain.S.obj
 .ARM.attributes
                0x00000000000001a0       0x2c CMakeFiles/pio_spi_loopback.dir/Users/andychen/pico/pico-sdk/src/common/pico_sync/lock_core.c.obj
 .ARM.attributes
                0x00000000000001cc       0x2c CMakeFiles/pio_spi_loopback.dir/Users/andychen/pico/pico-sdk/src/common/pico_time/time.c.obj
 .ARM.attributes
                0x00000000000001f8       0x2c CMakeFiles/pio_spi_loopback.dir/Users/andychen/pico/pico-sdk/src/rp2_common/hardware_timer/timer.c.obj
 .ARM.attributes
                0x0000000000000224       0x2c CMakeFiles/pio_spi_loopback.dir/Users/andychen/pico/pico-sdk/src/common/pico_util/pheap.c.obj
 .ARM.attributes
                0x0000000000000250       0x2c CMakeFiles/pio_spi_loopback.dir/Users/andychen/pico/pico-sdk/src/common/pico_sync/mutex.c.obj
 .ARM.attributes
                0x000000000000027c       0x2c CMakeFiles/pio_spi_loopback.dir/Users/andychen/pico/pico-sdk/src/rp2_common/hardware_uart/uart.c.obj
 .ARM.attributes
                0x00000000000002a8       0x2c CMakeFiles/pio_spi_loopback.dir/Users/andychen/pico/pico-sdk/src/rp2_common/pico_runtime/runtime.c.obj
 .ARM.attributes
                0x00000000000002d4       0x2c CMakeFiles/pio_spi_loopback.dir/Users/andychen/pico/pico-sdk/src/rp2_common/hardware_clocks/clocks.c.obj
 .ARM.attributes
                0x0000000000000300       0x2c CMakeFiles/pio_spi_loopback.dir/Users/andychen/pico/pico-sdk/src/rp2_common/hardware_pll/pll.c.obj
 .ARM.attributes
                0x000000000000032c       0x2c CMakeFiles/pio_spi_loopback.dir/Users/andychen/pico/pico-sdk/src/rp2_common/hardware_watchdog/watchdog.c.obj
 .ARM.attributes
                0x0000000000000358       0x2c CMakeFiles/pio_spi_loopback.dir/Users/andychen/pico/pico-sdk/src/rp2_common/hardware_xosc/xosc.c.obj
 .ARM.attributes
                0x0000000000000384       0x2c CMakeFiles/pio_spi_loopback.dir/Users/andychen/pico/pico-sdk/src/rp2_common/pico_printf/printf.c.obj
 .ARM.attributes
                0x00000000000003b0       0x22 CMakeFiles/pio_spi_loopback.dir/Users/andychen/pico/pico-sdk/src/rp2_common/pico_bit_ops/bit_ops_aeabi.S.obj
 .ARM.attributes
                0x00000000000003d2       0x2c CMakeFiles/pio_spi_loopback.dir/Users/andychen/pico/pico-sdk/src/rp2_common/pico_bootrom/bootrom.c.obj
 .ARM.attributes
                0x00000000000003fe       0x22 CMakeFiles/pio_spi_loopback.dir/Users/andychen/pico/pico-sdk/src/rp2_common/pico_divider/divider.S.obj
 .ARM.attributes
                0x0000000000000420       0x22 CMakeFiles/pio_spi_loopback.dir/Users/andychen/pico/pico-sdk/src/rp2_common/pico_double/double_aeabi.S.obj
 .ARM.attributes
                0x0000000000000442       0x2c CMakeFiles/pio_spi_loopback.dir/Users/andychen/pico/pico-sdk/src/rp2_common/pico_double/double_init_rom.c.obj
 .ARM.attributes
                0x000000000000046e       0x22 CMakeFiles/pio_spi_loopback.dir/Users/andychen/pico/pico-sdk/src/rp2_common/pico_double/double_v1_rom_shim.S.obj
 .ARM.attributes
                0x0000000000000490       0x22 CMakeFiles/pio_spi_loopback.dir/Users/andychen/pico/pico-sdk/src/rp2_common/pico_int64_ops/pico_int64_ops_aeabi.S.obj
 .ARM.attributes
                0x00000000000004b2       0x22 CMakeFiles/pio_spi_loopback.dir/Users/andychen/pico/pico-sdk/src/rp2_common/pico_float/float_aeabi.S.obj
 .ARM.attributes
                0x00000000000004d4       0x2c CMakeFiles/pio_spi_loopback.dir/Users/andychen/pico/pico-sdk/src/rp2_common/pico_float/float_init_rom.c.obj
 .ARM.attributes
                0x0000000000000500       0x22 CMakeFiles/pio_spi_loopback.dir/Users/andychen/pico/pico-sdk/src/rp2_common/pico_float/float_v1_rom_shim.S.obj
 .ARM.attributes
                0x0000000000000522       0x22 CMakeFiles/pio_spi_loopback.dir/Users/andychen/pico/pico-sdk/src/rp2_common/pico_mem_ops/mem_ops_aeabi.S.obj
 .ARM.attributes
                0x0000000000000544       0x22 CMakeFiles/pio_spi_loopback.dir/Users/andychen/pico/pico-sdk/src/rp2_common/pico_standard_link/crt0.S.obj
 .ARM.attributes
                0x0000000000000566       0x32 CMakeFiles/pio_spi_loopback.dir/Users/andychen/pico/pico-sdk/src/rp2_common/pico_standard_link/binary_info.c.obj
 .ARM.attributes
                0x0000000000000598       0x2c CMakeFiles/pio_spi_loopback.dir/Users/andychen/pico/pico-sdk/src/rp2_common/pico_stdio/stdio.c.obj
 .ARM.attributes
                0x00000000000005c4       0x2c CMakeFiles/pio_spi_loopback.dir/Users/andychen/pico/pico-sdk/src/rp2_common/pico_stdio_uart/stdio_uart.c.obj
 .ARM.attributes
                0x00000000000005f0       0x2c CMakeFiles/pio_spi_loopback.dir/Users/andychen/pico/pico-sdk/src/rp2_common/hardware_pio/pio.c.obj
 .ARM.attributes
                0x000000000000061c       0x22 /var/folders/h8/31kwz4nj3wbct69bn1pb5k1c0000gn/T//cc7Q2bc7.o
 .ARM.attributes
                0x000000000000063e       0x1e /opt/homebrew/Cellar/arm-none-eabi-gcc/10.3-2021.07/gcc/bin/../lib/gcc/arm-none-eabi/10.3.1/thumb/v6-m/nofp/libgcc.a(_dvmd_tls.o)
 .ARM.attributes
                0x000000000000065c       0x2c /opt/homebrew/Cellar/arm-none-eabi-gcc/10.3-2021.07/gcc/bin/../lib/gcc/arm-none-eabi/10.3.1/../../../../arm-none-eabi/lib/thumb/v6-m/nofp/libg.a(lib_a-impure.o)
 .ARM.attributes
                0x0000000000000688       0x2c /opt/homebrew/Cellar/arm-none-eabi-gcc/10.3-2021.07/gcc/bin/../lib/gcc/arm-none-eabi/10.3.1/../../../../arm-none-eabi/lib/thumb/v6-m/nofp/libg.a(lib_a-rand.o)
 .ARM.attributes
                0x00000000000006b4       0x2c /opt/homebrew/Cellar/arm-none-eabi-gcc/10.3-2021.07/gcc/bin/../lib/gcc/arm-none-eabi/10.3.1/../../../../arm-none-eabi/lib/thumb/v6-m/nofp/libg.a(lib_a-strlen-stub.o)

.comment        0x0000000000000000       0x49
 .comment       0x0000000000000000       0x49 CMakeFiles/pio_spi_loopback.dir/spi_loopback.c.obj
                                         0x4a (size before relaxing)
 .comment       0x0000000000000049       0x4a CMakeFiles/pio_spi_loopback.dir/pio_spi.c.obj
 .comment       0x0000000000000049       0x4a CMakeFiles/pio_spi_loopback.dir/Users/andychen/pico/pico-sdk/src/rp2_common/hardware_gpio/gpio.c.obj
 .comment       0x0000000000000049       0x4a CMakeFiles/pio_spi_loopback.dir/Users/andychen/pico/pico-sdk/src/rp2_common/hardware_claim/claim.c.obj
 .comment       0x0000000000000049       0x4a CMakeFiles/pio_spi_loopback.dir/Users/andychen/pico/pico-sdk/src/rp2_common/pico_platform/platform.c.obj
 .comment       0x0000000000000049       0x4a CMakeFiles/pio_spi_loopback.dir/Users/andychen/pico/pico-sdk/src/rp2_common/hardware_sync/sync.c.obj
 .comment       0x0000000000000049       0x4a CMakeFiles/pio_spi_loopback.dir/Users/andychen/pico/pico-sdk/src/rp2_common/hardware_irq/irq.c.obj
 .comment       0x0000000000000049       0x4a CMakeFiles/pio_spi_loopback.dir/Users/andychen/pico/pico-sdk/src/common/pico_sync/lock_core.c.obj
 .comment       0x0000000000000049       0x4a CMakeFiles/pio_spi_loopback.dir/Users/andychen/pico/pico-sdk/src/common/pico_time/time.c.obj
 .comment       0x0000000000000049       0x4a CMakeFiles/pio_spi_loopback.dir/Users/andychen/pico/pico-sdk/src/rp2_common/hardware_timer/timer.c.obj
 .comment       0x0000000000000049       0x4a CMakeFiles/pio_spi_loopback.dir/Users/andychen/pico/pico-sdk/src/common/pico_util/pheap.c.obj
 .comment       0x0000000000000049       0x4a CMakeFiles/pio_spi_loopback.dir/Users/andychen/pico/pico-sdk/src/common/pico_sync/mutex.c.obj
 .comment       0x0000000000000049       0x4a CMakeFiles/pio_spi_loopback.dir/Users/andychen/pico/pico-sdk/src/rp2_common/hardware_uart/uart.c.obj
 .comment       0x0000000000000049       0x4a CMakeFiles/pio_spi_loopback.dir/Users/andychen/pico/pico-sdk/src/rp2_common/pico_runtime/runtime.c.obj
 .comment       0x0000000000000049       0x4a CMakeFiles/pio_spi_loopback.dir/Users/andychen/pico/pico-sdk/src/rp2_common/hardware_clocks/clocks.c.obj
 .comment       0x0000000000000049       0x4a CMakeFiles/pio_spi_loopback.dir/Users/andychen/pico/pico-sdk/src/rp2_common/hardware_pll/pll.c.obj
 .comment       0x0000000000000049       0x4a CMakeFiles/pio_spi_loopback.dir/Users/andychen/pico/pico-sdk/src/rp2_common/hardware_watchdog/watchdog.c.obj
 .comment       0x0000000000000049       0x4a CMakeFiles/pio_spi_loopback.dir/Users/andychen/pico/pico-sdk/src/rp2_common/hardware_xosc/xosc.c.obj
 .comment       0x0000000000000049       0x4a CMakeFiles/pio_spi_loopback.dir/Users/andychen/pico/pico-sdk/src/rp2_common/pico_printf/printf.c.obj
 .comment       0x0000000000000049       0x4a CMakeFiles/pio_spi_loopback.dir/Users/andychen/pico/pico-sdk/src/rp2_common/pico_bootrom/bootrom.c.obj
 .comment       0x0000000000000049       0x4a CMakeFiles/pio_spi_loopback.dir/Users/andychen/pico/pico-sdk/src/rp2_common/pico_double/double_init_rom.c.obj
 .comment       0x0000000000000049       0x4a CMakeFiles/pio_spi_loopback.dir/Users/andychen/pico/pico-sdk/src/rp2_common/pico_float/float_init_rom.c.obj
 .comment       0x0000000000000049       0x4a CMakeFiles/pio_spi_loopback.dir/Users/andychen/pico/pico-sdk/src/rp2_common/pico_standard_link/binary_info.c.obj
 .comment       0x0000000000000049       0x4a CMakeFiles/pio_spi_loopback.dir/Users/andychen/pico/pico-sdk/src/rp2_common/pico_stdio/stdio.c.obj
 .comment       0x0000000000000049       0x4a CMakeFiles/pio_spi_loopback.dir/Users/andychen/pico/pico-sdk/src/rp2_common/pico_stdio_uart/stdio_uart.c.obj
 .comment       0x0000000000000049       0x4a CMakeFiles/pio_spi_loopback.dir/Users/andychen/pico/pico-sdk/src/rp2_common/hardware_pio/pio.c.obj

.debug_info     0x0000000000000000    0x178ad
 .debug_info    0x0000000000000000     0x1677 CMakeFiles/pio_spi_loopback.dir/spi_loopback.c.obj
 .debug_info    0x0000000000001677      0x87e CMakeFiles/pio_spi_loopback.dir/pio_spi.c.obj
 .debug_info    0x0000000000001ef5     0x16d7 CMakeFiles/pio_spi_loopback.dir/Users/andychen/pico/pico-sdk/src/rp2_common/hardware_gpio/gpio.c.obj
 .debug_info    0x00000000000035cc      0x6bb CMakeFiles/pio_spi_loopback.dir/Users/andychen/pico/pico-sdk/src/rp2_common/hardware_claim/claim.c.obj
 .debug_info    0x0000000000003c87      0x1e3 CMakeFiles/pio_spi_loopback.dir/Users/andychen/pico/pico-sdk/src/rp2_common/pico_platform/platform.c.obj
 .debug_info    0x0000000000003e6a      0x58e CMakeFiles/pio_spi_loopback.dir/Users/andychen/pico/pico-sdk/src/rp2_common/hardware_sync/sync.c.obj
 .debug_info    0x00000000000043f8     0x1c49 CMakeFiles/pio_spi_loopback.dir/Users/andychen/pico/pico-sdk/src/rp2_common/hardware_irq/irq.c.obj
 .debug_info    0x0000000000006041      0x1a4 CMakeFiles/pio_spi_loopback.dir/Users/andychen/pico/pico-sdk/src/common/pico_sync/lock_core.c.obj
 .debug_info    0x00000000000061e5     0x3b3b CMakeFiles/pio_spi_loopback.dir/Users/andychen/pico/pico-sdk/src/common/pico_time/time.c.obj
 .debug_info    0x0000000000009d20     0x1134 CMakeFiles/pio_spi_loopback.dir/Users/andychen/pico/pico-sdk/src/rp2_common/hardware_timer/timer.c.obj
 .debug_info    0x000000000000ae54     0x120c CMakeFiles/pio_spi_loopback.dir/Users/andychen/pico/pico-sdk/src/common/pico_util/pheap.c.obj
 .debug_info    0x000000000000c060     0x2022 CMakeFiles/pio_spi_loopback.dir/Users/andychen/pico/pico-sdk/src/common/pico_sync/mutex.c.obj
 .debug_info    0x000000000000e082      0xb65 CMakeFiles/pio_spi_loopback.dir/Users/andychen/pico/pico-sdk/src/rp2_common/hardware_uart/uart.c.obj
 .debug_info    0x000000000000ebe7      0xa87 CMakeFiles/pio_spi_loopback.dir/Users/andychen/pico/pico-sdk/src/rp2_common/pico_runtime/runtime.c.obj
 .debug_info    0x000000000000f66e      0xf63 CMakeFiles/pio_spi_loopback.dir/Users/andychen/pico/pico-sdk/src/rp2_common/hardware_clocks/clocks.c.obj
 .debug_info    0x00000000000105d1      0x54a CMakeFiles/pio_spi_loopback.dir/Users/andychen/pico/pico-sdk/src/rp2_common/hardware_pll/pll.c.obj
 .debug_info    0x0000000000010b1b      0x4ee CMakeFiles/pio_spi_loopback.dir/Users/andychen/pico/pico-sdk/src/rp2_common/hardware_watchdog/watchdog.c.obj
 .debug_info    0x0000000000011009      0x1d8 CMakeFiles/pio_spi_loopback.dir/Users/andychen/pico/pico-sdk/src/rp2_common/hardware_xosc/xosc.c.obj
 .debug_info    0x00000000000111e1     0x1a5f CMakeFiles/pio_spi_loopback.dir/Users/andychen/pico/pico-sdk/src/rp2_common/pico_printf/printf.c.obj
 .debug_info    0x0000000000012c40       0x22 CMakeFiles/pio_spi_loopback.dir/Users/andychen/pico/pico-sdk/src/rp2_common/pico_bit_ops/bit_ops_aeabi.S.obj
 .debug_info    0x0000000000012c62      0x27c CMakeFiles/pio_spi_loopback.dir/Users/andychen/pico/pico-sdk/src/rp2_common/pico_bootrom/bootrom.c.obj
 .debug_info    0x0000000000012ede       0x22 CMakeFiles/pio_spi_loopback.dir/Users/andychen/pico/pico-sdk/src/rp2_common/pico_divider/divider.S.obj
 .debug_info    0x0000000000012f00       0x22 CMakeFiles/pio_spi_loopback.dir/Users/andychen/pico/pico-sdk/src/rp2_common/pico_double/double_aeabi.S.obj
 .debug_info    0x0000000000012f22      0x2d1 CMakeFiles/pio_spi_loopback.dir/Users/andychen/pico/pico-sdk/src/rp2_common/pico_double/double_init_rom.c.obj
 .debug_info    0x00000000000131f3       0x22 CMakeFiles/pio_spi_loopback.dir/Users/andychen/pico/pico-sdk/src/rp2_common/pico_double/double_v1_rom_shim.S.obj
 .debug_info    0x0000000000013215       0x26 CMakeFiles/pio_spi_loopback.dir/Users/andychen/pico/pico-sdk/src/rp2_common/pico_int64_ops/pico_int64_ops_aeabi.S.obj
 .debug_info    0x000000000001323b       0x22 CMakeFiles/pio_spi_loopback.dir/Users/andychen/pico/pico-sdk/src/rp2_common/pico_float/float_aeabi.S.obj
 .debug_info    0x000000000001325d      0x2eb CMakeFiles/pio_spi_loopback.dir/Users/andychen/pico/pico-sdk/src/rp2_common/pico_float/float_init_rom.c.obj
 .debug_info    0x0000000000013548       0x22 CMakeFiles/pio_spi_loopback.dir/Users/andychen/pico/pico-sdk/src/rp2_common/pico_float/float_v1_rom_shim.S.obj
 .debug_info    0x000000000001356a       0x22 CMakeFiles/pio_spi_loopback.dir/Users/andychen/pico/pico-sdk/src/rp2_common/pico_mem_ops/mem_ops_aeabi.S.obj
 .debug_info    0x000000000001358c       0x22 CMakeFiles/pio_spi_loopback.dir/Users/andychen/pico/pico-sdk/src/rp2_common/pico_standard_link/crt0.S.obj
 .debug_info    0x00000000000135ae      0x327 CMakeFiles/pio_spi_loopback.dir/Users/andychen/pico/pico-sdk/src/rp2_common/pico_standard_link/binary_info.c.obj
 .debug_info    0x00000000000138d5     0x12ee CMakeFiles/pio_spi_loopback.dir/Users/andychen/pico/pico-sdk/src/rp2_common/pico_stdio/stdio.c.obj