Archive member included to satisfy reference by file (symbol)

/opt/homebrew/Cellar/arm-none-eabi-gcc/10.3-2021.07/gcc/bin/../lib/gcc/arm-none-eabi/10.3.1/thumb/v6-m/nofp/libgcc.a(_dvmd_tls.o)
                              CMakeFiles/tinyusb_host_hid_controller.dir/Users/andychen/pico/pico-sdk/src/rp2_common/pico_divider/divider.S.obj (__aeabi_idiv0)
/opt/homebrew/Cellar/arm-none-eabi-gcc/10.3-2021.07/gcc/bin/../lib/gcc/arm-none-eabi/10.3.1/../../../../arm-none-eabi/lib/thumb/v6-m/nofp/libg.a(lib_a-calloc.o)
                              CMakeFiles/tinyusb_host_hid_controller.dir/Users/andychen/pico/pico-sdk/src/rp2_common/pico_malloc/pico_malloc.c.obj (calloc)
/opt/homebrew/Cellar/arm-none-eabi-gcc/10.3-2021.07/gcc/bin/../lib/gcc/arm-none-eabi/10.3.1/../../../../arm-none-eabi/lib/thumb/v6-m/nofp/libg.a(lib_a-callocr.o)
                              /opt/homebrew/Cellar/arm-none-eabi-gcc/10.3-2021.07/gcc/bin/../lib/gcc/arm-none-eabi/10.3.1/../../../../arm-none-eabi/lib/thumb/v6-m/nofp/libg.a(lib_a-calloc.o) (_calloc_r)
/opt/homebrew/Cellar/arm-none-eabi-gcc/10.3-2021.07/gcc/bin/../lib/gcc/arm-none-eabi/10.3.1/../../../../arm-none-eabi/lib/thumb/v6-m/nofp/libg.a(lib_a-ctype_.o)
                              CMakeFiles/tinyusb_host_hid_controller.dir/Users/andychen/pico/pico-sdk/lib/tinyusb/src/tusb.c.obj (_ctype_)
/opt/homebrew/Cellar/arm-none-eabi-gcc/10.3-2021.07/gcc/bin/../lib/gcc/arm-none-eabi/10.3.1/../../../../arm-none-eabi/lib/thumb/v6-m/nofp/libg.a(lib_a-errno.o)
                              /opt/homebrew/Cellar/arm-none-eabi-gcc/10.3-2021.07/gcc/bin/../lib/gcc/arm-none-eabi/10.3.1/../../../../arm-none-eabi/lib/thumb/v6-m/nofp/libg.a(lib_a-callocr.o) (__errno)
/opt/homebrew/Cellar/arm-none-eabi-gcc/10.3-2021.07/gcc/bin/../lib/gcc/arm-none-eabi/10.3.1/../../../../arm-none-eabi/lib/thumb/v6-m/nofp/libg.a(lib_a-impure.o)
                              /opt/homebrew/Cellar/arm-none-eabi-gcc/10.3-2021.07/gcc/bin/../lib/gcc/arm-none-eabi/10.3.1/../../../../arm-none-eabi/lib/thumb/v6-m/nofp/libg.a(lib_a-calloc.o) (_impure_ptr)
/opt/homebrew/Cellar/arm-none-eabi-gcc/10.3-2021.07/gcc/bin/../lib/gcc/arm-none-eabi/10.3.1/../../../../arm-none-eabi/lib/thumb/v6-m/nofp/libg.a(lib_a-init.o)
                              /opt/homebrew/Cellar/arm-none-eabi-gcc/10.3-2021.07/gcc/bin/../lib/gcc/arm-none-eabi/10.3.1/../../../../arm-none-eabi/lib/thumb/v6-m/nofp/crt0.o (__libc_init_array)
/opt/homebrew/Cellar/arm-none-eabi-gcc/10.3-2021.07/gcc/bin/../lib/gcc/arm-none-eabi/10.3.1/../../../../arm-none-eabi/lib/thumb/v6-m/nofp/libg.a(lib_a-malloc.o)
                              CMakeFiles/tinyusb_host_hid_controller.dir/Users/andychen/pico/pico-sdk/src/rp2_common/pico_malloc/pico_malloc.c.obj (malloc)
/opt/homebrew/Cellar/arm-none-eabi-gcc/10.3-2021.07/gcc/bin/../lib/gcc/arm-none-eabi/10.3.1/../../../../arm-none-eabi/lib/thumb/v6-m/nofp/libg.a(lib_a-mallocr.o)
                              /opt/homebrew/Cellar/arm-none-eabi-gcc/10.3-2021.07/gcc/bin/../lib/gcc/arm-none-eabi/10.3.1/../../../../arm-none-eabi/lib/thumb/v6-m/nofp/libg.a(lib_a-callocr.o) (_malloc_r)
/opt/homebrew/Cellar/arm-none-eabi-gcc/10.3-2021.07/gcc/bin/../lib/gcc/arm-none-eabi/10.3.1/../../../../arm-none-eabi/lib/thumb/v6-m/nofp/libg.a(lib_a-memcmp.o)
                              CMakeFiles/tinyusb_host_hid_controller.dir/src/hid_app.c.obj (memcmp)
/opt/homebrew/Cellar/arm-none-eabi-gcc/10.3-2021.07/gcc/bin/../lib/gcc/arm-none-eabi/10.3.1/../../../../arm-none-eabi/lib/thumb/v6-m/nofp/libg.a(lib_a-mlock.o)
                              /opt/homebrew/Cellar/arm-none-eabi-gcc/10.3-2021.07/gcc/bin/../lib/gcc/arm-none-eabi/10.3.1/../../../../arm-none-eabi/lib/thumb/v6-m/nofp/libg.a(lib_a-mallocr.o) (__malloc_lock)
/opt/homebrew/Cellar/arm-none-eabi-gcc/10.3-2021.07/gcc/bin/../lib/gcc/arm-none-eabi/10.3.1/../../../../arm-none-eabi/lib/thumb/v6-m/nofp/libg.a(lib_a-realloc.o)
                              CMakeFiles/tinyusb_host_hid_controller.dir/Users/andychen/pico/pico-sdk/src/rp2_common/pico_malloc/pico_malloc.c.obj (realloc)
/opt/homebrew/Cellar/arm-none-eabi-gcc/10.3-2021.07/gcc/bin/../lib/gcc/arm-none-eabi/10.3.1/../../../../arm-none-eabi/lib/thumb/v6-m/nofp/libg.a(lib_a-reallocr.o)
                              /opt/homebrew/Cellar/arm-none-eabi-gcc/10.3-2021.07/gcc/bin/../lib/gcc/arm-none-eabi/10.3.1/../../../../arm-none-eabi/lib/thumb/v6-m/nofp/libg.a(lib_a-realloc.o) (_realloc_r)
/opt/homebrew/Cellar/arm-none-eabi-gcc/10.3-2021.07/gcc/bin/../lib/gcc/arm-none-eabi/10.3.1/../../../../arm-none-eabi/lib/thumb/v6-m/nofp/libg.a(lib_a-sbrkr.o)
                              /opt/homebrew/Cellar/arm-none-eabi-gcc/10.3-2021.07/gcc/bin/../lib/gcc/arm-none-eabi/10.3.1/../../../../arm-none-eabi/lib/thumb/v6-m/nofp/libg.a(lib_a-mallocr.o) (_sbrk_r)
/opt/homebrew/Cellar/arm-none-eabi-gcc/10.3-2021.07/gcc/bin/../lib/gcc/arm-none-eabi/10.3.1/../../../../arm-none-eabi/lib/thumb/v6-m/nofp/libg.a(lib_a-strlen-stub.o)
[...]
Memory Configuration

Name             Origin             Length             Attributes
FLASH            0x0000000010000000 0x0000000000200000 xr
RAM              0x0000000020000000 0x0000000000040000 xrw
SCRATCH_X        0x0000000020040000 0x0000000000001000 xrw
SCRATCH_Y        0x0000000020041000 0x0000000000001000 xrw
*default*        0x0000000000000000 0xffffffffffffffff

Linker script and memory map

LOAD /opt/homebrew/Cellar/arm-none-eabi-gcc/10.3-2021.07/gcc/bin/../lib/gcc/arm-none-eabi/10.3.1/thumb/v6-m/nofp/crti.o
LOAD /opt/homebrew/Cellar/arm-none-eabi-gcc/10.3-2021.07/gcc/bin/../lib/gcc/arm-none-eabi/10.3.1/thumb/v6-m/nofp/crtbegin.o
LOAD /opt/homebrew/Cellar/arm-none-eabi-gcc/10.3-2021.07/gcc/bin/../lib/gcc/arm-none-eabi/10.3.1/../../../../arm-none-eabi/lib/thumb/v6-m/nofp/crt0.o

.flash_begin    0x0000000010000000        0x0
                0x0000000010000000                __flash_binary_start = .

.boot2          0x0000000010000000      0x100
                0x0000000010000000                __boot2_start__ = .
 *(.boot2)
 .boot2         0x0000000010000000      0x100 /var/folders/h8/31kwz4nj3wbct69bn1pb5k1c0000gn/T//cczWTywy.o
                0x0000000010000100                __boot2_end__ = .
                0x0000000000000001                ASSERT (((__boot2_end__ - __boot2_start__) == 0x100), ERROR: Pico second stage bootloader must be 256 bytes in size)

.text           0x0000000010000100     0x6a00
                0x0000000010000100                __logical_binary_start = .
 *(.vectors)
 .vectors       0x0000000010000100       0xd4 CMakeFiles/tinyusb_host_hid_controller.dir/Users/andychen/pico/pico-sdk/src/rp2_common/pico_standard_link/crt0.S.obj
                0x0000000010000100                __VECTOR_TABLE
                0x0000000010000100                __vectors
                0x00000000100001c0                __default_isrs_start
                0x00000000100001c0                isr_invalid
                0x00000000100001c2                isr_nmi
                0x00000000100001c4                isr_hardfault
                0x00000000100001c6                isr_svcall
                0x00000000100001c8                isr_pendsv
                0x00000000100001ca                isr_systick
                0x00000000100001cc                isr_irq28
                0x00000000100001cc                isr_irq19
                0x00000000100001cc                isr_irq0
                0x00000000100001cc                isr_irq6
                0x00000000100001cc                isr_irq22
                0x00000000100001cc                isr_irq17
                0x00000000100001cc                isr_irq14
                0x00000000100001cc                isr_irq2
                0x00000000100001cc                isr_irq10
                0x00000000100001cc                isr_irq8
                0x00000000100001cc                isr_irq24
                0x00000000100001cc                isr_irq1
                0x00000000100001cc                isr_irq7
                0x00000000100001cc                isr_irq21
                0x00000000100001cc                isr_irq20
                0x00000000100001cc                isr_irq15
                0x00000000100001cc                isr_irq25
                0x00000000100001cc                isr_irq4
                0x00000000100001cc                isr_irq16
                0x00000000100001cc                isr_irq29
                0x00000000100001cc                isr_irq26
                0x00000000100001cc                __default_isrs_end
                0x00000000100001cc                isr_irq3
                0x00000000100001cc                isr_irq9
                0x00000000100001cc                __unhandled_user_irq
                0x00000000100001cc                isr_irq13
                0x00000000100001cc                isr_irq27
                0x00000000100001cc                isr_irq31
                0x00000000100001cc                isr_irq5
                0x00000000100001cc                isr_irq11
                0x00000000100001cc                isr_irq23
                0x00000000100001cc                isr_irq18
                0x00000000100001cc                isr_irq30
                0x00000000100001cc                isr_irq12
                0x00000000100001d2                unhandled_user_irq_num_in_r0
 *(.binary_info_header)
 .binary_info_header
                0x00000000100001d4       0x14 CMakeFiles/tinyusb_host_hid_controller.dir/Users/andychen/pico/pico-sdk/src/rp2_common/pico_standard_link/crt0.S.obj
                0x00000000100001e8                __binary_info_header_end = .
 *(.reset)
 .reset         0x00000000100001e8       0xa8 CMakeFiles/tinyusb_host_hid_controller.dir/Users/andychen/pico/pico-sdk/src/rp2_common/pico_standard_link/crt0.S.obj
                0x00000000100001e8                _entry_point
                0x0000000010000266                __get_current_exception
 .reset         0x0000000010000290       0x30 CMakeFiles/tinyusb_host_hid_controller.dir/Users/andychen/pico/pico-sdk/src/rp2_common/pico_standard_link/binary_info.c.obj
 *(.init)
 .init          0x00000000100002c0        0x4 /opt/homebrew/Cellar/arm-none-eabi-gcc/10.3-2021.07/gcc/bin/../lib/gcc/arm-none-eabi/10.3.1/thumb/v6-m/nofp/crti.o
                0x00000000100002c0                _init
 *(EXCLUDE_FILE(*libm.a: *libc.a:*lib_a-mem*.o *libgcc.a:) .text*)
 .text          0x00000000100002c4       0x48 /opt/homebrew/Cellar/arm-none-eabi-gcc/10.3-2021.07/gcc/bin/../lib/gcc/arm-none-eabi/10.3.1/thumb/v6-m/nofp/crtbegin.o
 .text.hid_app_task
                0x000000001000030c        0x2 CMakeFiles/tinyusb_host_hid_controller.dir/src/hid_app.c.obj
                0x000000001000030c                hid_app_task
 *fill*         0x000000001000030e        0x2 
 .text.tuh_hid_mount_cb
                0x0000000010000310       0xdc CMakeFiles/tinyusb_host_hid_controller.dir/src/hid_app.c.obj
                0x0000000010000310                tuh_hid_mount_cb
 .text.tuh_hid_umount_cb
                0x00000000100003ec       0x14 CMakeFiles/tinyusb_host_hid_controller.dir/src/hid_app.c.obj
                0x00000000100003ec                tuh_hid_umount_cb
 .text.diff_than_2
                0x0000000010000400       0x18 CMakeFiles/tinyusb_host_hid_controller.dir/src/hid_app.c.obj
                0x0000000010000400                diff_than_2
 .text.diff_report
                0x0000000010000418       0x5c CMakeFiles/tinyusb_host_hid_controller.dir/src/hid_app.c.obj
                0x0000000010000418                diff_report
 .text.process_sony_ds4
                0x0000000010000474      0x1b0 CMakeFiles/tinyusb_host_hid_controller.dir/src/hid_app.c.obj
                0x0000000010000474                process_sony_ds4
 .text.tuh_hid_report_received_cb
                0x0000000010000624       0xc0 CMakeFiles/tinyusb_host_hid_controller.dir/src/hid_app.c.obj
                0x0000000010000624                tuh_hid_report_received_cb
 .text.led_blinking_task
                0x00000000100006e4       0x6c CMakeFiles/tinyusb_host_hid_controller.dir/src/main.c.obj
                0x00000000100006e4                led_blinking_task
 .text.main     0x0000000010000750       0x2c CMakeFiles/tinyusb_host_hid_controller.dir/src/main.c.obj
                0x0000000010000750                main
 .text.gpio_set_function
                0x000000001000077c       0x30 CMakeFiles/tinyusb_host_hid_controller.dir/Users/andychen/pico/pico-sdk/src/rp2_common/hardware_gpio/gpio.c.obj
                0x000000001000077c                gpio_set_function
 .text.gpio_init
                0x00000000100007ac       0x16 CMakeFiles/tinyusb_host_hid_controller.dir/Users/andychen/pico/pico-sdk/src/rp2_common/hardware_gpio/gpio.c.obj
                0x00000000100007ac                gpio_init
 *fill*         0x00000000100007c2        0x2 
 .text.hw_claim_lock
                0x00000000100007c4       0x18 CMakeFiles/tinyusb_host_hid_controller.dir/Users/andychen/pico/pico-sdk/src/rp2_common/hardware_claim/claim.c.obj
                0x00000000100007c4                hw_claim_lock
 .text.hw_claim_unlock
                0x00000000100007dc       0x14 CMakeFiles/tinyusb_host_hid_controller.dir/Users/andychen/pico/pico-sdk/src/rp2_common/hardware_claim/claim.c.obj
                0x00000000100007dc                hw_claim_unlock
 .text.hw_claim_or_assert
                0x00000000100007f0       0x32 CMakeFiles/tinyusb_host_hid_controller.dir/Users/andychen/pico/pico-sdk/src/rp2_common/hardware_claim/claim.c.obj
                0x00000000100007f0                hw_claim_or_assert
 .text.hw_claim_unused_from_range
                0x0000000010000822       0x50 CMakeFiles/tinyusb_host_hid_controller.dir/Users/andychen/pico/pico-sdk/src/rp2_common/hardware_claim/claim.c.obj
                0x0000000010000822                hw_claim_unused_from_range
 *fill*         0x0000000010000872        0x2 
 .text.running_on_fpga
                0x0000000010000874       0x14 CMakeFiles/tinyusb_host_hid_controller.dir/Users/andychen/pico/pico-sdk/src/rp2_common/pico_platform/platform.c.obj
                0x0000000010000874                running_on_fpga
 .text.spin_locks_reset
                0x0000000010000888       0x20 CMakeFiles/tinyusb_host_hid_controller.dir/Users/andychen/pico/pico-sdk/src/rp2_common/hardware_sync/sync.c.obj
                0x0000000010000888                spin_locks_reset
 .text.next_striped_spin_lock_num
                0x00000000100008a8       0x1c CMakeFiles/tinyusb_host_hid_controller.dir/Users/andychen/pico/pico-sdk/src/rp2_common/hardware_sync/sync.c.obj
                0x00000000100008a8                next_striped_spin_lock_num
 .text.spin_lock_claim_unused
                0x00000000100008c4       0x20 CMakeFiles/tinyusb_host_hid_controller.dir/Users/andychen/pico/pico-sdk/src/rp2_common/hardware_sync/sync.c.obj
                0x00000000100008c4                spin_lock_claim_unused
 .text.set_raw_irq_handler_and_unlock
                0x00000000100008e4       0x28 CMakeFiles/tinyusb_host_hid_controller.dir/Users/andychen/pico/pico-sdk/src/rp2_common/hardware_irq/irq.c.obj
 .text.make_branch
                0x000000001000090c       0x48 CMakeFiles/tinyusb_host_hid_controller.dir/Users/andychen/pico/pico-sdk/src/rp2_common/hardware_irq/irq.c.obj
 .text.insert_branch_and_link
                0x0000000010000954       0x40 CMakeFiles/tinyusb_host_hid_controller.dir/Users/andychen/pico/pico-sdk/src/rp2_common/hardware_irq/irq.c.obj
 .text.irq_is_enabled
                0x0000000010000994       0x18 CMakeFiles/tinyusb_host_hid_controller.dir/Users/andychen/pico/pico-sdk/src/rp2_common/hardware_irq/irq.c.obj
                0x0000000010000994                irq_is_enabled
 .text.irq_set_mask_enabled
                0x00000000100009ac       0x20 CMakeFiles/tinyusb_host_hid_controller.dir/Users/andychen/pico/pico-sdk/src/rp2_common/hardware_irq/irq.c.obj
                0x00000000100009ac                irq_set_mask_enabled
 .text.irq_set_enabled
                0x00000000100009cc        0xe CMakeFiles/tinyusb_host_hid_controller.dir/Users/andychen/pico/pico-sdk/src/rp2_common/hardware_irq/irq.c.obj
                0x00000000100009cc                irq_set_enabled
 *fill*         0x00000000100009da        0x2 
 .text.irq_get_vtable_handler
                0x00000000100009dc       0x10 CMakeFiles/tinyusb_host_hid_controller.dir/Users/andychen/pico/pico-sdk/src/rp2_common/hardware_irq/irq.c.obj
                0x00000000100009dc                irq_get_vtable_handler
 .text.irq_set_exclusive_handler
                0x00000000100009ec       0x54 CMakeFiles/tinyusb_host_hid_controller.dir/Users/andychen/pico/pico-sdk/src/rp2_common/hardware_irq/irq.c.obj
                0x00000000100009ec                irq_set_exclusive_handler
 .text.irq_remove_handler
                0x0000000010000a40      0x1a8 CMakeFiles/tinyusb_host_hid_controller.dir/Users/andychen/pico/pico-sdk/src/rp2_common/hardware_irq/irq.c.obj
                0x0000000010000a40                irq_remove_handler
 .text.irq_add_tail_to_free_list
                0x0000000010000be8       0xf0 CMakeFiles/tinyusb_host_hid_controller.dir/Users/andychen/pico/pico-sdk/src/rp2_common/hardware_irq/irq.c.obj
                0x0000000010000be8                irq_add_tail_to_free_list
 .text.irq_init_priorities
                0x0000000010000cd8       0x1c CMakeFiles/tinyusb_host_hid_controller.dir/Users/andychen/pico/pico-sdk/src/rp2_common/hardware_irq/irq.c.obj
                0x0000000010000cd8                irq_init_priorities
 .text.lock_init
                0x0000000010000cf4       0x10 CMakeFiles/tinyusb_host_hid_controller.dir/Users/andychen/pico/pico-sdk/src/common/pico_sync/lock_core.c.obj
                0x0000000010000cf4                lock_init
 .text.alarm_pool_post_alloc_init
                0x0000000010000d04       0x40 CMakeFiles/tinyusb_host_hid_controller.dir/Users/andychen/pico/pico-sdk/src/common/pico_time/time.c.obj
 .text.sleep_until_callback
                0x0000000010000d44       0x30 CMakeFiles/tinyusb_host_hid_controller.dir/Users/andychen/pico/pico-sdk/src/common/pico_time/time.c.obj
 .text.timer_pool_entry_comparator
                0x0000000010000d74       0x7c CMakeFiles/tinyusb_host_hid_controller.dir/Users/andychen/pico/pico-sdk/src/common/pico_time/time.c.obj
                0x0000000010000d74                timer_pool_entry_comparator
 .text.ph_add_child_node
                0x0000000010000df0       0xa4 CMakeFiles/tinyusb_host_hid_controller.dir/Users/andychen/pico/pico-sdk/src/common/pico_time/time.c.obj
 .text.ph_merge_nodes
                0x0000000010000e94       0x3e CMakeFiles/tinyusb_host_hid_controller.dir/Users/andychen/pico/pico-sdk/src/common/pico_time/time.c.obj
 *fill*         0x0000000010000ed2        0x2 
 .text.add_alarm_under_lock
                0x0000000010000ed4      0x174 CMakeFiles/tinyusb_host_hid_controller.dir/Users/andychen/pico/pico-sdk/src/common/pico_time/time.c.obj
 .text.alarm_pool_alarm_callback
                0x0000000010001048      0x328 CMakeFiles/tinyusb_host_hid_controller.dir/Users/andychen/pico/pico-sdk/src/common/pico_time/time.c.obj
 .text.alarm_pool_init_default
                0x0000000010001370       0x38 CMakeFiles/tinyusb_host_hid_controller.dir/Users/andychen/pico/pico-sdk/src/common/pico_time/time.c.obj
                0x0000000010001370                alarm_pool_init_default
 .text.alarm_pool_get_default
                0x00000000100013a8       0x2c CMakeFiles/tinyusb_host_hid_controller.dir/Users/andychen/pico/pico-sdk/src/common/pico_time/time.c.obj
                0x00000000100013a8                alarm_pool_get_default
 .text.alarm_pool_add_alarm_at
                0x00000000100013d4      0x170 CMakeFiles/tinyusb_host_hid_controller.dir/Users/andychen/pico/pico-sdk/src/common/pico_time/time.c.obj
                0x00000000100013d4                alarm_pool_add_alarm_at
 .text.alarm_pool_cancel_alarm
                0x0000000010001544       0xf0 CMakeFiles/tinyusb_host_hid_controller.dir/Users/andychen/pico/pico-sdk/src/common/pico_time/time.c.obj
                0x0000000010001544                alarm_pool_cancel_alarm
 .text.sleep_until
                0x0000000010001634       0xfc CMakeFiles/tinyusb_host_hid_controller.dir/Users/andychen/pico/pico-sdk/src/common/pico_time/time.c.obj
                0x0000000010001634                sleep_until
 .text.sleep_us
                0x0000000010001730       0x58 CMakeFiles/tinyusb_host_hid_controller.dir/Users/andychen/pico/pico-sdk/src/common/pico_time/time.c.obj
                0x0000000010001730                sleep_us
 .text.sleep_ms
                0x0000000010001788       0x14 CMakeFiles/tinyusb_host_hid_controller.dir/Users/andychen/pico/pico-sdk/src/common/pico_time/time.c.obj
                0x0000000010001788                sleep_ms
 .text.best_effort_wfe_or_timeout
                0x000000001000179c       0x80 CMakeFiles/tinyusb_host_hid_controller.dir/Users/andychen/pico/pico-sdk/src/common/pico_time/time.c.obj
                0x000000001000179c                best_effort_wfe_or_timeout
 .text.hardware_alarm_irq_handler
                0x000000001000181c       0x8c CMakeFiles/tinyusb_host_hid_controller.dir/Users/andychen/pico/pico-sdk/src/rp2_common/hardware_timer/timer.c.obj
 .text.hardware_alarm_claim
                0x00000000100018a8       0x18 CMakeFiles/tinyusb_host_hid_controller.dir/Users/andychen/pico/pico-sdk/src/rp2_common/hardware_timer/timer.c.obj
                0x00000000100018a8                hardware_alarm_claim
 .text.time_us_64
                0x00000000100018c0       0x18 CMakeFiles/tinyusb_host_hid_controller.dir/Users/andychen/pico/pico-sdk/src/rp2_common/hardware_timer/timer.c.obj
                0x00000000100018c0                time_us_64
 .text.busy_wait_until
                0x00000000100018d8       0x28 CMakeFiles/tinyusb_host_hid_controller.dir/Users/andychen/pico/pico-sdk/src/rp2_common/hardware_timer/timer.c.obj
                0x00000000100018d8                busy_wait_until
 .text.busy_wait_us
                0x0000000010001900       0x48 CMakeFiles/tinyusb_host_hid_controller.dir/Users/andychen/pico/pico-sdk/src/rp2_common/hardware_timer/timer.c.obj
                0x0000000010001900                busy_wait_us
 .text.hardware_alarm_set_callback
                0x0000000010001948       0x90 CMakeFiles/tinyusb_host_hid_controller.dir/Users/andychen/pico/pico-sdk/src/rp2_common/hardware_timer/timer.c.obj
                0x0000000010001948                hardware_alarm_set_callback
 .text.hardware_alarm_set_target
                0x00000000100019d8       0xe8 CMakeFiles/tinyusb_host_hid_controller.dir/Users/andychen/pico/pico-sdk/src/rp2_common/hardware_timer/timer.c.obj
                0x00000000100019d8                hardware_alarm_set_target
 .text.hardware_alarm_cancel
                0x0000000010001ac0       0x40 CMakeFiles/tinyusb_host_hid_controller.dir/Users/andychen/pico/pico-sdk/src/rp2_common/hardware_timer/timer.c.obj
                0x0000000010001ac0                hardware_alarm_cancel
 .text.ph_add_child_node
                0x0000000010001b00       0xa4 CMakeFiles/tinyusb_host_hid_controller.dir/Users/andychen/pico/pico-sdk/src/common/pico_util/pheap.c.obj
 .text.ph_merge_nodes
                0x0000000010001ba4       0x3e CMakeFiles/tinyusb_host_hid_controller.dir/Users/andychen/pico/pico-sdk/src/common/pico_util/pheap.c.obj
 *fill*         0x0000000010001be2        0x2 
 .text.ph_clear
                0x0000000010001be4       0x70 CMakeFiles/tinyusb_host_hid_controller.dir/Users/andychen/pico/pico-sdk/src/common/pico_util/pheap.c.obj
                0x0000000010001be4                ph_clear
 .text.ph_post_alloc_init
                0x0000000010001c54        0xe CMakeFiles/tinyusb_host_hid_controller.dir/Users/andychen/pico/pico-sdk/src/common/pico_util/pheap.c.obj
                0x0000000010001c54                ph_post_alloc_init
 *fill*         0x0000000010001c62        0x2 
 .text.ph_merge_two_pass
                0x0000000010001c64       0xa8 CMakeFiles/tinyusb_host_hid_controller.dir/Users/andychen/pico/pico-sdk/src/common/pico_util/pheap.c.obj
                0x0000000010001c64                ph_merge_two_pass
 .text.ph_remove_any_head
                0x0000000010001d0c      0x108 CMakeFiles/tinyusb_host_hid_controller.dir/Users/andychen/pico/pico-sdk/src/common/pico_util/pheap.c.obj
 .text.ph_remove_head
                0x0000000010001e14       0x14 CMakeFiles/tinyusb_host_hid_controller.dir/Users/andychen/pico/pico-sdk/src/common/pico_util/pheap.c.obj
                0x0000000010001e14                ph_remove_head
 .text.ph_remove_and_free_node
                0x0000000010001e28       0xf8 CMakeFiles/tinyusb_host_hid_controller.dir/Users/andychen/pico/pico-sdk/src/common/pico_util/pheap.c.obj
                0x0000000010001e28                ph_remove_and_free_node
 .text.mutex_init
                0x0000000010001f20       0x1a CMakeFiles/tinyusb_host_hid_controller.dir/Users/andychen/pico/pico-sdk/src/common/pico_sync/mutex.c.obj
                0x0000000010001f20                mutex_init
 .text.recursive_mutex_init
                0x0000000010001f3a       0x1e CMakeFiles/tinyusb_host_hid_controller.dir/Users/andychen/pico/pico-sdk/src/common/pico_sync/mutex.c.obj
                0x0000000010001f3a                recursive_mutex_init
 .text.critical_section_init_with_lock_num
                0x0000000010001f58       0x14 CMakeFiles/tinyusb_host_hid_controller.dir/Users/andychen/pico/pico-sdk/src/common/pico_sync/critical_section.c.obj
                0x0000000010001f58                critical_section_init_with_lock_num
 .text.critical_section_init
                0x0000000010001f6c       0x14 CMakeFiles/tinyusb_host_hid_controller.dir/Users/andychen/pico/pico-sdk/src/common/pico_sync/critical_section.c.obj
                0x0000000010001f6c                critical_section_init
 .text.uart_set_baudrate
                0x0000000010001f80       0x5c CMakeFiles/tinyusb_host_hid_controller.dir/Users/andychen/pico/pico-sdk/src/rp2_common/hardware_uart/uart.c.obj
                0x0000000010001f80                uart_set_baudrate
 .text.uart_set_translate_crlf
                0x0000000010001fdc       0x28 CMakeFiles/tinyusb_host_hid_controller.dir/Users/andychen/pico/pico-sdk/src/rp2_common/hardware_uart/uart.c.obj
                0x0000000010001fdc                uart_set_translate_crlf
 .text.uart_init
                0x0000000010002004       0x80 CMakeFiles/tinyusb_host_hid_controller.dir/Users/andychen/pico/pico-sdk/src/rp2_common/hardware_uart/uart.c.obj
                0x0000000010002004                uart_init
 .text._exit    0x0000000010002084        0x4 CMakeFiles/tinyusb_host_hid_controller.dir/Users/andychen/pico/pico-sdk/src/rp2_common/pico_runtime/runtime.c.obj
                0x0000000010002084                _exit
 .text.exit     0x0000000010002088        0x6 CMakeFiles/tinyusb_host_hid_controller.dir/Users/andychen/pico/pico-sdk/src/rp2_common/pico_runtime/runtime.c.obj
                0x0000000010002088                exit
 *fill*         0x000000001000208e        0x2 
 .text.__assert_func
                0x0000000010002090       0x3c CMakeFiles/tinyusb_host_hid_controller.dir/Users/andychen/pico/pico-sdk/src/rp2_common/pico_runtime/runtime.c.obj
                0x0000000010002090                __assert_func
 .text.runtime_init
                0x00000000100020cc       0xf8 CMakeFiles/tinyusb_host_hid_controller.dir/Users/andychen/pico/pico-sdk/src/rp2_common/pico_runtime/runtime.c.obj
                0x00000000100020cc                runtime_init
 .text.panic    0x00000000100021c4       0x30 CMakeFiles/tinyusb_host_hid_controller.dir/Users/andychen/pico/pico-sdk/src/rp2_common/pico_runtime/runtime.c.obj
                0x00000000100021c4                panic
 .text.clock_configure
                0x00000000100021f4      0x104 CMakeFiles/tinyusb_host_hid_controller.dir/Users/andychen/pico/pico-sdk/src/rp2_common/hardware_clocks/clocks.c.obj
                0x00000000100021f4                clock_configure
 .text.clocks_init
                0x00000000100022f8      0x100 CMakeFiles/tinyusb_host_hid_controller.dir/Users/andychen/pico/pico-sdk/src/rp2_common/hardware_clocks/clocks.c.obj
                0x00000000100022f8                clocks_init
 .text.clock_get_hz
                0x00000000100023f8        0xc CMakeFiles/tinyusb_host_hid_controller.dir/Users/andychen/pico/pico-sdk/src/rp2_common/hardware_clocks/clocks.c.obj
                0x00000000100023f8                clock_get_hz
 .text.pll_init
                0x0000000010002404      0x140 CMakeFiles/tinyusb_host_hid_controller.dir/Users/andychen/pico/pico-sdk/src/rp2_common/hardware_pll/pll.c.obj
                0x0000000010002404                pll_init
 .text.watchdog_start_tick
                0x0000000010002544       0x10 CMakeFiles/tinyusb_host_hid_controller.dir/Users/andychen/pico/pico-sdk/src/rp2_common/hardware_watchdog/watchdog.c.obj
                0x0000000010002544                watchdog_start_tick
 .text.xosc_init
                0x0000000010002554       0x28 CMakeFiles/tinyusb_host_hid_controller.dir/Users/andychen/pico/pico-sdk/src/rp2_common/hardware_xosc/xosc.c.obj
                0x0000000010002554                xosc_init
 .text._out_null
                0x000000001000257c        0x2 CMakeFiles/tinyusb_host_hid_controller.dir/Users/andychen/pico/pico-sdk/src/rp2_common/pico_printf/printf.c.obj
 .text._out_fct
                0x000000001000257e        0xe CMakeFiles/tinyusb_host_hid_controller.dir/Users/andychen/pico/pico-sdk/src/rp2_common/pico_printf/printf.c.obj
 .text._atoi    0x000000001000258c       0x24 CMakeFiles/tinyusb_host_hid_controller.dir/Users/andychen/pico/pico-sdk/src/rp2_common/pico_printf/printf.c.obj
 .text._out_rev
                0x00000000100025b0       0xae CMakeFiles/tinyusb_host_hid_controller.dir/Users/andychen/pico/pico-sdk/src/rp2_common/pico_printf/printf.c.obj
 .text._ntoa_format
                0x000000001000265e      0x112 CMakeFiles/tinyusb_host_hid_controller.dir/Users/andychen/pico/pico-sdk/src/rp2_common/pico_printf/printf.c.obj
 .text._ntoa_long
                0x0000000010002770       0xbc CMakeFiles/tinyusb_host_hid_controller.dir/Users/andychen/pico/pico-sdk/src/rp2_common/pico_printf/printf.c.obj
 .text._ntoa_long_long
                0x000000001000282c       0xe2 CMakeFiles/tinyusb_host_hid_controller.dir/Users/andychen/pico/pico-sdk/src/rp2_common/pico_printf/printf.c.obj
 *fill*         0x000000001000290e        0x2 
 .text._etoa    0x0000000010002910      0x414 CMakeFiles/tinyusb_host_hid_controller.dir/Users/andychen/pico/pico-sdk/src/rp2_common/pico_printf/printf.c.obj
 .text._ftoa    0x0000000010002d24      0x354 CMakeFiles/tinyusb_host_hid_controller.dir/Users/andychen/pico/pico-sdk/src/rp2_common/pico_printf/printf.c.obj
 .text._vsnprintf
                0x0000000010003078      0x624 CMakeFiles/tinyusb_host_hid_controller.dir/Users/andychen/pico/pico-sdk/src/rp2_common/pico_printf/printf.c.obj
 .text.vfctprintf
                0x000000001000369c       0x20 CMakeFiles/tinyusb_host_hid_controller.dir/Users/andychen/pico/pico-sdk/src/rp2_common/pico_printf/printf.c.obj
                0x000000001000369c                vfctprintf
 .text          0x00000000100036bc       0x10 CMakeFiles/tinyusb_host_hid_controller.dir/Users/andychen/pico/pico-sdk/src/rp2_common/pico_bit_ops/bit_ops_aeabi.S.obj
 .text.rom_func_lookup
                0x00000000100036cc       0x10 CMakeFiles/tinyusb_host_hid_controller.dir/Users/andychen/pico/pico-sdk/src/rp2_common/pico_bootrom/bootrom.c.obj
                0x00000000100036cc                rom_func_lookup
 .text.rom_data_lookup
                0x00000000100036dc       0x10 CMakeFiles/tinyusb_host_hid_controller.dir/Users/andychen/pico/pico-sdk/src/rp2_common/pico_bootrom/bootrom.c.obj
                0x00000000100036dc                rom_data_lookup
 .text.rom_funcs_lookup
                0x00000000100036ec       0x36 CMakeFiles/tinyusb_host_hid_controller.dir/Users/andychen/pico/pico-sdk/src/rp2_common/pico_bootrom/bootrom.c.obj
                0x00000000100036ec                rom_funcs_lookup
 *fill*         0x0000000010003722        0x2 
 .text.__wrap___aeabi_idiv
                0x0000000010003724       0x50 CMakeFiles/tinyusb_host_hid_controller.dir/Users/andychen/pico/pico-sdk/src/rp2_common/pico_divider/divider.S.obj
                0x0000000010003724                __wrap___aeabi_idivmod
                0x0000000010003724                divmod_s32s32
                0x0000000010003724                div_s32s32
                0x0000000010003724                __wrap___aeabi_idiv
                0x000000001000372c                divmod_s32s32_unsafe
                0x0000000010003758                divmod_s32s32_savestate
 .text.__wrap___aeabi_uidiv
                0x0000000010003774       0x4c CMakeFiles/tinyusb_host_hid_controller.dir/Users/andychen/pico/pico-sdk/src/rp2_common/pico_divider/divider.S.obj
                0x0000000010003774                __wrap___aeabi_uidiv
                0x0000000010003774                __wrap___aeabi_uidivmod
                0x0000000010003774                div_u32u32
                0x0000000010003774                divmod_u32u32
                0x000000001000377c                divmod_u32u32_unsafe
                0x00000000100037a4                divmod_u32u32_savestate
 .text.__wrap___aeabi_ldiv
                0x00000000100037c0      0x434 CMakeFiles/tinyusb_host_hid_controller.dir/Users/andychen/pico/pico-sdk/src/rp2_common/pico_divider/divider.S.obj
                0x00000000100037c0                __wrap___aeabi_ldivmod
                0x00000000100037c0                div_s64s64
                0x00000000100037c0                divmod_s64s64
                0x00000000100037f8                divmod_u64u64
                0x00000000100037f8                div_u64u64
                0x00000000100037f8                __wrap___aeabi_uldivmod
                0x0000000010003808                divmod_u64u64_savestate
                0x0000000010003830                divmod_s64s64_unsafe
                0x00000000100038b8                divmod_u64u64_unsafe
 .text.__wrap___aeabi_darithmetic
                0x0000000010003bf4       0x80 CMakeFiles/tinyusb_host_hid_controller.dir/Users/andychen/pico/pico-sdk/src/rp2_common/pico_double/double_aeabi.S.obj
                0x0000000010003bf4                __wrap___aeabi_drsub
                0x0000000010003bfa                __wrap___aeabi_dsub
                0x0000000010003c0c                __wrap___aeabi_dadd
                0x0000000010003c1e                __wrap___aeabi_ddiv
                0x0000000010003c5a                __wrap___aeabi_dmul
 .text.__wrap___aeabi_cdcmple
                0x0000000010003c74       0x6c CMakeFiles/tinyusb_host_hid_controller.dir/Users/andychen/pico/pico-sdk/src/rp2_common/pico_double/double_aeabi.S.obj
                0x0000000010003c74                __wrap___aeabi_cdrcmple
                0x0000000010003c84                __wrap___aeabi_cdcmple
                0x0000000010003c84                __wrap___aeabi_cdcmpeq
 .text.__wrap___aeabi_dcmplt
                0x0000000010003ce0        0xc CMakeFiles/tinyusb_host_hid_controller.dir/Users/andychen/pico/pico-sdk/src/rp2_common/pico_double/double_aeabi.S.obj
                0x0000000010003ce0                __wrap___aeabi_dcmplt
 .text.__wrap___aeabi_dcmple
                0x0000000010003cec       0x10 CMakeFiles/tinyusb_host_hid_controller.dir/Users/andychen/pico/pico-sdk/src/rp2_common/pico_double/double_aeabi.S.obj
                0x0000000010003cec                __wrap___aeabi_dcmple
 .text.__wrap___aeabi_dcmpge
                0x0000000010003cfc       0x10 CMakeFiles/tinyusb_host_hid_controller.dir/Users/andychen/pico/pico-sdk/src/rp2_common/pico_double/double_aeabi.S.obj
                0x0000000010003cfc                __wrap___aeabi_dcmpge
 .text.__wrap___aeabi_dcmpgt
                0x0000000010003d0c        0xa CMakeFiles/tinyusb_host_hid_controller.dir/Users/andychen/pico/pico-sdk/src/rp2_common/pico_double/double_aeabi.S.obj
                0x0000000010003d0c                __wrap___aeabi_dcmpgt
 .text.__wrap___aeabi_dcmpun
                0x0000000010003d16       0x1c CMakeFiles/tinyusb_host_hid_controller.dir/Users/andychen/pico/pico-sdk/src/rp2_common/pico_double/double_aeabi.S.obj
                0x0000000010003d16                __wrap___aeabi_dcmpun
 *fill*         0x0000000010003d32        0x2 
 .text.__wrap___aeabi_i2d
                0x0000000010003d34       0x38 CMakeFiles/tinyusb_host_hid_controller.dir/Users/andychen/pico/pico-sdk/src/rp2_common/pico_double/double_aeabi.S.obj
                0x0000000010003d34                __wrap___aeabi_ui2d
                0x0000000010003d3c                __wrap___aeabi_i2d
 .text.__wrap___aeabi_d2iz
                0x0000000010003d6c       0x48 CMakeFiles/tinyusb_host_hid_controller.dir/Users/andychen/pico/pico-sdk/src/rp2_common/pico_double/double_aeabi.S.obj
                0x0000000010003d6c                __wrap___aeabi_d2iz
                0x0000000010003d6c                double2int_z
 .text.__wrap___aeabi_d2uiz
                0x0000000010003db4       0x18 CMakeFiles/tinyusb_host_hid_controller.dir/Users/andychen/pico/pico-sdk/src/rp2_common/pico_double/double_aeabi.S.obj
                0x0000000010003db4                double2uint
                0x0000000010003db4                __wrap___aeabi_d2uiz
 .text.__aeabi_double_init
                0x0000000010003dcc       0xc8 CMakeFiles/tinyusb_host_hid_controller.dir/Users/andychen/pico/pico-sdk/src/rp2_common/pico_double/double_init_rom.c.obj
                0x0000000010003dcc                __aeabi_double_init
 .text.double_table_shim_on_use_helper
                0x0000000010003e94       0x34 CMakeFiles/tinyusb_host_hid_controller.dir/Users/andychen/pico/pico-sdk/src/rp2_common/pico_double/double_v1_rom_shim.S.obj
                0x0000000010003e94                double_table_shim_on_use_helper
 .text.__wrap___aeabi_dsub
                0x0000000010003ec8       0x10 CMakeFiles/tinyusb_host_hid_controller.dir/Users/andychen/pico/pico-sdk/src/rp2_common/pico_double/double_v1_rom_shim.S.obj
                0x0000000010003ec8                drsub_shim
                0x0000000010003ece                dsub_shim
 .text.dadd_shim
                0x0000000010003ed8      0x15c CMakeFiles/tinyusb_host_hid_controller.dir/Users/andychen/pico/pico-sdk/src/rp2_common/pico_double/double_v1_rom_shim.S.obj
                0x0000000010003ed8                dadd_shim
 .text.dmul_shim
                0x0000000010004034      0x15c CMakeFiles/tinyusb_host_hid_controller.dir/Users/andychen/pico/pico-sdk/src/rp2_common/pico_double/double_v1_rom_shim.S.obj
                0x0000000010004034                dmul_shim
 .text.ddiv_shim
                0x0000000010004190      0x1b0 CMakeFiles/tinyusb_host_hid_controller.dir/Users/andychen/pico/pico-sdk/src/rp2_common/pico_double/double_v1_rom_shim.S.obj
                0x0000000010004190                ddiv_shim
 .text.double2uint_shim
                0x0000000010004340        0xe CMakeFiles/tinyusb_host_hid_controller.dir/Users/andychen/pico/pico-sdk/src/rp2_common/pico_double/double_v1_rom_shim.S.obj
                0x0000000010004340                double2uint_shim
                0x0000000010004342                double2ufix_shim
 *fill*         0x000000001000434e        0x2 
 .text.double2uint64_shim
                0x0000000010004350       0x70 CMakeFiles/tinyusb_host_hid_controller.dir/Users/andychen/pico/pico-sdk/src/rp2_common/pico_double/double_v1_rom_shim.S.obj
                0x0000000010004350                double2uint64_shim
                0x0000000010004352                double2ufix64_shim
                0x0000000010004372                d2fix_a
 .text.dunpacks
                0x00000000100043c0       0x3c CMakeFiles/tinyusb_host_hid_controller.dir/Users/andychen/pico/pico-sdk/src/rp2_common/pico_double/double_v1_rom_shim.S.obj
                0x00000000100043c0                dunpacks
 .text.__aeabi_lmul
                0x00000000100043fc       0x32 CMakeFiles/tinyusb_host_hid_controller.dir/Users/andychen/pico/pico-sdk/src/rp2_common/pico_int64_ops/pico_int64_ops_aeabi.S.obj
                0x00000000100043fc                __wrap___aeabi_lmul
 *fill*         0x000000001000442e        0x2 
 .text.__aeabi_float_init
                0x0000000010004430       0xfc CMakeFiles/tinyusb_host_hid_controller.dir/Users/andychen/pico/pico-sdk/src/rp2_common/pico_float/float_init_rom.c.obj
                0x0000000010004430                __aeabi_float_init
 .text.float_table_shim_on_use_helper
                0x000000001000452c       0x34 CMakeFiles/tinyusb_host_hid_controller.dir/Users/andychen/pico/pico-sdk/src/rp2_common/pico_float/float_v1_rom_shim.S.obj
                0x000000001000452c                float_table_shim_on_use_helper
 .text          0x0000000010004560       0x10 CMakeFiles/tinyusb_host_hid_controller.dir/Users/andychen/pico/pico-sdk/src/rp2_common/pico_mem_ops/mem_ops_aeabi.S.obj
                0x0000000010004560                __aeabi_mem_init
 .text.memset   0x0000000010004570        0xc CMakeFiles/tinyusb_host_hid_controller.dir/Users/andychen/pico/pico-sdk/src/rp2_common/pico_mem_ops/mem_ops_aeabi.S.obj
                0x0000000010004570                __wrap_memset
 .text.memcpy   0x000000001000457c        0xc CMakeFiles/tinyusb_host_hid_controller.dir/Users/andychen/pico/pico-sdk/src/rp2_common/pico_mem_ops/mem_ops_aeabi.S.obj
                0x000000001000457c                __wrap___aeabi_memcpy
                0x000000001000457c                __wrap_memcpy
 .text.stdio_out_chars_no_crlf
                0x0000000010004588        0xe CMakeFiles/tinyusb_host_hid_controller.dir/Users/andychen/pico/pico-sdk/src/rp2_common/pico_stdio/stdio.c.obj
 *fill*         0x0000000010004596        0x2 
 .text.stdio_out_chars_crlf
                0x0000000010004598       0x80 CMakeFiles/tinyusb_host_hid_controller.dir/Users/andychen/pico/pico-sdk/src/rp2_common/pico_stdio/stdio.c.obj
 .text.stdio_stack_buffer_flush
                0x0000000010004618       0x44 CMakeFiles/tinyusb_host_hid_controller.dir/Users/andychen/pico/pico-sdk/src/rp2_common/pico_stdio/stdio.c.obj
 .text.stdio_buffered_printer
                0x000000001000465c       0x20 CMakeFiles/tinyusb_host_hid_controller.dir/Users/andychen/pico/pico-sdk/src/rp2_common/pico_stdio/stdio.c.obj
 .text.stdout_serialize_begin
                0x000000001000467c       0x30 CMakeFiles/tinyusb_host_hid_controller.dir/Users/andychen/pico/pico-sdk/src/rp2_common/pico_stdio/stdio.c.obj
                0x000000001000467c                stdout_serialize_begin
 .text.stdout_serialize_end
                0x00000000100046ac       0x10 CMakeFiles/tinyusb_host_hid_controller.dir/Users/andychen/pico/pico-sdk/src/rp2_common/pico_stdio/stdio.c.obj
                0x00000000100046ac                stdout_serialize_end
 .text.stdio_put_string
                0x00000000100046bc       0x98 CMakeFiles/tinyusb_host_hid_controller.dir/Users/andychen/pico/pico-sdk/src/rp2_common/pico_stdio/stdio.c.obj
 .text.stdio_set_driver_enabled
                0x0000000010004754       0x2c CMakeFiles/tinyusb_host_hid_controller.dir/Users/andychen/pico/pico-sdk/src/rp2_common/pico_stdio/stdio.c.obj
                0x0000000010004754                stdio_set_driver_enabled
 .text.stdio_flush
                0x0000000010004780       0x20 CMakeFiles/tinyusb_host_hid_controller.dir/Users/andychen/pico/pico-sdk/src/rp2_common/pico_stdio/stdio.c.obj
                0x0000000010004780                stdio_flush
 .text.__wrap_puts
                0x00000000100047a0       0x1e CMakeFiles/tinyusb_host_hid_controller.dir/Users/andychen/pico/pico-sdk/src/rp2_common/pico_stdio/stdio.c.obj
                0x00000000100047a0                __wrap_puts
 *fill*         0x00000000100047be        0x2 
 .text.__wrap_vprintf
                0x00000000100047c0       0x44 CMakeFiles/tinyusb_host_hid_controller.dir/Users/andychen/pico/pico-sdk/src/rp2_common/pico_stdio/stdio.c.obj
                0x00000000100047c0                __wrap_vprintf
 .text.__wrap_printf
                0x0000000010004804       0x18 CMakeFiles/tinyusb_host_hid_controller.dir/Users/andychen/pico/pico-sdk/src/rp2_common/pico_stdio/stdio.c.obj
                0x0000000010004804                __wrap_printf
 .text.stdio_uart_out_chars
                0x000000001000481c       0x74 CMakeFiles/tinyusb_host_hid_controller.dir/Users/andychen/pico/pico-sdk/src/rp2_common/pico_stdio_uart/stdio_uart.c.obj
 .text.stdio_uart_in_chars
                0x0000000010004890       0x58 CMakeFiles/tinyusb_host_hid_controller.dir/Users/andychen/pico/pico-sdk/src/rp2_common/pico_stdio_uart/stdio_uart.c.obj
                0x0000000010004890                stdio_uart_in_chars
 .text.stdio_uart_init_full
                0x00000000100048e8       0x3c CMakeFiles/tinyusb_host_hid_controller.dir/Users/andychen/pico/pico-sdk/src/rp2_common/pico_stdio_uart/stdio_uart.c.obj
                0x00000000100048e8                stdio_uart_init_full
 .text.boot_double_tap_check
                0x0000000010004924       0x64 CMakeFiles/tinyusb_host_hid_controller.dir/Users/andychen/pico/pico-sdk/src/rp2_common/pico_bootsel_via_double_reset/pico_bootsel_via_double_reset.c.obj
 .text.board_init
                0x0000000010004988       0x30 CMakeFiles/tinyusb_host_hid_controller.dir/Users/andychen/pico/pico-sdk/lib/tinyusb/hw/bsp/rp2040/family.c.obj
                0x0000000010004988                board_init
 .text.board_led_write
                0x00000000100049b8       0x1c CMakeFiles/tinyusb_host_hid_controller.dir/Users/andychen/pico/pico-sdk/lib/tinyusb/hw/bsp/rp2040/family.c.obj
                0x00000000100049b8                board_led_write
 .text.get_dev_ep
                0x00000000100049d4       0x40 CMakeFiles/tinyusb_host_hid_controller.dir/Users/andychen/pico/pico-sdk/lib/tinyusb/src/portable/raspberrypi/rp2040/hcd_rp2040.c.obj
 .text._next_free_interrupt_ep
                0x0000000010004a14       0x30 CMakeFiles/tinyusb_host_hid_controller.dir/Users/andychen/pico/pico-sdk/lib/tinyusb/src/portable/raspberrypi/rp2040/hcd_rp2040.c.obj
 .text._hw_endpoint_allocate
                0x0000000010004a44       0x74 CMakeFiles/tinyusb_host_hid_controller.dir/Users/andychen/pico/pico-sdk/lib/tinyusb/src/portable/raspberrypi/rp2040/hcd_rp2040.c.obj
 .text.hw_xfer_complete
                0x0000000010004ab8       0x24 CMakeFiles/tinyusb_host_hid_controller.dir/Users/andychen/pico/pico-sdk/lib/tinyusb/src/portable/raspberrypi/rp2040/hcd_rp2040.c.obj
 .text._handle_buff_status_bit
                0x0000000010004adc       0x24 CMakeFiles/tinyusb_host_hid_controller.dir/Users/andychen/pico/pico-sdk/lib/tinyusb/src/portable/raspberrypi/rp2040/hcd_rp2040.c.obj
 .text.hw_handle_buff_status
                0x0000000010004b00       0x60 CMakeFiles/tinyusb_host_hid_controller.dir/Users/andychen/pico/pico-sdk/lib/tinyusb/src/portable/raspberrypi/rp2040/hcd_rp2040.c.obj
 .text.hw_trans_complete
                0x0000000010004b60       0x40 CMakeFiles/tinyusb_host_hid_controller.dir/Users/andychen/pico/pico-sdk/lib/tinyusb/src/portable/raspberrypi/rp2040/hcd_rp2040.c.obj
 .text.hcd_rp2040_irq
                0x0000000010004ba0       0xbc CMakeFiles/tinyusb_host_hid_controller.dir/Users/andychen/pico/pico-sdk/lib/tinyusb/src/portable/raspberrypi/rp2040/hcd_rp2040.c.obj
 .text.hcd_init
                0x0000000010004c5c       0x64 CMakeFiles/tinyusb_host_hid_controller.dir/Users/andychen/pico/pico-sdk/lib/tinyusb/src/portable/raspberrypi/rp2040/hcd_rp2040.c.obj
                0x0000000010004c5c                hcd_init
 .text.hcd_port_reset
                0x0000000010004cc0       0x24 CMakeFiles/tinyusb_host_hid_controller.dir/Users/andychen/pico/pico-sdk/lib/tinyusb/src/portable/raspberrypi/rp2040/hcd_rp2040.c.obj
                0x0000000010004cc0                hcd_port_reset
 .text.hcd_port_connect_status
                0x0000000010004ce4       0x38 CMakeFiles/tinyusb_host_hid_controller.dir/Users/andychen/pico/pico-sdk/lib/tinyusb/src/portable/raspberrypi/rp2040/hcd_rp2040.c.obj
                0x0000000010004ce4                hcd_port_connect_status
 .text.hcd_port_speed_get
                0x0000000010004d1c       0x48 CMakeFiles/tinyusb_host_hid_controller.dir/Users/andychen/pico/pico-sdk/lib/tinyusb/src/portable/raspberrypi/rp2040/hcd_rp2040.c.obj
                0x0000000010004d1c                hcd_port_speed_get
 .text.need_pre
                0x0000000010004d64       0x1c CMakeFiles/tinyusb_host_hid_controller.dir/Users/andychen/pico/pico-sdk/lib/tinyusb/src/portable/raspberrypi/rp2040/hcd_rp2040.c.obj
 .text._hw_endpoint_init
                0x0000000010004d80      0x12c CMakeFiles/tinyusb_host_hid_controller.dir/Users/andychen/pico/pico-sdk/lib/tinyusb/src/portable/raspberrypi/rp2040/hcd_rp2040.c.obj
 .text.hcd_device_close
                0x0000000010004eac        0x2 CMakeFiles/tinyusb_host_hid_controller.dir/Users/andychen/pico/pico-sdk/lib/tinyusb/src/portable/raspberrypi/rp2040/hcd_rp2040.c.obj
                0x0000000010004eac                hcd_device_close
 *fill*         0x0000000010004eae        0x2 
 .text.hcd_int_enable
                0x0000000010004eb0       0x2c CMakeFiles/tinyusb_host_hid_controller.dir/Users/andychen/pico/pico-sdk/lib/tinyusb/src/portable/raspberrypi/rp2040/hcd_rp2040.c.obj
                0x0000000010004eb0                hcd_int_enable
 .text.hcd_edpt_open
                0x0000000010004edc       0x38 CMakeFiles/tinyusb_host_hid_controller.dir/Users/andychen/pico/pico-sdk/lib/tinyusb/src/portable/raspberrypi/rp2040/hcd_rp2040.c.obj
                0x0000000010004edc                hcd_edpt_open
 .text.hcd_edpt_xfer
                0x0000000010004f14       0xd8 CMakeFiles/tinyusb_host_hid_controller.dir/Users/andychen/pico/pico-sdk/lib/tinyusb/src/portable/raspberrypi/rp2040/hcd_rp2040.c.obj
                0x0000000010004f14                hcd_edpt_xfer
 .text.hcd_setup_send
                0x0000000010004fec       0x80 CMakeFiles/tinyusb_host_hid_controller.dir/Users/andychen/pico/pico-sdk/lib/tinyusb/src/portable/raspberrypi/rp2040/hcd_rp2040.c.obj
                0x0000000010004fec                hcd_setup_send
 .text.prepare_ep_buffer
                0x000000001000506c       0x70 CMakeFiles/tinyusb_host_hid_controller.dir/Users/andychen/pico/pico-sdk/lib/tinyusb/src/portable/raspberrypi/rp2040/rp2040_usb.c.obj
 .text.sync_ep_buffer
                0x00000000100050dc       0x7c CMakeFiles/tinyusb_host_hid_controller.dir/Users/andychen/pico/pico-sdk/lib/tinyusb/src/portable/raspberrypi/rp2040/rp2040_usb.c.obj
 .text._hw_endpoint_xfer_sync
                0x0000000010005158       0x28 CMakeFiles/tinyusb_host_hid_controller.dir/Users/andychen/pico/pico-sdk/lib/tinyusb/src/portable/raspberrypi/rp2040/rp2040_usb.c.obj
 .text.rp2040_usb_init
                0x0000000010005180       0x4c CMakeFiles/tinyusb_host_hid_controller.dir/Users/andychen/pico/pico-sdk/lib/tinyusb/src/portable/raspberrypi/rp2040/rp2040_usb.c.obj
                0x0000000010005180                rp2040_usb_init
 .text.hw_endpoint_reset_transfer
                0x00000000100051cc        0xc CMakeFiles/tinyusb_host_hid_controller.dir/Users/andychen/pico/pico-sdk/lib/tinyusb/src/portable/raspberrypi/rp2040/rp2040_usb.c.obj
                0x00000000100051cc                hw_endpoint_reset_transfer
 .text._hw_endpoint_buffer_control_update32
                0x00000000100051d8       0x4c CMakeFiles/tinyusb_host_hid_controller.dir/Users/andychen/pico/pico-sdk/lib/tinyusb/src/portable/raspberrypi/rp2040/rp2040_usb.c.obj
                0x00000000100051d8                _hw_endpoint_buffer_control_update32
 .text._hw_endpoint_start_next_buffer
                0x0000000010005224       0x74 CMakeFiles/tinyusb_host_hid_controller.dir/Users/andychen/pico/pico-sdk/lib/tinyusb/src/portable/raspberrypi/rp2040/rp2040_usb.c.obj
 .text.hw_endpoint_xfer_start
                0x0000000010005298       0x48 CMakeFiles/tinyusb_host_hid_controller.dir/Users/andychen/pico/pico-sdk/lib/tinyusb/src/portable/raspberrypi/rp2040/rp2040_usb.c.obj
                0x0000000010005298                hw_endpoint_xfer_start
 .text.hw_endpoint_xfer_continue
                0x00000000100052e0       0x38 CMakeFiles/tinyusb_host_hid_controller.dir/Users/andychen/pico/pico-sdk/lib/tinyusb/src/portable/raspberrypi/rp2040/rp2040_usb.c.obj
                0x00000000100052e0                hw_endpoint_xfer_continue
 .text.get_new_address
                0x0000000010005318       0x58 CMakeFiles/tinyusb_host_hid_controller.dir/Users/andychen/pico/pico-sdk/lib/tinyusb/src/host/usbh.c.obj
 .text.enum_request_set_addr
                0x0000000010005370       0xd8 CMakeFiles/tinyusb_host_hid_controller.dir/Users/andychen/pico/pico-sdk/lib/tinyusb/src/host/usbh.c.obj
 .text.enum_get_device_desc_complete
                0x0000000010005448       0x98 CMakeFiles/tinyusb_host_hid_controller.dir/Users/andychen/pico/pico-sdk/lib/tinyusb/src/host/usbh.c.obj
 .text.enum_get_9byte_config_desc_complete
                0x00000000100054e0       0x9c CMakeFiles/tinyusb_host_hid_controller.dir/Users/andychen/pico/pico-sdk/lib/tinyusb/src/host/usbh.c.obj
 .text.enum_get_addr0_device_desc_complete
                0x000000001000557c       0x6c CMakeFiles/tinyusb_host_hid_controller.dir/Users/andychen/pico/pico-sdk/lib/tinyusb/src/host/usbh.c.obj
 .text.process_device_unplugged
                0x00000000100055e8       0xd8 CMakeFiles/tinyusb_host_hid_controller.dir/Users/andychen/pico/pico-sdk/lib/tinyusb/src/host/usbh.c.obj
 .text.parse_configuration_descriptor
                0x00000000100056c0      0x12c CMakeFiles/tinyusb_host_hid_controller.dir/Users/andychen/pico/pico-sdk/lib/tinyusb/src/host/usbh.c.obj
 .text.enum_get_config_desc_complete
                0x00000000100057ec       0x7c CMakeFiles/tinyusb_host_hid_controller.dir/Users/andychen/pico/pico-sdk/lib/tinyusb/src/host/usbh.c.obj
 .text.tuh_mounted
                0x0000000010005868       0x34 CMakeFiles/tinyusb_host_hid_controller.dir/Users/andychen/pico/pico-sdk/lib/tinyusb/src/host/usbh.c.obj
                0x0000000010005868                tuh_mounted
 .text.tuh_vid_pid_get
                0x000000001000589c       0x4c CMakeFiles/tinyusb_host_hid_controller.dir/Users/andychen/pico/pico-sdk/lib/tinyusb/src/host/usbh.c.obj
                0x000000001000589c                tuh_vid_pid_get
 .text.tuh_speed_get
                0x00000000100058e8       0x24 CMakeFiles/tinyusb_host_hid_controller.dir/Users/andychen/pico/pico-sdk/lib/tinyusb/src/host/usbh.c.obj
                0x00000000100058e8                tuh_speed_get
 .text.tuh_inited
                0x000000001000590c        0xc CMakeFiles/tinyusb_host_hid_controller.dir/Users/andychen/pico/pico-sdk/lib/tinyusb/src/host/usbh.c.obj
                0x000000001000590c                tuh_inited
 .text.tuh_init
                0x0000000010005918      0x10c CMakeFiles/tinyusb_host_hid_controller.dir/Users/andychen/pico/pico-sdk/lib/tinyusb/src/host/usbh.c.obj
                0x0000000010005918                tuh_init
 .text.usbh_get_rhport
                0x0000000010005a24       0x20 CMakeFiles/tinyusb_host_hid_controller.dir/Users/andychen/pico/pico-sdk/lib/tinyusb/src/host/usbh.c.obj
                0x0000000010005a24                usbh_get_rhport
 .text.usbh_edpt_control_open
                0x0000000010005a44       0x38 CMakeFiles/tinyusb_host_hid_controller.dir/Users/andychen/pico/pico-sdk/lib/tinyusb/src/host/usbh.c.obj
 .text.enum_request_addr0_device_desc
                0x0000000010005a7c       0x64 CMakeFiles/tinyusb_host_hid_controller.dir/Users/andychen/pico/pico-sdk/lib/tinyusb/src/host/usbh.c.obj
 .text.enum_new_device
                0x0000000010005ae0       0x40 CMakeFiles/tinyusb_host_hid_controller.dir/Users/andychen/pico/pico-sdk/lib/tinyusb/src/host/usbh.c.obj
 .text.tuh_task
                0x0000000010005b20      0x124 CMakeFiles/tinyusb_host_hid_controller.dir/Users/andychen/pico/pico-sdk/lib/tinyusb/src/host/usbh.c.obj
                0x0000000010005b20                tuh_task
 .text.enum_set_address_complete
                0x0000000010005c44       0xcc CMakeFiles/tinyusb_host_hid_controller.dir/Users/andychen/pico/pico-sdk/lib/tinyusb/src/host/usbh.c.obj
 .text.usbh_get_enum_buf
                0x0000000010005d10        0x8 CMakeFiles/tinyusb_host_hid_controller.dir/Users/andychen/pico/pico-sdk/lib/tinyusb/src/host/usbh.c.obj
                0x0000000010005d10                usbh_get_enum_buf
 .text.hcd_event_handler
                0x0000000010005d18       0x50 CMakeFiles/tinyusb_host_hid_controller.dir/Users/andychen/pico/pico-sdk/lib/tinyusb/src/host/usbh.c.obj
                0x0000000010005d18                hcd_event_handler
 .text.hcd_event_xfer_complete
                0x0000000010005d68       0x26 CMakeFiles/tinyusb_host_hid_controller.dir/Users/andychen/pico/pico-sdk/lib/tinyusb/src/host/usbh.c.obj
                0x0000000010005d68                hcd_event_xfer_complete
 .text.hcd_event_device_attach
                0x0000000010005d8e       0x22 CMakeFiles/tinyusb_host_hid_controller.dir/Users/andychen/pico/pico-sdk/lib/tinyusb/src/host/usbh.c.obj
                0x0000000010005d8e                hcd_event_device_attach
 .text.hcd_event_device_remove
                0x0000000010005db0       0x28 CMakeFiles/tinyusb_host_hid_controller.dir/Users/andychen/pico/pico-sdk/lib/tinyusb/src/host/usbh.c.obj
                0x0000000010005db0                hcd_event_device_remove
 .text.usbh_driver_set_config_complete
                0x0000000010005dd8       0x74 CMakeFiles/tinyusb_host_hid_controller.dir/Users/andychen/pico/pico-sdk/lib/tinyusb/src/host/usbh.c.obj
                0x0000000010005dd8                usbh_driver_set_config_complete
 .text.enum_set_config_complete
                0x0000000010005e4c       0x60 CMakeFiles/tinyusb_host_hid_controller.dir/Users/andychen/pico/pico-sdk/lib/tinyusb/src/host/usbh.c.obj
 .text.usbh_edpt_claim
                0x0000000010005eac       0xa4 CMakeFiles/tinyusb_host_hid_controller.dir/Users/andychen/pico/pico-sdk/lib/tinyusb/src/host/usbh.c.obj
                0x0000000010005eac                usbh_edpt_claim
 .text.usbh_edpt_xfer
                0x0000000010005f50       0xac CMakeFiles/tinyusb_host_hid_controller.dir/Users/andychen/pico/pico-sdk/lib/tinyusb/src/host/usbh.c.obj
                0x0000000010005f50                usbh_edpt_xfer
 .text.usbh_edpt_open
                0x0000000010005ffc       0x64 CMakeFiles/tinyusb_host_hid_controller.dir/Users/andychen/pico/pico-sdk/lib/tinyusb/src/host/usbh.c.obj
                0x0000000010005ffc                usbh_edpt_open
 .text._xfer_complete
                0x0000000010006060       0x18 CMakeFiles/tinyusb_host_hid_controller.dir/Users/andychen/pico/pico-sdk/lib/tinyusb/src/host/usbh_control.c.obj
 .text.tuh_control_xfer
                0x0000000010006078       0x5c CMakeFiles/tinyusb_host_hid_controller.dir/Users/andychen/pico/pico-sdk/lib/tinyusb/src/host/usbh_control.c.obj
                0x0000000010006078                tuh_control_xfer
 .text.usbh_control_xfer_cb
                0x00000000100060d4       0x90 CMakeFiles/tinyusb_host_hid_controller.dir/Users/andychen/pico/pico-sdk/lib/tinyusb/src/host/usbh_control.c.obj
                0x00000000100060d4                usbh_control_xfer_cb
 .text.get_instance_id_by_itfnum
                0x0000000010006164       0x68 CMakeFiles/tinyusb_host_hid_controller.dir/Users/andychen/pico/pico-sdk/lib/tinyusb/src/class/hid/hid_host.c.obj
 .text.get_instance_id_by_epaddr
                0x00000000100061cc       0x4c CMakeFiles/tinyusb_host_hid_controller.dir/Users/andychen/pico/pico-sdk/lib/tinyusb/src/class/hid/hid_host.c.obj
 .text.config_set_protocol
                0x0000000010006218       0x90 CMakeFiles/tinyusb_host_hid_controller.dir/Users/andychen/pico/pico-sdk/lib/tinyusb/src/class/hid/hid_host.c.obj
 .text.config_driver_mount_complete
                0x00000000100062a8       0x30 CMakeFiles/tinyusb_host_hid_controller.dir/Users/andychen/pico/pico-sdk/lib/tinyusb/src/class/hid/hid_host.c.obj
 .text.config_get_report_desc
                0x00000000100062d8       0xe4 CMakeFiles/tinyusb_host_hid_controller.dir/Users/andychen/pico/pico-sdk/lib/tinyusb/src/class/hid/hid_host.c.obj
 .text.config_get_report_desc_complete
                0x00000000100063bc       0x44 CMakeFiles/tinyusb_host_hid_controller.dir/Users/andychen/pico/pico-sdk/lib/tinyusb/src/class/hid/hid_host.c.obj
 .text.tuh_hid_receive_report
                0x0000000010006400       0x54 CMakeFiles/tinyusb_host_hid_controller.dir/Users/andychen/pico/pico-sdk/lib/tinyusb/src/class/hid/hid_host.c.obj
                0x0000000010006400                tuh_hid_receive_report
 .text.hidh_init
                0x0000000010006454       0x18 CMakeFiles/tinyusb_host_hid_controller.dir/Users/andychen/pico/pico-sdk/lib/tinyusb/src/class/hid/hid_host.c.obj
                0x0000000010006454                hidh_init
 .text.hidh_xfer_cb
                0x000000001000646c       0x68 CMakeFiles/tinyusb_host_hid_controller.dir/Users/andychen/pico/pico-sdk/lib/tinyusb/src/class/hid/hid_host.c.obj
                0x000000001000646c                hidh_xfer_cb
 .text.hidh_close
                0x00000000100064d4       0x58 CMakeFiles/tinyusb_host_hid_controller.dir/Users/andychen/pico/pico-sdk/lib/tinyusb/src/class/hid/hid_host.c.obj
                0x00000000100064d4                hidh_close
 .text.hidh_open
                0x000000001000652c      0x158 CMakeFiles/tinyusb_host_hid_controller.dir/Users/andychen/pico/pico-sdk/lib/tinyusb/src/class/hid/hid_host.c.obj
                0x000000001000652c                hidh_open
 .text.hidh_set_config
                0x0000000010006684       0x9c CMakeFiles/tinyusb_host_hid_controller.dir/Users/andychen/pico/pico-sdk/lib/tinyusb/src/class/hid/hid_host.c.obj
                0x0000000010006684                hidh_set_config
 .text.tusb_init
                0x0000000010006720       0x24 CMakeFiles/tinyusb_host_hid_controller.dir/Users/andychen/pico/pico-sdk/lib/tinyusb/src/tusb.c.obj
                0x0000000010006720                tusb_init
 .text.tusb_inited
                0x0000000010006744        0xe CMakeFiles/tinyusb_host_hid_controller.dir/Users/andychen/pico/pico-sdk/lib/tinyusb/src/tusb.c.obj
                0x0000000010006744                tusb_inited
 *fill*         0x0000000010006752        0x2 
 .text.tu_edpt_validate
                0x0000000010006754       0xa8 CMakeFiles/tinyusb_host_hid_controller.dir/Users/andychen/pico/pico-sdk/lib/tinyusb/src/tusb.c.obj
                0x0000000010006754                tu_edpt_validate
 .text.tu_edpt_bind_driver
                0x00000000100067fc       0x2a CMakeFiles/tinyusb_host_hid_controller.dir/Users/andychen/pico/pico-sdk/lib/tinyusb/src/tusb.c.obj
                0x00000000100067fc                tu_edpt_bind_driver
 .text.tu_desc_get_interface_total_len
                0x0000000010006826       0x3e CMakeFiles/tinyusb_host_hid_controller.dir/Users/andychen/pico/pico-sdk/lib/tinyusb/src/tusb.c.obj
                0x0000000010006826                tu_desc_get_interface_total_len
 .text.advance_pointer
                0x0000000010006864       0x18 CMakeFiles/tinyusb_host_hid_controller.dir/Users/andychen/pico/pico-sdk/lib/tinyusb/src/common/tusb_fifo.c.obj
 .text.backward_pointer
                0x000000001000687c       0x1e CMakeFiles/tinyusb_host_hid_controller.dir/Users/andychen/pico/pico-sdk/lib/tinyusb/src/common/tusb_fifo.c.obj
 .text.get_relative_pointer
                0x000000001000689a       0x10 CMakeFiles/tinyusb_host_hid_controller.dir/Users/andychen/pico/pico-sdk/lib/tinyusb/src/common/tusb_fifo.c.obj
 .text._tu_fifo_peek
                0x00000000100068aa       0x50 CMakeFiles/tinyusb_host_hid_controller.dir/Users/andychen/pico/pico-sdk/lib/tinyusb/src/common/tusb_fifo.c.obj
 .text.tu_fifo_read
                0x00000000100068fa       0x42 CMakeFiles/tinyusb_host_hid_controller.dir/Users/andychen/pico/pico-sdk/lib/tinyusb/src/common/tusb_fifo.c.obj
                0x00000000100068fa                tu_fifo_read
 .text.tu_fifo_write
                0x000000001000693c       0x6c CMakeFiles/tinyusb_host_hid_controller.dir/Users/andychen/pico/pico-sdk/lib/tinyusb/src/common/tusb_fifo.c.obj
                0x000000001000693c                tu_fifo_write
 .text.tu_fifo_clear
                0x00000000100069a8       0x4c CMakeFiles/tinyusb_host_hid_controller.dir/Users/andychen/pico/pico-sdk/lib/tinyusb/src/common/tusb_fifo.c.obj
                0x00000000100069a8                tu_fifo_clear
 .text.memcmp   0x00000000100069f4       0x48 /opt/homebrew/Cellar/arm-none-eabi-gcc/10.3-2021.07/gcc/bin/../lib/gcc/arm-none-eabi/10.3.1/../../../../arm-none-eabi/lib/thumb/v6-m/nofp/libg.a(lib_a-memcmp.o)
                0x00000000100069f4                memcmp
 .text.strlen   0x0000000010006a3c       0x5c /opt/homebrew/Cellar/arm-none-eabi-gcc/10.3-2021.07/gcc/bin/../lib/gcc/arm-none-eabi/10.3.1/../../../../arm-none-eabi/lib/thumb/v6-m/nofp/libg.a(lib_a-strlen-stub.o)
                0x0000000010006a3c                strlen
 *(.fini)
 .fini          0x0000000010006a98        0x4 /opt/homebrew/Cellar/arm-none-eabi-gcc/10.3-2021.07/gcc/bin/../lib/gcc/arm-none-eabi/10.3.1/thumb/v6-m/nofp/crti.o
                0x0000000010006a98                _fini
 *fill*         0x0000000010006a9c        0x4 
 .fini.__stub   0x0000000010006aa0       0x60 linker stubs
 *crtbegin.o(.ctors)
 *crtbegin?.o(.ctors)
 *(EXCLUDE_FILE(*crtend.o *crtend?.o) .ctors)
 *(SORT_BY_NAME(.ctors.*))
 *(.ctors)
 *crtbegin.o(.dtors)
 *crtbegin?.o(.dtors)
 *(EXCLUDE_FILE(*crtend.o *crtend?.o) .dtors)
 *(SORT_BY_NAME(.dtors.*))
 *(.dtors)
 *(.eh_frame*)
 .eh_frame      0x0000000010006b00        0x0 /opt/homebrew/Cellar/arm-none-eabi-gcc/10.3-2021.07/gcc/bin/../lib/gcc/arm-none-eabi/10.3.1/thumb/v6-m/nofp/crtbegin.o
                0x0000000010006b00                . = ALIGN (0x4)

.glue_7         0x0000000010006b00        0x0
 .glue_7        0x0000000010006b00        0x0 linker stubs

.glue_7t        0x0000000010006b00        0x0
 .glue_7t       0x0000000010006b00        0x0 linker stubs

.vfp11_veneer   0x0000000010006b00        0x0
 .vfp11_veneer  0x0000000010006b00        0x0 linker stubs

.v4_bx          0x0000000010006b00        0x0
 .v4_bx         0x0000000010006b00        0x0 linker stubs

.iplt           0x0000000010006b00        0x0
 .iplt          0x0000000010006b00        0x0 /opt/homebrew/Cellar/arm-none-eabi-gcc/10.3-2021.07/gcc/bin/../lib/gcc/arm-none-eabi/10.3.1/thumb/v6-m/nofp/crtbegin.o

.rodata         0x0000000010006b00     0x1738
 *(EXCLUDE_FILE(*libm.a: *libc.a:*lib_a-mem*.o *libgcc.a:) .rodata*)
 .rodata.str1.4
                0x0000000010006b00       0x21 CMakeFiles/tinyusb_host_hid_controller.dir/src/hid_app.c.obj
                                         0x25 (size before relaxing)
 *fill*         0x0000000010006b21        0x3 
 .rodata.tuh_hid_mount_cb.str1.4
                0x0000000010006b24       0x79 CMakeFiles/tinyusb_host_hid_controller.dir/src/hid_app.c.obj
 *fill*         0x0000000010006b9d        0x3 
 .rodata.tuh_hid_umount_cb.str1.4
                0x0000000010006ba0       0x36 CMakeFiles/tinyusb_host_hid_controller.dir/src/hid_app.c.obj
 *fill*         0x0000000010006bd6        0x2 
 .rodata.process_sony_ds4.str1.4
                0x0000000010006bd8       0x8a CMakeFiles/tinyusb_host_hid_controller.dir/src/hid_app.c.obj
 *fill*         0x0000000010006c62        0x2 
 .rodata        0x0000000010006c64       0x24 CMakeFiles/tinyusb_host_hid_controller.dir/src/hid_app.c.obj
 .rodata.led_blinking_task.str1.4
                0x0000000010006c88       0x64 CMakeFiles/tinyusb_host_hid_controller.dir/src/main.c.obj
 .rodata.main.str1.4
                0x0000000010006cec       0x69 CMakeFiles/tinyusb_host_hid_controller.dir/src/main.c.obj
 *fill*         0x0000000010006d55        0x3 
 .rodata.__func__.0
                0x0000000010006d58       0x15 CMakeFiles/tinyusb_host_hid_controller.dir/src/main.c.obj
 *fill*         0x0000000010006d6d        0x3 
 .rodata.spin_lock_claim_unused.str1.4
                0x0000000010006d70       0x1b CMakeFiles/tinyusb_host_hid_controller.dir/Users/andychen/pico/pico-sdk/src/rp2_common/hardware_sync/sync.c.obj
 *fill*         0x0000000010006d8b        0x1 
 .rodata.make_branch.str1.4
                0x0000000010006d8c       0x70 CMakeFiles/tinyusb_host_hid_controller.dir/Users/andychen/pico/pico-sdk/src/rp2_common/hardware_irq/irq.c.obj
 .rodata.insert_branch_and_link.str1.4
                0x0000000010006dfc       0x10 CMakeFiles/tinyusb_host_hid_controller.dir/Users/andychen/pico/pico-sdk/src/rp2_common/hardware_irq/irq.c.obj
 .rodata.irq_set_exclusive_handler.str1.4
                0x0000000010006e0c       0x36 CMakeFiles/tinyusb_host_hid_controller.dir/Users/andychen/pico/pico-sdk/src/rp2_common/hardware_irq/irq.c.obj
 *fill*         0x0000000010006e42        0x2 
 .rodata.irq_add_shared_handler.str1.4
                0x0000000010006e44       0xd9 CMakeFiles/tinyusb_host_hid_controller.dir/Users/andychen/pico/pico-sdk/src/rp2_common/hardware_irq/irq.c.obj
 *fill*         0x0000000010006f1d        0x3 
 .rodata.irq_remove_handler.str1.4
                0x0000000010006f20       0x2a CMakeFiles/tinyusb_host_hid_controller.dir/Users/andychen/pico/pico-sdk/src/rp2_common/hardware_irq/irq.c.obj
 *fill*         0x0000000010006f4a        0x2 
 .rodata.irq_add_tail_to_free_list.str1.4
                0x0000000010006f4c       0x3a CMakeFiles/tinyusb_host_hid_controller.dir/Users/andychen/pico/pico-sdk/src/rp2_common/hardware_irq/irq.c.obj
 *fill*         0x0000000010006f86        0x2 
 .rodata.__func__.0
                0x0000000010006f88       0x1a CMakeFiles/tinyusb_host_hid_controller.dir/Users/andychen/pico/pico-sdk/src/rp2_common/hardware_irq/irq.c.obj
 *fill*         0x0000000010006fa2        0x2 
 .rodata.__func__.1
                0x0000000010006fa4       0x17 CMakeFiles/tinyusb_host_hid_controller.dir/Users/andychen/pico/pico-sdk/src/rp2_common/hardware_irq/irq.c.obj
 *fill*         0x0000000010006fbb        0x1 
 .rodata.__func__.2
                0x0000000010006fbc       0x13 CMakeFiles/tinyusb_host_hid_controller.dir/Users/andychen/pico/pico-sdk/src/rp2_common/hardware_irq/irq.c.obj
 *fill*         0x0000000010006fcf        0x1 
 .rodata.__func__.3
                0x0000000010006fd0        0xc CMakeFiles/tinyusb_host_hid_controller.dir/Users/andychen/pico/pico-sdk/src/rp2_common/hardware_irq/irq.c.obj
 .rodata.__func__.4
                0x0000000010006fdc        0xf CMakeFiles/tinyusb_host_hid_controller.dir/Users/andychen/pico/pico-sdk/src/rp2_common/hardware_irq/irq.c.obj
 *fill*         0x0000000010006feb        0x1 
 .rodata.__func__.6
                0x0000000010006fec       0x1a CMakeFiles/tinyusb_host_hid_controller.dir/Users/andychen/pico/pico-sdk/src/rp2_common/hardware_irq/irq.c.obj
 *fill*         0x0000000010007006        0x2 
 .rodata.repeating_timer_callback.str1.4
                0x0000000010007008       0x4e CMakeFiles/tinyusb_host_hid_controller.dir/Users/andychen/pico/pico-sdk/src/common/pico_time/time.c.obj
 *fill*         0x0000000010007056        0x2 
 .rodata.alarm_pool_dump_key.str1.4
                0x0000000010007058       0x33 CMakeFiles/tinyusb_host_hid_controller.dir/Users/andychen/pico/pico-sdk/src/common/pico_time/time.c.obj
 *fill*         0x000000001000708b        0x1 
 .rodata.ph_add_child_node.str1.4
                0x000000001000708c       0x9a CMakeFiles/tinyusb_host_hid_controller.dir/Users/andychen/pico/pico-sdk/src/common/pico_time/time.c.obj
 *fill*         0x0000000010007126        0x2 
 .rodata.add_alarm_under_lock.str1.4
                0x0000000010007128       0x28 CMakeFiles/tinyusb_host_hid_controller.dir/Users/andychen/pico/pico-sdk/src/common/pico_time/time.c.obj
                                         0x2b (size before relaxing)
 .rodata.alarm_pool_alarm_callback.str1.4
                0x0000000010007150       0x82 CMakeFiles/tinyusb_host_hid_controller.dir/Users/andychen/pico/pico-sdk/src/common/pico_time/time.c.obj
                                         0xe6 (size before relaxing)
 *fill*         0x00000000100071d2        0x2 
 .rodata.alarm_pool_get_default.str1.4
                0x00000000100071d4       0x21 CMakeFiles/tinyusb_host_hid_controller.dir/Users/andychen/pico/pico-sdk/src/common/pico_time/time.c.obj
 *fill*         0x00000000100071f5        0x3 
 .rodata.alarm_pool_cancel_alarm.str1.4
                0x00000000100071f8       0x27 CMakeFiles/tinyusb_host_hid_controller.dir/Users/andychen/pico/pico-sdk/src/common/pico_time/time.c.obj
 *fill*         0x000000001000721f        0x1 
 .rodata.sleep_until.str1.4
                0x0000000010007220       0x4d CMakeFiles/tinyusb_host_hid_controller.dir/Users/andychen/pico/pico-sdk/src/common/pico_time/time.c.obj
 *fill*         0x000000001000726d        0x3 
 .rodata.__func__.1
                0x0000000010007270       0x18 CMakeFiles/tinyusb_host_hid_controller.dir/Users/andychen/pico/pico-sdk/src/common/pico_time/time.c.obj
 .rodata.__func__.10
                0x0000000010007288       0x15 CMakeFiles/tinyusb_host_hid_controller.dir/Users/andychen/pico/pico-sdk/src/common/pico_time/time.c.obj
 *fill*         0x000000001000729d        0x3 
 .rodata.__func__.11
                0x00000000100072a0       0x1a CMakeFiles/tinyusb_host_hid_controller.dir/Users/andychen/pico/pico-sdk/src/common/pico_time/time.c.obj
 *fill*         0x00000000100072ba        0x2 
 .rodata.__func__.12
                0x00000000100072bc        0xa CMakeFiles/tinyusb_host_hid_controller.dir/Users/andychen/pico/pico-sdk/src/common/pico_time/time.c.obj
 *fill*         0x00000000100072c6        0x2 
 .rodata.__func__.3
                0x00000000100072c8       0x17 CMakeFiles/tinyusb_host_hid_controller.dir/Users/andychen/pico/pico-sdk/src/common/pico_time/time.c.obj
 *fill*         0x00000000100072df        0x1 
 .rodata.__func__.4
                0x00000000100072e0       0x12 CMakeFiles/tinyusb_host_hid_controller.dir/Users/andychen/pico/pico-sdk/src/common/pico_time/time.c.obj
 *fill*         0x00000000100072f2        0x2 
 .rodata.__func__.5
                0x00000000100072f4        0xd CMakeFiles/tinyusb_host_hid_controller.dir/Users/andychen/pico/pico-sdk/src/common/pico_time/time.c.obj
 *fill*         0x0000000010007301        0x3 
 .rodata.__func__.6
                0x0000000010007304       0x12 CMakeFiles/tinyusb_host_hid_controller.dir/Users/andychen/pico/pico-sdk/src/common/pico_time/time.c.obj
 *fill*         0x0000000010007316        0x2 
 .rodata.__func__.7
                0x0000000010007318        0xf CMakeFiles/tinyusb_host_hid_controller.dir/Users/andychen/pico/pico-sdk/src/common/pico_time/time.c.obj
 *fill*         0x0000000010007327        0x1 
 .rodata.__func__.8
                0x0000000010007328        0xc CMakeFiles/tinyusb_host_hid_controller.dir/Users/andychen/pico/pico-sdk/src/common/pico_time/time.c.obj
 .rodata.__func__.9
                0x0000000010007334       0x15 CMakeFiles/tinyusb_host_hid_controller.dir/Users/andychen/pico/pico-sdk/src/common/pico_time/time.c.obj
 *fill*         0x0000000010007349        0x3 
 .rodata.hardware_alarm_claim.str1.4
                0x000000001000734c       0x22 CMakeFiles/tinyusb_host_hid_controller.dir/Users/andychen/pico/pico-sdk/src/rp2_common/hardware_timer/timer.c.obj
 .rodata.busy_wait_us.str1.4
                0x000000001000736e       0x64 CMakeFiles/tinyusb_host_hid_controller.dir/Users/andychen/pico/pico-sdk/src/rp2_common/hardware_timer/timer.c.obj
 *fill*         0x000000001000736e        0x2 
 .rodata.hardware_alarm_set_target.str1.4
                0x0000000010007370       0x68 CMakeFiles/tinyusb_host_hid_controller.dir/Users/andychen/pico/pico-sdk/src/rp2_common/hardware_timer/timer.c.obj
 .rodata.__func__.0
                0x00000000100073d8       0x1a CMakeFiles/tinyusb_host_hid_controller.dir/Users/andychen/pico/pico-sdk/src/rp2_common/hardware_timer/timer.c.obj
 *fill*         0x00000000100073f2        0x2 
 .rodata.__func__.1
                0x00000000100073f4       0x15 CMakeFiles/tinyusb_host_hid_controller.dir/Users/andychen/pico/pico-sdk/src/rp2_common/hardware_timer/timer.c.obj
 .rodata.ph_add_child_node.str1.4
                0x0000000010007409       0x9a CMakeFiles/tinyusb_host_hid_controller.dir/Users/andychen/pico/pico-sdk/src/common/pico_util/pheap.c.obj
 *fill*         0x0000000010007409        0x3 
 .rodata.ph_remove_any_head.str1.4
                0x000000001000740c       0x90 CMakeFiles/tinyusb_host_hid_controller.dir/Users/andychen/pico/pico-sdk/src/common/pico_util/pheap.c.obj
 .rodata.ph_remove_and_free_node.str1.4
                0x000000001000749c       0x1e CMakeFiles/tinyusb_host_hid_controller.dir/Users/andychen/pico/pico-sdk/src/common/pico_util/pheap.c.obj
                                         0x26 (size before relaxing)
 *fill*         0x00000000100074ba        0x2 
 .rodata.__func__.0
                0x00000000100074bc       0x18 CMakeFiles/tinyusb_host_hid_controller.dir/Users/andychen/pico/pico-sdk/src/common/pico_util/pheap.c.obj
 .rodata.__func__.1
                0x00000000100074d4       0x13 CMakeFiles/tinyusb_host_hid_controller.dir/Users/andychen/pico/pico-sdk/src/common/pico_util/pheap.c.obj
 *fill*         0x00000000100074e7        0x1 
 .rodata.__func__.2
                0x00000000100074e8       0x12 CMakeFiles/tinyusb_host_hid_controller.dir/Users/andychen/pico/pico-sdk/src/common/pico_util/pheap.c.obj
 *fill*         0x00000000100074fa        0x2 
 .rodata.__func__.3
                0x00000000100074fc        0xc CMakeFiles/tinyusb_host_hid_controller.dir/Users/andychen/pico/pico-sdk/src/common/pico_util/pheap.c.obj
 .rodata.str1.4
                0x0000000010007508       0x8d CMakeFiles/tinyusb_host_hid_controller.dir/Users/andychen/pico/pico-sdk/src/common/pico_sync/mutex.c.obj
                                         0xf1 (size before relaxing)
 *fill*         0x0000000010007595        0x3 
 .rodata.__func__.1
                0x0000000010007598        0xb CMakeFiles/tinyusb_host_hid_controller.dir/Users/andychen/pico/pico-sdk/src/common/pico_sync/mutex.c.obj
 *fill*         0x00000000100075a3        0x1 
 .rodata.__func__.3
                0x00000000100075a4       0x18 CMakeFiles/tinyusb_host_hid_controller.dir/Users/andychen/pico/pico-sdk/src/common/pico_sync/mutex.c.obj
 .rodata.__func__.4
                0x00000000100075bc       0x15 CMakeFiles/tinyusb_host_hid_controller.dir/Users/andychen/pico/pico-sdk/src/common/pico_sync/mutex.c.obj
 *fill*         0x00000000100075d1        0x3 
 .rodata.__assert_func.str1.4
                0x00000000100075d4       0x3f CMakeFiles/tinyusb_host_hid_controller.dir/Users/andychen/pico/pico-sdk/src/rp2_common/pico_runtime/runtime.c.obj
                                         0x43 (size before relaxing)
 *fill*         0x0000000010007613        0x1 
 .rodata.runtime_init.str1.4
                0x0000000010007614       0x64 CMakeFiles/tinyusb_host_hid_controller.dir/Users/andychen/pico/pico-sdk/src/rp2_common/pico_runtime/runtime.c.obj
 .rodata.panic.str1.4
                0x0000000010007678       0x10 CMakeFiles/tinyusb_host_hid_controller.dir/Users/andychen/pico/pico-sdk/src/rp2_common/pico_runtime/runtime.c.obj
                                         0x12 (size before relaxing)
 .rodata.__func__.1
                0x0000000010007688        0xd CMakeFiles/tinyusb_host_hid_controller.dir/Users/andychen/pico/pico-sdk/src/rp2_common/pico_runtime/runtime.c.obj
 *fill*         0x0000000010007695        0x3 
 .rodata.clock_configure.str1.4
                0x0000000010007698       0x5a CMakeFiles/tinyusb_host_hid_controller.dir/Users/andychen/pico/pico-sdk/src/rp2_common/hardware_clocks/clocks.c.obj
 *fill*         0x00000000100076f2        0x2 
 .rodata.__func__.1
                0x00000000100076f4       0x10 CMakeFiles/tinyusb_host_hid_controller.dir/Users/andychen/pico/pico-sdk/src/rp2_common/hardware_clocks/clocks.c.obj
 .rodata.pll_init.str1.4
                0x0000000010007704      0x13b CMakeFiles/tinyusb_host_hid_controller.dir/Users/andychen/pico/pico-sdk/src/rp2_common/hardware_pll/pll.c.obj
 *fill*         0x000000001000783f        0x1 
 .rodata.__func__.0
                0x0000000010007840        0x9 CMakeFiles/tinyusb_host_hid_controller.dir/Users/andychen/pico/pico-sdk/src/rp2_common/hardware_pll/pll.c.obj
 *fill*         0x0000000010007849        0x3 
 .rodata._ftoa.str1.4
                0x000000001000784c       0x15 CMakeFiles/tinyusb_host_hid_controller.dir/Users/andychen/pico/pico-sdk/src/rp2_common/pico_printf/printf.c.obj
 *fill*         0x0000000010007861        0x3 
 .rodata._vsnprintf
                0x0000000010007864      0x1e0 CMakeFiles/tinyusb_host_hid_controller.dir/Users/andychen/pico/pico-sdk/src/rp2_common/pico_printf/printf.c.obj
 *fill*         0x0000000010007a44        0x4 
 .rodata.pow10.0
                0x0000000010007a48       0x50 CMakeFiles/tinyusb_host_hid_controller.dir/Users/andychen/pico/pico-sdk/src/rp2_common/pico_printf/printf.c.obj
 .rodata.__aeabi_double_init.str1.4
                0x0000000010007a98       0xab CMakeFiles/tinyusb_host_hid_controller.dir/Users/andychen/pico/pico-sdk/src/rp2_common/pico_double/double_init_rom.c.obj
 *fill*         0x0000000010007b43        0x1 
 .rodata.__func__.0
                0x0000000010007b44       0x14 CMakeFiles/tinyusb_host_hid_controller.dir/Users/andychen/pico/pico-sdk/src/rp2_common/pico_double/double_init_rom.c.obj
 .rodata.__aeabi_float_init.str1.4
                0x0000000010007b58       0x7d CMakeFiles/tinyusb_host_hid_controller.dir/Users/andychen/pico/pico-sdk/src/rp2_common/pico_float/float_init_rom.c.obj
                                         0x81 (size before relaxing)
 *fill*         0x0000000010007bd5        0x3 
 .rodata.__func__.0
                0x0000000010007bd8       0x13 CMakeFiles/tinyusb_host_hid_controller.dir/Users/andychen/pico/pico-sdk/src/rp2_common/pico_float/float_init_rom.c.obj
 *fill*         0x0000000010007beb        0x1 
 .rodata.str1.4
                0x0000000010007bec       0x50 CMakeFiles/tinyusb_host_hid_controller.dir/Users/andychen/pico/pico-sdk/src/rp2_common/pico_standard_link/binary_info.c.obj
 .rodata.__bi_44
                0x0000000010007c3c        0xc CMakeFiles/tinyusb_host_hid_controller.dir/Users/andychen/pico/pico-sdk/src/rp2_common/pico_standard_link/binary_info.c.obj
 .rodata.__bi_75
                0x0000000010007c48        0xc CMakeFiles/tinyusb_host_hid_controller.dir/Users/andychen/pico/pico-sdk/src/rp2_common/pico_standard_link/binary_info.c.obj
 .rodata.__bi_81
                0x0000000010007c54        0xc CMakeFiles/tinyusb_host_hid_controller.dir/Users/andychen/pico/pico-sdk/src/rp2_common/pico_standard_link/binary_info.c.obj
 .rodata.crlf_str.3
                0x0000000010007c60        0x2 CMakeFiles/tinyusb_host_hid_controller.dir/Users/andychen/pico/pico-sdk/src/rp2_common/pico_stdio/stdio.c.obj
 *fill*         0x0000000010007c62        0x2 
 .rodata.str1.4
                0x0000000010007c64       0x18 CMakeFiles/tinyusb_host_hid_controller.dir/Users/andychen/pico/pico-sdk/src/rp2_common/pico_bootsel_via_double_reset/pico_bootsel_via_double_reset.c.obj
 .rodata.__bi_35
                0x0000000010007c7c        0xc CMakeFiles/tinyusb_host_hid_controller.dir/Users/andychen/pico/pico-sdk/src/rp2_common/pico_bootsel_via_double_reset/pico_bootsel_via_double_reset.c.obj
 .rodata.magic_token
                0x0000000010007c88        0xc CMakeFiles/tinyusb_host_hid_controller.dir/Users/andychen/pico/pico-sdk/src/rp2_common/pico_bootsel_via_double_reset/pico_bootsel_via_double_reset.c.obj
 .rodata.str1.4
                0x0000000010007c94        0x4 CMakeFiles/tinyusb_host_hid_controller.dir/Users/andychen/pico/pico-sdk/lib/tinyusb/hw/bsp/rp2040/family.c.obj
 .rodata.__bi_121.0
                0x0000000010007c98        0xc CMakeFiles/tinyusb_host_hid_controller.dir/Users/andychen/pico/pico-sdk/lib/tinyusb/hw/bsp/rp2040/family.c.obj
 .rodata.__bi_131.1
                0x0000000010007ca4        0x8 CMakeFiles/tinyusb_host_hid_controller.dir/Users/andychen/pico/pico-sdk/lib/tinyusb/hw/bsp/rp2040/family.c.obj
 .rodata._hw_endpoint_allocate.str1.4
                0x0000000010007cac       0x5b CMakeFiles/tinyusb_host_hid_controller.dir/Users/andychen/pico/pico-sdk/lib/tinyusb/src/portable/raspberrypi/rp2040/hcd_rp2040.c.obj
 *fill*         0x0000000010007d07        0x1 
 .rodata.hw_handle_buff_status.str1.4
                0x0000000010007d08       0x15 CMakeFiles/tinyusb_host_hid_controller.dir/Users/andychen/pico/pico-sdk/lib/tinyusb/src/portable/raspberrypi/rp2040/hcd_rp2040.c.obj
 *fill*         0x0000000010007d1d        0x3 
 .rodata.hw_trans_complete.str1.4
                0x0000000010007d20        0xb CMakeFiles/tinyusb_host_hid_controller.dir/Users/andychen/pico/pico-sdk/lib/tinyusb/src/portable/raspberrypi/rp2040/hcd_rp2040.c.obj
 *fill*         0x0000000010007d2b        0x1 
 .rodata.hcd_rp2040_irq.str1.4
                0x0000000010007d2c       0x28 CMakeFiles/tinyusb_host_hid_controller.dir/Users/andychen/pico/pico-sdk/lib/tinyusb/src/portable/raspberrypi/rp2040/hcd_rp2040.c.obj
 .rodata.hcd_init.str1.4
                0x0000000010007d54        0xc CMakeFiles/tinyusb_host_hid_controller.dir/Users/andychen/pico/pico-sdk/lib/tinyusb/src/portable/raspberrypi/rp2040/hcd_rp2040.c.obj
 .rodata.hcd_port_speed_get.str1.4
                0x0000000010007d60        0xf CMakeFiles/tinyusb_host_hid_controller.dir/Users/andychen/pico/pico-sdk/lib/tinyusb/src/portable/raspberrypi/rp2040/hcd_rp2040.c.obj
 *fill*         0x0000000010007d6f        0x1 
 .rodata._hw_endpoint_init.str1.4
                0x0000000010007d70       0x6b CMakeFiles/tinyusb_host_hid_controller.dir/Users/andychen/pico/pico-sdk/lib/tinyusb/src/portable/raspberrypi/rp2040/hcd_rp2040.c.obj
 *fill*         0x0000000010007ddb        0x1 
 .rodata.hcd_edpt_xfer.str1.4
                0x0000000010007ddc        0xc CMakeFiles/tinyusb_host_hid_controller.dir/Users/andychen/pico/pico-sdk/lib/tinyusb/src/portable/raspberrypi/rp2040/hcd_rp2040.c.obj
 .rodata.hcd_setup_send.str1.4
                0x0000000010007de8        0xf CMakeFiles/tinyusb_host_hid_controller.dir/Users/andychen/pico/pico-sdk/lib/tinyusb/src/portable/raspberrypi/rp2040/hcd_rp2040.c.obj
 *fill*         0x0000000010007df7        0x1 
 .rodata.__func__.0
                0x0000000010007df8        0xf CMakeFiles/tinyusb_host_hid_controller.dir/Users/andychen/pico/pico-sdk/lib/tinyusb/src/portable/raspberrypi/rp2040/hcd_rp2040.c.obj
 *fill*         0x0000000010007e07        0x1 
 .rodata.__func__.1
                0x0000000010007e08        0xe CMakeFiles/tinyusb_host_hid_controller.dir/Users/andychen/pico/pico-sdk/lib/tinyusb/src/portable/raspberrypi/rp2040/hcd_rp2040.c.obj
 *fill*         0x0000000010007e16        0x2 
 .rodata.__func__.10
                0x0000000010007e18        0x9 CMakeFiles/tinyusb_host_hid_controller.dir/Users/andychen/pico/pico-sdk/lib/tinyusb/src/portable/raspberrypi/rp2040/hcd_rp2040.c.obj
 *fill*         0x0000000010007e21        0x3 
 .rodata.__func__.2
                0x0000000010007e24       0x12 CMakeFiles/tinyusb_host_hid_controller.dir/Users/andychen/pico/pico-sdk/lib/tinyusb/src/portable/raspberrypi/rp2040/hcd_rp2040.c.obj
 *fill*         0x0000000010007e36        0x2 
 .rodata.__func__.3
                0x0000000010007e38       0x16 CMakeFiles/tinyusb_host_hid_controller.dir/Users/andychen/pico/pico-sdk/lib/tinyusb/src/portable/raspberrypi/rp2040/hcd_rp2040.c.obj
 *fill*         0x0000000010007e4e        0x2 
 .rodata.__func__.5
                0x0000000010007e50        0xf CMakeFiles/tinyusb_host_hid_controller.dir/Users/andychen/pico/pico-sdk/lib/tinyusb/src/portable/raspberrypi/rp2040/hcd_rp2040.c.obj
 *fill*         0x0000000010007e5f        0x1 
 .rodata.__func__.6
                0x0000000010007e60       0x13 CMakeFiles/tinyusb_host_hid_controller.dir/Users/andychen/pico/pico-sdk/lib/tinyusb/src/portable/raspberrypi/rp2040/hcd_rp2040.c.obj
 *fill*         0x0000000010007e73        0x1 
 .rodata.__func__.7
                0x0000000010007e74       0x18 CMakeFiles/tinyusb_host_hid_controller.dir/Users/andychen/pico/pico-sdk/lib/tinyusb/src/portable/raspberrypi/rp2040/hcd_rp2040.c.obj
 .rodata.__func__.8
                0x0000000010007e8c        0xf CMakeFiles/tinyusb_host_hid_controller.dir/Users/andychen/pico/pico-sdk/lib/tinyusb/src/portable/raspberrypi/rp2040/hcd_rp2040.c.obj
 *fill*         0x0000000010007e9b        0x1 
 .rodata.__func__.9
                0x0000000010007e9c       0x12 CMakeFiles/tinyusb_host_hid_controller.dir/Users/andychen/pico/pico-sdk/lib/tinyusb/src/portable/raspberrypi/rp2040/hcd_rp2040.c.obj
 *fill*         0x0000000010007eae        0x2 
 .rodata.sync_ep_buffer.str1.4
                0x0000000010007eb0       0x95 CMakeFiles/tinyusb_host_hid_controller.dir/Users/andychen/pico/pico-sdk/lib/tinyusb/src/portable/raspberrypi/rp2040/rp2040_usb.c.obj
 *fill*         0x0000000010007f45        0x3 
 .rodata._hw_endpoint_buffer_control_update32.str1.4
                0x0000000010007f48       0x1f CMakeFiles/tinyusb_host_hid_controller.dir/Users/andychen/pico/pico-sdk/lib/tinyusb/src/portable/raspberrypi/rp2040/rp2040_usb.c.obj
 *fill*         0x0000000010007f67        0x1 
 .rodata.hw_endpoint_xfer_start.str1.4
                0x0000000010007f68       0x38 CMakeFiles/tinyusb_host_hid_controller.dir/Users/andychen/pico/pico-sdk/lib/tinyusb/src/portable/raspberrypi/rp2040/rp2040_usb.c.obj
 .rodata.hw_endpoint_xfer_continue.str1.4
                0x0000000010007fa0       0x29 CMakeFiles/tinyusb_host_hid_controller.dir/Users/andychen/pico/pico-sdk/lib/tinyusb/src/portable/raspberrypi/rp2040/rp2040_usb.c.obj
 *fill*         0x0000000010007fc9        0x3 
 .rodata.str1.4
                0x0000000010007fcc        0x7 CMakeFiles/tinyusb_host_hid_controller.dir/Users/andychen/pico/pico-sdk/lib/tinyusb/src/portable/raspberrypi/rp2040/rp2040_usb.c.obj
 *fill*         0x0000000010007fd3        0x1 
 .rodata.__func__.0
                0x0000000010007fd4        0xf CMakeFiles/tinyusb_host_hid_controller.dir/Users/andychen/pico/pico-sdk/lib/tinyusb/src/portable/raspberrypi/rp2040/rp2040_usb.c.obj
 *fill*         0x0000000010007fe3        0x1 
 .rodata.get_new_address.str1.4
                0x0000000010007fe4       0x17 CMakeFiles/tinyusb_host_hid_controller.dir/Users/andychen/pico/pico-sdk/lib/tinyusb/src/host/usbh.c.obj
 *fill*         0x0000000010007ffb        0x1 
 .rodata        0x0000000010007ffc       0x20 CMakeFiles/tinyusb_host_hid_controller.dir/Users/andychen/pico/pico-sdk/lib/tinyusb/src/host/usbh.c.obj
 .rodata.__func__.0
                0x000000001000801c        0xf CMakeFiles/tinyusb_host_hid_controller.dir/Users/andychen/pico/pico-sdk/lib/tinyusb/src/host/usbh.c.obj
 *fill*         0x000000001000802b        0x1 
 .rodata.__func__.1
                0x000000001000802c        0xf CMakeFiles/tinyusb_host_hid_controller.dir/Users/andychen/pico/pico-sdk/lib/tinyusb/src/host/usbh.c.obj
 *fill*         0x000000001000803b        0x1 
 .rodata.__func__.10
                0x000000001000803c       0x24 CMakeFiles/tinyusb_host_hid_controller.dir/Users/andychen/pico/pico-sdk/lib/tinyusb/src/host/usbh.c.obj
 .rodata.__func__.11
                0x0000000010008060       0x1f CMakeFiles/tinyusb_host_hid_controller.dir/Users/andychen/pico/pico-sdk/lib/tinyusb/src/host/usbh.c.obj
 *fill*         0x000000001000807f        0x1 
 .rodata.__func__.12
                0x0000000010008080        0x9 CMakeFiles/tinyusb_host_hid_controller.dir/Users/andychen/pico/pico-sdk/lib/tinyusb/src/host/usbh.c.obj
 *fill*         0x0000000010008089        0x3 
 .rodata.__func__.13
                0x000000001000808c        0x9 CMakeFiles/tinyusb_host_hid_controller.dir/Users/andychen/pico/pico-sdk/lib/tinyusb/src/host/usbh.c.obj
 *fill*         0x0000000010008095        0x3 
 .rodata.__func__.14
                0x0000000010008098        0xb CMakeFiles/tinyusb_host_hid_controller.dir/Users/andychen/pico/pico-sdk/lib/tinyusb/src/host/usbh.c.obj
 *fill*         0x00000000100080a3        0x1 
 .rodata.__func__.2
                0x00000000100080a4       0x10 CMakeFiles/tinyusb_host_hid_controller.dir/Users/andychen/pico/pico-sdk/lib/tinyusb/src/host/usbh.c.obj
 .rodata.__func__.3
                0x00000000100080b4       0x1f CMakeFiles/tinyusb_host_hid_controller.dir/Users/andychen/pico/pico-sdk/lib/tinyusb/src/host/usbh.c.obj
 *fill*         0x00000000100080d3        0x1 
 .rodata.__func__.4
                0x00000000100080d4       0x19 CMakeFiles/tinyusb_host_hid_controller.dir/Users/andychen/pico/pico-sdk/lib/tinyusb/src/host/usbh.c.obj
 *fill*         0x00000000100080ed        0x3 
 .rodata.__func__.5
                0x00000000100080f0       0x1e CMakeFiles/tinyusb_host_hid_controller.dir/Users/andychen/pico/pico-sdk/lib/tinyusb/src/host/usbh.c.obj
 *fill*         0x000000001000810e        0x2 
 .rodata.__func__.6
                0x0000000010008110       0x24 CMakeFiles/tinyusb_host_hid_controller.dir/Users/andychen/pico/pico-sdk/lib/tinyusb/src/host/usbh.c.obj
 .rodata.__func__.7
                0x0000000010008134       0x1e CMakeFiles/tinyusb_host_hid_controller.dir/Users/andychen/pico/pico-sdk/lib/tinyusb/src/host/usbh.c.obj
 *fill*         0x0000000010008152        0x2 
 .rodata.__func__.8
                0x0000000010008154       0x1a CMakeFiles/tinyusb_host_hid_controller.dir/Users/andychen/pico/pico-sdk/lib/tinyusb/src/host/usbh.c.obj
 *fill*         0x000000001000816e        0x2 
 .rodata.__func__.9
                0x0000000010008170       0x16 CMakeFiles/tinyusb_host_hid_controller.dir/Users/andychen/pico/pico-sdk/lib/tinyusb/src/host/usbh.c.obj
 *fill*         0x0000000010008186        0x2 
 .rodata.usbh_class_drivers
                0x0000000010008188       0x14 CMakeFiles/tinyusb_host_hid_controller.dir/Users/andychen/pico/pico-sdk/lib/tinyusb/src/host/usbh.c.obj
 .rodata.tuh_control_xfer.str1.4
                0x000000001000819c       0x17 CMakeFiles/tinyusb_host_hid_controller.dir/Users/andychen/pico/pico-sdk/lib/tinyusb/src/host/usbh_control.c.obj
 .rodata.__func__.0
                0x000000001000819c       0x11 CMakeFiles/tinyusb_host_hid_controller.dir/Users/andychen/pico/pico-sdk/lib/tinyusb/src/host/usbh_control.c.obj
 .rodata.config_set_protocol.str1.4
                0x00000000100081ad       0x17 CMakeFiles/tinyusb_host_hid_controller.dir/Users/andychen/pico/pico-sdk/lib/tinyusb/src/class/hid/hid_host.c.obj
 *fill*         0x00000000100081ad        0x3 
 .rodata.__func__.0
                0x00000000100081b0       0x14 CMakeFiles/tinyusb_host_hid_controller.dir/Users/andychen/pico/pico-sdk/lib/tinyusb/src/class/hid/hid_host.c.obj
 .rodata.__func__.1
                0x00000000100081c4       0x20 CMakeFiles/tinyusb_host_hid_controller.dir/Users/andychen/pico/pico-sdk/lib/tinyusb/src/class/hid/hid_host.c.obj
 .rodata.__func__.2
                0x00000000100081e4       0x17 CMakeFiles/tinyusb_host_hid_controller.dir/Users/andychen/pico/pico-sdk/lib/tinyusb/src/class/hid/hid_host.c.obj
 *fill*         0x00000000100081fb        0x1 
 .rodata.__func__.3
                0x00000000100081fc       0x10 CMakeFiles/tinyusb_host_hid_controller.dir/Users/andychen/pico/pico-sdk/lib/tinyusb/src/class/hid/hid_host.c.obj
 .rodata.__func__.4
                0x000000001000820c        0xa CMakeFiles/tinyusb_host_hid_controller.dir/Users/andychen/pico/pico-sdk/lib/tinyusb/src/class/hid/hid_host.c.obj
 .rodata.tusb_init.str1.4
                0x0000000010008216       0x17 CMakeFiles/tinyusb_host_hid_controller.dir/Users/andychen/pico/pico-sdk/lib/tinyusb/src/tusb.c.obj
 *fill*         0x0000000010008216        0x2 
 .rodata.__func__.0
                0x0000000010008218       0x11 CMakeFiles/tinyusb_host_hid_controller.dir/Users/andychen/pico/pico-sdk/lib/tinyusb/src/tusb.c.obj
 *fill*         0x0000000010008229        0x3 
 .rodata.__func__.1
                0x000000001000822c        0xa CMakeFiles/tinyusb_host_hid_controller.dir/Users/andychen/pico/pico-sdk/lib/tinyusb/src/tusb.c.obj
                0x0000000010008238                . = ALIGN (0x4)
 *fill*         0x0000000010008236        0x2 
 *(SORT_BY_ALIGNMENT(SORT_BY_NAME(.flashdata*)))
                0x0000000010008238                . = ALIGN (0x4)

.rel.dyn        0x0000000010008238        0x0
 .rel.iplt      0x0000000010008238        0x0 /opt/homebrew/Cellar/arm-none-eabi-gcc/10.3-2021.07/gcc/bin/../lib/gcc/arm-none-eabi/10.3.1/thumb/v6-m/nofp/crtbegin.o

.ARM.extab
 *(.ARM.extab* .gnu.linkonce.armextab.*)
                0x0000000010008238                __exidx_start = .

.ARM.exidx
 *(.ARM.exidx* .gnu.linkonce.armexidx.*)
                0x0000000010008238                __exidx_end = .
                0x0000000010008238                . = ALIGN (0x4)
                0x0000000010008238                __binary_info_start = .

.binary_info    0x0000000010008238       0x28
 *(.binary_info.keep.*)
 .binary_info.keep.__bi_ptr22
                0x0000000010008238        0x4 CMakeFiles/tinyusb_host_hid_controller.dir/Users/andychen/pico/pico-sdk/src/rp2_common/pico_standard_link/binary_info.c.obj
 .binary_info.keep.__bi_ptr30
                0x000000001000823c        0x4 CMakeFiles/tinyusb_host_hid_controller.dir/Users/andychen/pico/pico-sdk/src/rp2_common/pico_standard_link/binary_info.c.obj
 .binary_info.keep.__bi_ptr38
                0x0000000010008240        0x4 CMakeFiles/tinyusb_host_hid_controller.dir/Users/andychen/pico/pico-sdk/src/rp2_common/pico_standard_link/binary_info.c.obj
 .binary_info.keep.__bi_ptr44
                0x0000000010008244        0x4 CMakeFiles/tinyusb_host_hid_controller.dir/Users/andychen/pico/pico-sdk/src/rp2_common/pico_standard_link/binary_info.c.obj
 .binary_info.keep.__bi_ptr50
                0x0000000010008248        0x4 CMakeFiles/tinyusb_host_hid_controller.dir/Users/andychen/pico/pico-sdk/src/rp2_common/pico_standard_link/binary_info.c.obj
 .binary_info.keep.__bi_ptr75
                0x000000001000824c        0x4 CMakeFiles/tinyusb_host_hid_controller.dir/Users/andychen/pico/pico-sdk/src/rp2_common/pico_standard_link/binary_info.c.obj
 .binary_info.keep.__bi_ptr81
                0x0000000010008250        0x4 CMakeFiles/tinyusb_host_hid_controller.dir/Users/andychen/pico/pico-sdk/src/rp2_common/pico_standard_link/binary_info.c.obj
 .binary_info.keep.__bi_ptr35
                0x0000000010008254        0x4 CMakeFiles/tinyusb_host_hid_controller.dir/Users/andychen/pico/pico-sdk/src/rp2_common/pico_bootsel_via_double_reset/pico_bootsel_via_double_reset.c.obj
 .binary_info.keep.__bi_ptr121
                0x0000000010008258        0x4 CMakeFiles/tinyusb_host_hid_controller.dir/Users/andychen/pico/pico-sdk/lib/tinyusb/hw/bsp/rp2040/family.c.obj
 .binary_info.keep.__bi_ptr131
                0x000000001000825c        0x4 CMakeFiles/tinyusb_host_hid_controller.dir/Users/andychen/pico/pico-sdk/lib/tinyusb/hw/bsp/rp2040/family.c.obj
 *(.binary_info.*)
                0x0000000010008260                __binary_info_end = .
                0x0000000010008260                . = ALIGN (0x4)
                0x0000000010008260                __etext = .

.ram_vector_table