Archive member included to satisfy reference by file (symbol)

/opt/homebrew/Cellar/arm-none-eabi-gcc/10.3-2021.07/gcc/bin/../lib/gcc/arm-none-eabi/10.3.1/thumb/v6-m/nofp/libgcc.a(_dvmd_tls.o)
                              CMakeFiles/pwm_led_fade.dir/Users/andychen/pico/pico-sdk/src/rp2_common/pico_divider/divider.S.obj (__aeabi_idiv0)
/opt/homebrew/Cellar/arm-none-eabi-gcc/10.3-2021.07/gcc/bin/../lib/gcc/arm-none-eabi/10.3.1/../../../../arm-none-eabi/lib/thumb/v6-m/nofp/libg.a(lib_a-calloc.o)
                              CMakeFiles/pwm_led_fade.dir/Users/andychen/pico/pico-sdk/src/rp2_common/pico_malloc/pico_malloc.c.obj (calloc)
/opt/homebrew/Cellar/arm-none-eabi-gcc/10.3-2021.07/gcc/bin/../lib/gcc/arm-none-eabi/10.3.1/../../../../arm-none-eabi/lib/thumb/v6-m/nofp/libg.a(lib_a-callocr.o)
                              /opt/homebrew/Cellar/arm-none-eabi-gcc/10.3-2021.07/gcc/bin/../lib/gcc/arm-none-eabi/10.3.1/../../../../arm-none-eabi/lib/thumb/v6-m/nofp/libg.a(lib_a-calloc.o) (_calloc_r)
/opt/homebrew/Cellar/arm-none-eabi-gcc/10.3-2021.07/gcc/bin/../lib/gcc/arm-none-eabi/10.3.1/../../../../arm-none-eabi/lib/thumb/v6-m/nofp/libg.a(lib_a-errno.o)
                              /opt/homebrew/Cellar/arm-none-eabi-gcc/10.3-2021.07/gcc/bin/../lib/gcc/arm-none-eabi/10.3.1/../../../../arm-none-eabi/lib/thumb/v6-m/nofp/libg.a(lib_a-callocr.o) (__errno)
/opt/homebrew/Cellar/arm-none-eabi-gcc/10.3-2021.07/gcc/bin/../lib/gcc/arm-none-eabi/10.3.1/../../../../arm-none-eabi/lib/thumb/v6-m/nofp/libg.a(lib_a-impure.o)
                              /opt/homebrew/Cellar/arm-none-eabi-gcc/10.3-2021.07/gcc/bin/../lib/gcc/arm-none-eabi/10.3.1/../../../../arm-none-eabi/lib/thumb/v6-m/nofp/libg.a(lib_a-calloc.o) (_impure_ptr)
/opt/homebrew/Cellar/arm-none-eabi-gcc/10.3-2021.07/gcc/bin/../lib/gcc/arm-none-eabi/10.3.1/../../../../arm-none-eabi/lib/thumb/v6-m/nofp/libg.a(lib_a-init.o)
                              /opt/homebrew/Cellar/arm-none-eabi-gcc/10.3-2021.07/gcc/bin/../lib/gcc/arm-none-eabi/10.3.1/../../../../arm-none-eabi/lib/thumb/v6-m/nofp/crt0.o (__libc_init_array)
/opt/homebrew/Cellar/arm-none-eabi-gcc/10.3-2021.07/gcc/bin/../lib/gcc/arm-none-eabi/10.3.1/../../../../arm-none-eabi/lib/thumb/v6-m/nofp/libg.a(lib_a-malloc.o)
                              CMakeFiles/pwm_led_fade.dir/Users/andychen/pico/pico-sdk/src/rp2_common/pico_malloc/pico_malloc.c.obj (malloc)
/opt/homebrew/Cellar/arm-none-eabi-gcc/10.3-2021.07/gcc/bin/../lib/gcc/arm-none-eabi/10.3.1/../../../../arm-none-eabi/lib/thumb/v6-m/nofp/libg.a(lib_a-mallocr.o)
                              /opt/homebrew/Cellar/arm-none-eabi-gcc/10.3-2021.07/gcc/bin/../lib/gcc/arm-none-eabi/10.3.1/../../../../arm-none-eabi/lib/thumb/v6-m/nofp/libg.a(lib_a-callocr.o) (_malloc_r)
/opt/homebrew/Cellar/arm-none-eabi-gcc/10.3-2021.07/gcc/bin/../lib/gcc/arm-none-eabi/10.3.1/../../../../arm-none-eabi/lib/thumb/v6-m/nofp/libg.a(lib_a-mlock.o)
                              /opt/homebrew/Cellar/arm-none-eabi-gcc/10.3-2021.07/gcc/bin/../lib/gcc/arm-none-eabi/10.3.1/../../../../arm-none-eabi/lib/thumb/v6-m/nofp/libg.a(lib_a-mallocr.o) (__malloc_lock)
/opt/homebrew/Cellar/arm-none-eabi-gcc/10.3-2021.07/gcc/bin/../lib/gcc/arm-none-eabi/10.3.1/../../../../arm-none-eabi/lib/thumb/v6-m/nofp/libg.a(lib_a-realloc.o)
                              CMakeFiles/pwm_led_fade.dir/Users/andychen/pico/pico-sdk/src/rp2_common/pico_malloc/pico_malloc.c.obj (realloc)
/opt/homebrew/Cellar/arm-none-eabi-gcc/10.3-2021.07/gcc/bin/../lib/gcc/arm-none-eabi/10.3.1/../../../../arm-none-eabi/lib/thumb/v6-m/nofp/libg.a(lib_a-reallocr.o)
                              /opt/homebrew/Cellar/arm-none-eabi-gcc/10.3-2021.07/gcc/bin/../lib/gcc/arm-none-eabi/10.3.1/../../../../arm-none-eabi/lib/thumb/v6-m/nofp/libg.a(lib_a-realloc.o) (_realloc_r)
/opt/homebrew/Cellar/arm-none-eabi-gcc/10.3-2021.07/gcc/bin/../lib/gcc/arm-none-eabi/10.3.1/../../../../arm-none-eabi/lib/thumb/v6-m/nofp/libg.a(lib_a-sbrkr.o)
                              /opt/homebrew/Cellar/arm-none-eabi-gcc/10.3-2021.07/gcc/bin/../lib/gcc/arm-none-eabi/10.3.1/../../../../arm-none-eabi/lib/thumb/v6-m/nofp/libg.a(lib_a-mallocr.o) (_sbrk_r)
/opt/homebrew/Cellar/arm-none-eabi-gcc/10.3-2021.07/gcc/bin/../lib/gcc/arm-none-eabi/10.3.1/../../../../arm-none-eabi/lib/thumb/v6-m/nofp/libg.a(lib_a-strlen-stub.o)
                              CMakeFiles/pwm_led_fade.dir/Users/andychen/pico/pico-sdk/src/rp2_common/pico_stdio/stdio.c.obj (strlen)
/opt/homebrew/Cellar/arm-none-eabi-gcc/10.3-2021.07/gcc/bin/../lib/gcc/arm-none-eabi/10.3.1/../../../../arm-none-eabi/lib/thumb/v6-m/nofp/libg.a(lib_a-freer.o)
                              /opt/homebrew/Cellar/arm-none-eabi-gcc/10.3-2021.07/gcc/bin/../lib/gcc/arm-none-eabi/10.3.1/../../../../arm-none-eabi/lib/thumb/v6-m/nofp/libg.a(lib_a-malloc.o) (_free_r)
/opt/homebrew/Cellar/arm-none-eabi-gcc/10.3-2021.07/gcc/bin/../lib/gcc/arm-none-eabi/10.3.1/../../../../arm-none-eabi/lib/thumb/v6-m/nofp/libg.a(lib_a-lock.o)
[...]
Memory Configuration

Name             Origin             Length             Attributes
FLASH            0x0000000010000000 0x0000000000200000 xr
RAM              0x0000000020000000 0x0000000000040000 xrw
SCRATCH_X        0x0000000020040000 0x0000000000001000 xrw
SCRATCH_Y        0x0000000020041000 0x0000000000001000 xrw
*default*        0x0000000000000000 0xffffffffffffffff

Linker script and memory map

LOAD /opt/homebrew/Cellar/arm-none-eabi-gcc/10.3-2021.07/gcc/bin/../lib/gcc/arm-none-eabi/10.3.1/thumb/v6-m/nofp/crti.o
LOAD /opt/homebrew/Cellar/arm-none-eabi-gcc/10.3-2021.07/gcc/bin/../lib/gcc/arm-none-eabi/10.3.1/thumb/v6-m/nofp/crtbegin.o
LOAD /opt/homebrew/Cellar/arm-none-eabi-gcc/10.3-2021.07/gcc/bin/../lib/gcc/arm-none-eabi/10.3.1/../../../../arm-none-eabi/lib/thumb/v6-m/nofp/crt0.o

.flash_begin    0x0000000010000000        0x0
                0x0000000010000000                __flash_binary_start = .

.boot2          0x0000000010000000      0x100
                0x0000000010000000                __boot2_start__ = .
 *(.boot2)
 .boot2         0x0000000010000000      0x100 /var/folders/h8/31kwz4nj3wbct69bn1pb5k1c0000gn/T//ccm2sFaj.o
                0x0000000010000100                __boot2_end__ = .
                0x0000000000000001                ASSERT (((__boot2_end__ - __boot2_start__) == 0x100), ERROR: Pico second stage bootloader must be 256 bytes in size)

.text           0x0000000010000100     0x3d08
                0x0000000010000100                __logical_binary_start = .
 *(.vectors)
 .vectors       0x0000000010000100       0xd4 CMakeFiles/pwm_led_fade.dir/Users/andychen/pico/pico-sdk/src/rp2_common/pico_standard_link/crt0.S.obj
                0x0000000010000100                __VECTOR_TABLE
                0x0000000010000100                __vectors
                0x00000000100001c0                __default_isrs_start
                0x00000000100001c0                isr_invalid
                0x00000000100001c2                isr_nmi
                0x00000000100001c4                isr_hardfault
                0x00000000100001c6                isr_svcall
                0x00000000100001c8                isr_pendsv
                0x00000000100001ca                isr_systick
                0x00000000100001cc                isr_irq28
                0x00000000100001cc                isr_irq19
                0x00000000100001cc                isr_irq0
                0x00000000100001cc                isr_irq6
                0x00000000100001cc                isr_irq22
                0x00000000100001cc                isr_irq17
                0x00000000100001cc                isr_irq14
                0x00000000100001cc                isr_irq2
                0x00000000100001cc                isr_irq10
                0x00000000100001cc                isr_irq8
                0x00000000100001cc                isr_irq24
                0x00000000100001cc                isr_irq1
                0x00000000100001cc                isr_irq7
                0x00000000100001cc                isr_irq21
                0x00000000100001cc                isr_irq20
                0x00000000100001cc                isr_irq15
                0x00000000100001cc                isr_irq25
                0x00000000100001cc                isr_irq4
                0x00000000100001cc                isr_irq16
                0x00000000100001cc                isr_irq29
                0x00000000100001cc                isr_irq26
                0x00000000100001cc                __default_isrs_end
                0x00000000100001cc                isr_irq3
                0x00000000100001cc                isr_irq9
                0x00000000100001cc                __unhandled_user_irq
                0x00000000100001cc                isr_irq13
                0x00000000100001cc                isr_irq27
                0x00000000100001cc                isr_irq31
                0x00000000100001cc                isr_irq5
                0x00000000100001cc                isr_irq11
                0x00000000100001cc                isr_irq23
                0x00000000100001cc                isr_irq18
                0x00000000100001cc                isr_irq30
                0x00000000100001cc                isr_irq12
                0x00000000100001d2                unhandled_user_irq_num_in_r0
 *(.binary_info_header)
 .binary_info_header
                0x00000000100001d4       0x14 CMakeFiles/pwm_led_fade.dir/Users/andychen/pico/pico-sdk/src/rp2_common/pico_standard_link/crt0.S.obj
                0x00000000100001e8                __binary_info_header_end = .
 *(.reset)
 .reset         0x00000000100001e8       0xa8 CMakeFiles/pwm_led_fade.dir/Users/andychen/pico/pico-sdk/src/rp2_common/pico_standard_link/crt0.S.obj
                0x00000000100001e8                _entry_point
                0x0000000010000266                __get_current_exception
 .reset         0x0000000010000290       0x30 CMakeFiles/pwm_led_fade.dir/Users/andychen/pico/pico-sdk/src/rp2_common/pico_standard_link/binary_info.c.obj
 *(.init)
 .init          0x00000000100002c0        0x4 /opt/homebrew/Cellar/arm-none-eabi-gcc/10.3-2021.07/gcc/bin/../lib/gcc/arm-none-eabi/10.3.1/thumb/v6-m/nofp/crti.o
                0x00000000100002c0                _init
 *(EXCLUDE_FILE(*libm.a: *libc.a:*lib_a-mem*.o *libgcc.a:) .text*)
 .text          0x00000000100002c4       0x48 /opt/homebrew/Cellar/arm-none-eabi-gcc/10.3-2021.07/gcc/bin/../lib/gcc/arm-none-eabi/10.3.1/thumb/v6-m/nofp/crtbegin.o
 .text.on_pwm_wrap
                0x000000001000030c       0x70 CMakeFiles/pwm_led_fade.dir/pwm_led_fade.c.obj
                0x000000001000030c                on_pwm_wrap
 .text.main     0x000000001000037c       0x6c CMakeFiles/pwm_led_fade.dir/pwm_led_fade.c.obj
                0x000000001000037c                main
 .text.gpio_set_function
                0x00000000100003e8       0x30 CMakeFiles/pwm_led_fade.dir/Users/andychen/pico/pico-sdk/src/rp2_common/hardware_gpio/gpio.c.obj
                0x00000000100003e8                gpio_set_function
 .text.hw_claim_lock
                0x0000000010000418       0x18 CMakeFiles/pwm_led_fade.dir/Users/andychen/pico/pico-sdk/src/rp2_common/hardware_claim/claim.c.obj
                0x0000000010000418                hw_claim_lock
 .text.hw_claim_unlock
                0x0000000010000430       0x14 CMakeFiles/pwm_led_fade.dir/Users/andychen/pico/pico-sdk/src/rp2_common/hardware_claim/claim.c.obj
                0x0000000010000430                hw_claim_unlock
 .text.hw_claim_or_assert
                0x0000000010000444       0x32 CMakeFiles/pwm_led_fade.dir/Users/andychen/pico/pico-sdk/src/rp2_common/hardware_claim/claim.c.obj
                0x0000000010000444                hw_claim_or_assert
 *fill*         0x0000000010000476        0x2 
 .text.running_on_fpga
                0x0000000010000478       0x14 CMakeFiles/pwm_led_fade.dir/Users/andychen/pico/pico-sdk/src/rp2_common/pico_platform/platform.c.obj
                0x0000000010000478                running_on_fpga
 .text.spin_locks_reset
                0x000000001000048c       0x20 CMakeFiles/pwm_led_fade.dir/Users/andychen/pico/pico-sdk/src/rp2_common/hardware_sync/sync.c.obj
                0x000000001000048c                spin_locks_reset
 .text.next_striped_spin_lock_num
                0x00000000100004ac       0x1c CMakeFiles/pwm_led_fade.dir/Users/andychen/pico/pico-sdk/src/rp2_common/hardware_sync/sync.c.obj
                0x00000000100004ac                next_striped_spin_lock_num
 .text.set_raw_irq_handler_and_unlock
                0x00000000100004c8       0x28 CMakeFiles/pwm_led_fade.dir/Users/andychen/pico/pico-sdk/src/rp2_common/hardware_irq/irq.c.obj
 .text.make_branch
                0x00000000100004f0       0x48 CMakeFiles/pwm_led_fade.dir/Users/andychen/pico/pico-sdk/src/rp2_common/hardware_irq/irq.c.obj
 .text.insert_branch_and_link
                0x0000000010000538       0x40 CMakeFiles/pwm_led_fade.dir/Users/andychen/pico/pico-sdk/src/rp2_common/hardware_irq/irq.c.obj
 .text.irq_is_enabled
                0x0000000010000578       0x18 CMakeFiles/pwm_led_fade.dir/Users/andychen/pico/pico-sdk/src/rp2_common/hardware_irq/irq.c.obj
                0x0000000010000578                irq_is_enabled
 .text.irq_set_mask_enabled
                0x0000000010000590       0x20 CMakeFiles/pwm_led_fade.dir/Users/andychen/pico/pico-sdk/src/rp2_common/hardware_irq/irq.c.obj
                0x0000000010000590                irq_set_mask_enabled
 .text.irq_set_enabled
                0x00000000100005b0        0xe CMakeFiles/pwm_led_fade.dir/Users/andychen/pico/pico-sdk/src/rp2_common/hardware_irq/irq.c.obj
                0x00000000100005b0                irq_set_enabled
 *fill*         0x00000000100005be        0x2 
 .text.irq_get_vtable_handler
                0x00000000100005c0       0x10 CMakeFiles/pwm_led_fade.dir/Users/andychen/pico/pico-sdk/src/rp2_common/hardware_irq/irq.c.obj
                0x00000000100005c0                irq_get_vtable_handler
 .text.irq_set_exclusive_handler
                0x00000000100005d0       0x54 CMakeFiles/pwm_led_fade.dir/Users/andychen/pico/pico-sdk/src/rp2_common/hardware_irq/irq.c.obj
                0x00000000100005d0                irq_set_exclusive_handler
 .text.irq_remove_handler
                0x0000000010000624      0x1a8 CMakeFiles/pwm_led_fade.dir/Users/andychen/pico/pico-sdk/src/rp2_common/hardware_irq/irq.c.obj
                0x0000000010000624                irq_remove_handler
 .text.irq_add_tail_to_free_list
                0x00000000100007cc       0xf0 CMakeFiles/pwm_led_fade.dir/Users/andychen/pico/pico-sdk/src/rp2_common/hardware_irq/irq.c.obj
                0x00000000100007cc                irq_add_tail_to_free_list
 .text.irq_init_priorities
                0x00000000100008bc       0x1c CMakeFiles/pwm_led_fade.dir/Users/andychen/pico/pico-sdk/src/rp2_common/hardware_irq/irq.c.obj
                0x00000000100008bc                irq_init_priorities
 .text.lock_init
                0x00000000100008d8       0x10 CMakeFiles/pwm_led_fade.dir/Users/andychen/pico/pico-sdk/src/common/pico_sync/lock_core.c.obj
                0x00000000100008d8                lock_init
 .text.alarm_pool_post_alloc_init
                0x00000000100008e8       0x40 CMakeFiles/pwm_led_fade.dir/Users/andychen/pico/pico-sdk/src/common/pico_time/time.c.obj
 .text.timer_pool_entry_comparator
                0x0000000010000928       0x7c CMakeFiles/pwm_led_fade.dir/Users/andychen/pico/pico-sdk/src/common/pico_time/time.c.obj
                0x0000000010000928                timer_pool_entry_comparator
 .text.ph_add_child_node
                0x00000000100009a4       0xa4 CMakeFiles/pwm_led_fade.dir/Users/andychen/pico/pico-sdk/src/common/pico_time/time.c.obj
 .text.ph_merge_nodes
                0x0000000010000a48       0x3e CMakeFiles/pwm_led_fade.dir/Users/andychen/pico/pico-sdk/src/common/pico_time/time.c.obj
 *fill*         0x0000000010000a86        0x2 
 .text.add_alarm_under_lock
                0x0000000010000a88      0x174 CMakeFiles/pwm_led_fade.dir/Users/andychen/pico/pico-sdk/src/common/pico_time/time.c.obj
 .text.alarm_pool_alarm_callback
                0x0000000010000bfc      0x328 CMakeFiles/pwm_led_fade.dir/Users/andychen/pico/pico-sdk/src/common/pico_time/time.c.obj
 .text.alarm_pool_init_default
                0x0000000010000f24       0x38 CMakeFiles/pwm_led_fade.dir/Users/andychen/pico/pico-sdk/src/common/pico_time/time.c.obj
                0x0000000010000f24                alarm_pool_init_default
 .text.hardware_alarm_irq_handler
                0x0000000010000f5c       0x8c CMakeFiles/pwm_led_fade.dir/Users/andychen/pico/pico-sdk/src/rp2_common/hardware_timer/timer.c.obj
 .text.hardware_alarm_claim
                0x0000000010000fe8       0x18 CMakeFiles/pwm_led_fade.dir/Users/andychen/pico/pico-sdk/src/rp2_common/hardware_timer/timer.c.obj
                0x0000000010000fe8                hardware_alarm_claim
 .text.time_us_64
                0x0000000010001000       0x18 CMakeFiles/pwm_led_fade.dir/Users/andychen/pico/pico-sdk/src/rp2_common/hardware_timer/timer.c.obj
                0x0000000010001000                time_us_64
 .text.hardware_alarm_set_callback
                0x0000000010001018       0x90 CMakeFiles/pwm_led_fade.dir/Users/andychen/pico/pico-sdk/src/rp2_common/hardware_timer/timer.c.obj
                0x0000000010001018                hardware_alarm_set_callback
 .text.hardware_alarm_set_target
                0x00000000100010a8       0xe8 CMakeFiles/pwm_led_fade.dir/Users/andychen/pico/pico-sdk/src/rp2_common/hardware_timer/timer.c.obj
                0x00000000100010a8                hardware_alarm_set_target
 .text.hardware_alarm_cancel
                0x0000000010001190       0x40 CMakeFiles/pwm_led_fade.dir/Users/andychen/pico/pico-sdk/src/rp2_common/hardware_timer/timer.c.obj
                0x0000000010001190                hardware_alarm_cancel
 .text.ph_add_child_node
                0x00000000100011d0       0xa4 CMakeFiles/pwm_led_fade.dir/Users/andychen/pico/pico-sdk/src/common/pico_util/pheap.c.obj
 .text.ph_merge_nodes
                0x0000000010001274       0x3e CMakeFiles/pwm_led_fade.dir/Users/andychen/pico/pico-sdk/src/common/pico_util/pheap.c.obj
 *fill*         0x00000000100012b2        0x2 
 .text.ph_clear
                0x00000000100012b4       0x70 CMakeFiles/pwm_led_fade.dir/Users/andychen/pico/pico-sdk/src/common/pico_util/pheap.c.obj
                0x00000000100012b4                ph_clear
 .text.ph_post_alloc_init
                0x0000000010001324        0xe CMakeFiles/pwm_led_fade.dir/Users/andychen/pico/pico-sdk/src/common/pico_util/pheap.c.obj
                0x0000000010001324                ph_post_alloc_init
 *fill*         0x0000000010001332        0x2 
 .text.ph_merge_two_pass
                0x0000000010001334       0xa8 CMakeFiles/pwm_led_fade.dir/Users/andychen/pico/pico-sdk/src/common/pico_util/pheap.c.obj
                0x0000000010001334                ph_merge_two_pass
 .text.ph_remove_any_head
                0x00000000100013dc      0x108 CMakeFiles/pwm_led_fade.dir/Users/andychen/pico/pico-sdk/src/common/pico_util/pheap.c.obj
 .text.ph_remove_head
                0x00000000100014e4       0x14 CMakeFiles/pwm_led_fade.dir/Users/andychen/pico/pico-sdk/src/common/pico_util/pheap.c.obj
                0x00000000100014e4                ph_remove_head
 .text.ph_remove_and_free_node
                0x00000000100014f8       0xf8 CMakeFiles/pwm_led_fade.dir/Users/andychen/pico/pico-sdk/src/common/pico_util/pheap.c.obj
                0x00000000100014f8                ph_remove_and_free_node
 .text.mutex_init
                0x00000000100015f0       0x1a CMakeFiles/pwm_led_fade.dir/Users/andychen/pico/pico-sdk/src/common/pico_sync/mutex.c.obj
                0x00000000100015f0                mutex_init
 .text.recursive_mutex_init
                0x000000001000160a       0x1e CMakeFiles/pwm_led_fade.dir/Users/andychen/pico/pico-sdk/src/common/pico_sync/mutex.c.obj
                0x000000001000160a                recursive_mutex_init
 .text._exit    0x0000000010001628        0x4 CMakeFiles/pwm_led_fade.dir/Users/andychen/pico/pico-sdk/src/rp2_common/pico_runtime/runtime.c.obj
                0x0000000010001628                _exit
 .text.exit     0x000000001000162c        0x6 CMakeFiles/pwm_led_fade.dir/Users/andychen/pico/pico-sdk/src/rp2_common/pico_runtime/runtime.c.obj
                0x000000001000162c                exit
 *fill*         0x0000000010001632        0x2 
 .text.__assert_func
                0x0000000010001634       0x3c CMakeFiles/pwm_led_fade.dir/Users/andychen/pico/pico-sdk/src/rp2_common/pico_runtime/runtime.c.obj
                0x0000000010001634                __assert_func
 .text.runtime_init
                0x0000000010001670       0xf8 CMakeFiles/pwm_led_fade.dir/Users/andychen/pico/pico-sdk/src/rp2_common/pico_runtime/runtime.c.obj
                0x0000000010001670                runtime_init
 .text.panic    0x0000000010001768       0x30 CMakeFiles/pwm_led_fade.dir/Users/andychen/pico/pico-sdk/src/rp2_common/pico_runtime/runtime.c.obj
                0x0000000010001768                panic
 .text.clock_configure
                0x0000000010001798      0x104 CMakeFiles/pwm_led_fade.dir/Users/andychen/pico/pico-sdk/src/rp2_common/hardware_clocks/clocks.c.obj
                0x0000000010001798                clock_configure
 .text.clocks_init
                0x000000001000189c      0x100 CMakeFiles/pwm_led_fade.dir/Users/andychen/pico/pico-sdk/src/rp2_common/hardware_clocks/clocks.c.obj
                0x000000001000189c                clocks_init
 .text.pll_init
                0x000000001000199c      0x140 CMakeFiles/pwm_led_fade.dir/Users/andychen/pico/pico-sdk/src/rp2_common/hardware_pll/pll.c.obj
                0x000000001000199c                pll_init
 .text.watchdog_start_tick
                0x0000000010001adc       0x10 CMakeFiles/pwm_led_fade.dir/Users/andychen/pico/pico-sdk/src/rp2_common/hardware_watchdog/watchdog.c.obj
                0x0000000010001adc                watchdog_start_tick
 .text.xosc_init
                0x0000000010001aec       0x28 CMakeFiles/pwm_led_fade.dir/Users/andychen/pico/pico-sdk/src/rp2_common/hardware_xosc/xosc.c.obj
                0x0000000010001aec                xosc_init
 .text._out_null
                0x0000000010001b14        0x2 CMakeFiles/pwm_led_fade.dir/Users/andychen/pico/pico-sdk/src/rp2_common/pico_printf/printf.c.obj
 .text._out_fct
                0x0000000010001b16        0xe CMakeFiles/pwm_led_fade.dir/Users/andychen/pico/pico-sdk/src/rp2_common/pico_printf/printf.c.obj
 .text._atoi    0x0000000010001b24       0x24 CMakeFiles/pwm_led_fade.dir/Users/andychen/pico/pico-sdk/src/rp2_common/pico_printf/printf.c.obj
 .text._out_rev
                0x0000000010001b48       0xae CMakeFiles/pwm_led_fade.dir/Users/andychen/pico/pico-sdk/src/rp2_common/pico_printf/printf.c.obj
 .text._ntoa_format
                0x0000000010001bf6      0x112 CMakeFiles/pwm_led_fade.dir/Users/andychen/pico/pico-sdk/src/rp2_common/pico_printf/printf.c.obj
 .text._ntoa_long
                0x0000000010001d08       0xbc CMakeFiles/pwm_led_fade.dir/Users/andychen/pico/pico-sdk/src/rp2_common/pico_printf/printf.c.obj
 .text._ntoa_long_long
                0x0000000010001dc4       0xe2 CMakeFiles/pwm_led_fade.dir/Users/andychen/pico/pico-sdk/src/rp2_common/pico_printf/printf.c.obj
 *fill*         0x0000000010001ea6        0x2 
 .text._etoa    0x0000000010001ea8      0x414 CMakeFiles/pwm_led_fade.dir/Users/andychen/pico/pico-sdk/src/rp2_common/pico_printf/printf.c.obj
 .text._ftoa    0x00000000100022bc      0x354 CMakeFiles/pwm_led_fade.dir/Users/andychen/pico/pico-sdk/src/rp2_common/pico_printf/printf.c.obj
 .text._vsnprintf
                0x0000000010002610      0x624 CMakeFiles/pwm_led_fade.dir/Users/andychen/pico/pico-sdk/src/rp2_common/pico_printf/printf.c.obj
 .text.vfctprintf
                0x0000000010002c34       0x20 CMakeFiles/pwm_led_fade.dir/Users/andychen/pico/pico-sdk/src/rp2_common/pico_printf/printf.c.obj
                0x0000000010002c34                vfctprintf
 .text          0x0000000010002c54       0x10 CMakeFiles/pwm_led_fade.dir/Users/andychen/pico/pico-sdk/src/rp2_common/pico_bit_ops/bit_ops_aeabi.S.obj
 .text.rom_func_lookup
                0x0000000010002c64       0x10 CMakeFiles/pwm_led_fade.dir/Users/andychen/pico/pico-sdk/src/rp2_common/pico_bootrom/bootrom.c.obj
                0x0000000010002c64                rom_func_lookup
 .text.rom_data_lookup
                0x0000000010002c74       0x10 CMakeFiles/pwm_led_fade.dir/Users/andychen/pico/pico-sdk/src/rp2_common/pico_bootrom/bootrom.c.obj
                0x0000000010002c74                rom_data_lookup
 .text.rom_funcs_lookup
                0x0000000010002c84       0x36 CMakeFiles/pwm_led_fade.dir/Users/andychen/pico/pico-sdk/src/rp2_common/pico_bootrom/bootrom.c.obj
                0x0000000010002c84                rom_funcs_lookup
 *fill*         0x0000000010002cba        0x2 
 .text.__wrap___aeabi_idiv
                0x0000000010002cbc       0x50 CMakeFiles/pwm_led_fade.dir/Users/andychen/pico/pico-sdk/src/rp2_common/pico_divider/divider.S.obj
                0x0000000010002cbc                __wrap___aeabi_idivmod
                0x0000000010002cbc                divmod_s32s32
                0x0000000010002cbc                div_s32s32
                0x0000000010002cbc                __wrap___aeabi_idiv
                0x0000000010002cc4                divmod_s32s32_unsafe
                0x0000000010002cf0                divmod_s32s32_savestate
 .text.__wrap___aeabi_uidiv
                0x0000000010002d0c       0x4c CMakeFiles/pwm_led_fade.dir/Users/andychen/pico/pico-sdk/src/rp2_common/pico_divider/divider.S.obj
                0x0000000010002d0c                __wrap___aeabi_uidiv
                0x0000000010002d0c                __wrap___aeabi_uidivmod
                0x0000000010002d0c                div_u32u32
                0x0000000010002d0c                divmod_u32u32
                0x0000000010002d14                divmod_u32u32_unsafe
                0x0000000010002d3c                divmod_u32u32_savestate
 .text.__wrap___aeabi_ldiv
                0x0000000010002d58      0x434 CMakeFiles/pwm_led_fade.dir/Users/andychen/pico/pico-sdk/src/rp2_common/pico_divider/divider.S.obj
                0x0000000010002d58                __wrap___aeabi_ldivmod
                0x0000000010002d58                div_s64s64
                0x0000000010002d58                divmod_s64s64
                0x0000000010002d90                divmod_u64u64
                0x0000000010002d90                div_u64u64
                0x0000000010002d90                __wrap___aeabi_uldivmod
                0x0000000010002da0                divmod_u64u64_savestate
                0x0000000010002dc8                divmod_s64s64_unsafe
                0x0000000010002e50                divmod_u64u64_unsafe
 .text.__wrap___aeabi_darithmetic
                0x000000001000318c       0x80 CMakeFiles/pwm_led_fade.dir/Users/andychen/pico/pico-sdk/src/rp2_common/pico_double/double_aeabi.S.obj
                0x000000001000318c                __wrap___aeabi_drsub
                0x0000000010003192                __wrap___aeabi_dsub
                0x00000000100031a4                __wrap___aeabi_dadd
                0x00000000100031b6                __wrap___aeabi_ddiv
                0x00000000100031f2                __wrap___aeabi_dmul
 .text.__wrap___aeabi_cdcmple
                0x000000001000320c       0x6c CMakeFiles/pwm_led_fade.dir/Users/andychen/pico/pico-sdk/src/rp2_common/pico_double/double_aeabi.S.obj
                0x000000001000320c                __wrap___aeabi_cdrcmple
                0x000000001000321c                __wrap___aeabi_cdcmple
                0x000000001000321c                __wrap___aeabi_cdcmpeq
 .text.__wrap___aeabi_dcmplt
                0x0000000010003278        0xc CMakeFiles/pwm_led_fade.dir/Users/andychen/pico/pico-sdk/src/rp2_common/pico_double/double_aeabi.S.obj
                0x0000000010003278                __wrap___aeabi_dcmplt
 .text.__wrap___aeabi_dcmple
                0x0000000010003284       0x10 CMakeFiles/pwm_led_fade.dir/Users/andychen/pico/pico-sdk/src/rp2_common/pico_double/double_aeabi.S.obj
                0x0000000010003284                __wrap___aeabi_dcmple
 .text.__wrap___aeabi_dcmpge
                0x0000000010003294       0x10 CMakeFiles/pwm_led_fade.dir/Users/andychen/pico/pico-sdk/src/rp2_common/pico_double/double_aeabi.S.obj
                0x0000000010003294                __wrap___aeabi_dcmpge
 .text.__wrap___aeabi_dcmpgt
                0x00000000100032a4        0xa CMakeFiles/pwm_led_fade.dir/Users/andychen/pico/pico-sdk/src/rp2_common/pico_double/double_aeabi.S.obj
                0x00000000100032a4                __wrap___aeabi_dcmpgt
 .text.__wrap___aeabi_dcmpun
                0x00000000100032ae       0x1c CMakeFiles/pwm_led_fade.dir/Users/andychen/pico/pico-sdk/src/rp2_common/pico_double/double_aeabi.S.obj
                0x00000000100032ae                __wrap___aeabi_dcmpun
 *fill*         0x00000000100032ca        0x2 
 .text.__wrap___aeabi_i2d
                0x00000000100032cc       0x38 CMakeFiles/pwm_led_fade.dir/Users/andychen/pico/pico-sdk/src/rp2_common/pico_double/double_aeabi.S.obj
                0x00000000100032cc                __wrap___aeabi_ui2d
                0x00000000100032d4                __wrap___aeabi_i2d
 .text.__wrap___aeabi_d2iz
                0x0000000010003304       0x48 CMakeFiles/pwm_led_fade.dir/Users/andychen/pico/pico-sdk/src/rp2_common/pico_double/double_aeabi.S.obj
                0x0000000010003304                __wrap___aeabi_d2iz
                0x0000000010003304                double2int_z
 .text.__wrap___aeabi_d2uiz
                0x000000001000334c       0x18 CMakeFiles/pwm_led_fade.dir/Users/andychen/pico/pico-sdk/src/rp2_common/pico_double/double_aeabi.S.obj
                0x000000001000334c                double2uint
                0x000000001000334c                __wrap___aeabi_d2uiz
 .text.__aeabi_double_init
                0x0000000010003364       0xc8 CMakeFiles/pwm_led_fade.dir/Users/andychen/pico/pico-sdk/src/rp2_common/pico_double/double_init_rom.c.obj
                0x0000000010003364                __aeabi_double_init
 .text.double_table_shim_on_use_helper
                0x000000001000342c       0x34 CMakeFiles/pwm_led_fade.dir/Users/andychen/pico/pico-sdk/src/rp2_common/pico_double/double_v1_rom_shim.S.obj
                0x000000001000342c                double_table_shim_on_use_helper
 .text.__wrap___aeabi_dsub
                0x0000000010003460       0x10 CMakeFiles/pwm_led_fade.dir/Users/andychen/pico/pico-sdk/src/rp2_common/pico_double/double_v1_rom_shim.S.obj
                0x0000000010003460                drsub_shim
                0x0000000010003466                dsub_shim
 .text.dadd_shim
                0x0000000010003470      0x15c CMakeFiles/pwm_led_fade.dir/Users/andychen/pico/pico-sdk/src/rp2_common/pico_double/double_v1_rom_shim.S.obj
                0x0000000010003470                dadd_shim
 .text.dmul_shim
                0x00000000100035cc      0x15c CMakeFiles/pwm_led_fade.dir/Users/andychen/pico/pico-sdk/src/rp2_common/pico_double/double_v1_rom_shim.S.obj
                0x00000000100035cc                dmul_shim
 .text.ddiv_shim
                0x0000000010003728      0x1b0 CMakeFiles/pwm_led_fade.dir/Users/andychen/pico/pico-sdk/src/rp2_common/pico_double/double_v1_rom_shim.S.obj
                0x0000000010003728                ddiv_shim
 .text.double2uint_shim
                0x00000000100038d8        0xe CMakeFiles/pwm_led_fade.dir/Users/andychen/pico/pico-sdk/src/rp2_common/pico_double/double_v1_rom_shim.S.obj
                0x00000000100038d8                double2uint_shim
                0x00000000100038da                double2ufix_shim
 *fill*         0x00000000100038e6        0x2 
 .text.double2uint64_shim
                0x00000000100038e8       0x70 CMakeFiles/pwm_led_fade.dir/Users/andychen/pico/pico-sdk/src/rp2_common/pico_double/double_v1_rom_shim.S.obj
                0x00000000100038e8                double2uint64_shim
                0x00000000100038ea                double2ufix64_shim
                0x000000001000390a                d2fix_a
 .text.dunpacks
                0x0000000010003958       0x3c CMakeFiles/pwm_led_fade.dir/Users/andychen/pico/pico-sdk/src/rp2_common/pico_double/double_v1_rom_shim.S.obj
                0x0000000010003958                dunpacks
 .text.__aeabi_float_init
                0x0000000010003994       0xfc CMakeFiles/pwm_led_fade.dir/Users/andychen/pico/pico-sdk/src/rp2_common/pico_float/float_init_rom.c.obj
                0x0000000010003994                __aeabi_float_init
 .text.float_table_shim_on_use_helper
                0x0000000010003a90       0x34 CMakeFiles/pwm_led_fade.dir/Users/andychen/pico/pico-sdk/src/rp2_common/pico_float/float_v1_rom_shim.S.obj
                0x0000000010003a90                float_table_shim_on_use_helper
 .text          0x0000000010003ac4       0x10 CMakeFiles/pwm_led_fade.dir/Users/andychen/pico/pico-sdk/src/rp2_common/pico_mem_ops/mem_ops_aeabi.S.obj
                0x0000000010003ac4                __aeabi_mem_init
 .text.memset   0x0000000010003ad4        0xc CMakeFiles/pwm_led_fade.dir/Users/andychen/pico/pico-sdk/src/rp2_common/pico_mem_ops/mem_ops_aeabi.S.obj
                0x0000000010003ad4                __wrap_memset
 .text.memcpy   0x0000000010003ae0        0xc CMakeFiles/pwm_led_fade.dir/Users/andychen/pico/pico-sdk/src/rp2_common/pico_mem_ops/mem_ops_aeabi.S.obj
                0x0000000010003ae0                __wrap___aeabi_memcpy
                0x0000000010003ae0                __wrap_memcpy
 .text.stdio_out_chars_no_crlf
                0x0000000010003aec        0xe CMakeFiles/pwm_led_fade.dir/Users/andychen/pico/pico-sdk/src/rp2_common/pico_stdio/stdio.c.obj
 *fill*         0x0000000010003afa        0x2 
 .text.stdio_out_chars_crlf
                0x0000000010003afc       0x80 CMakeFiles/pwm_led_fade.dir/Users/andychen/pico/pico-sdk/src/rp2_common/pico_stdio/stdio.c.obj
 .text.stdio_stack_buffer_flush
                0x0000000010003b7c       0x44 CMakeFiles/pwm_led_fade.dir/Users/andychen/pico/pico-sdk/src/rp2_common/pico_stdio/stdio.c.obj
 .text.stdio_buffered_printer
                0x0000000010003bc0       0x20 CMakeFiles/pwm_led_fade.dir/Users/andychen/pico/pico-sdk/src/rp2_common/pico_stdio/stdio.c.obj
 .text.stdout_serialize_begin
                0x0000000010003be0       0x30 CMakeFiles/pwm_led_fade.dir/Users/andychen/pico/pico-sdk/src/rp2_common/pico_stdio/stdio.c.obj
                0x0000000010003be0                stdout_serialize_begin
 .text.stdout_serialize_end
                0x0000000010003c10       0x10 CMakeFiles/pwm_led_fade.dir/Users/andychen/pico/pico-sdk/src/rp2_common/pico_stdio/stdio.c.obj
                0x0000000010003c10                stdout_serialize_end
 .text.stdio_put_string
                0x0000000010003c20       0x98 CMakeFiles/pwm_led_fade.dir/Users/andychen/pico/pico-sdk/src/rp2_common/pico_stdio/stdio.c.obj
 .text.stdio_flush
                0x0000000010003cb8       0x20 CMakeFiles/pwm_led_fade.dir/Users/andychen/pico/pico-sdk/src/rp2_common/pico_stdio/stdio.c.obj
                0x0000000010003cb8                stdio_flush
 .text.__wrap_puts
                0x0000000010003cd8       0x1e CMakeFiles/pwm_led_fade.dir/Users/andychen/pico/pico-sdk/src/rp2_common/pico_stdio/stdio.c.obj
                0x0000000010003cd8                __wrap_puts
 *fill*         0x0000000010003cf6        0x2 
 .text.__wrap_vprintf
                0x0000000010003cf8       0x44 CMakeFiles/pwm_led_fade.dir/Users/andychen/pico/pico-sdk/src/rp2_common/pico_stdio/stdio.c.obj
                0x0000000010003cf8                __wrap_vprintf
 .text.__wrap_printf
                0x0000000010003d3c       0x18 CMakeFiles/pwm_led_fade.dir/Users/andychen/pico/pico-sdk/src/rp2_common/pico_stdio/stdio.c.obj
                0x0000000010003d3c                __wrap_printf
 .text.strlen   0x0000000010003d54       0x5c /opt/homebrew/Cellar/arm-none-eabi-gcc/10.3-2021.07/gcc/bin/../lib/gcc/arm-none-eabi/10.3.1/../../../../arm-none-eabi/lib/thumb/v6-m/nofp/libg.a(lib_a-strlen-stub.o)
                0x0000000010003d54                strlen
 *(.fini)
 .fini          0x0000000010003db0        0x4 /opt/homebrew/Cellar/arm-none-eabi-gcc/10.3-2021.07/gcc/bin/../lib/gcc/arm-none-eabi/10.3.1/thumb/v6-m/nofp/crti.o
                0x0000000010003db0                _fini
 *fill*         0x0000000010003db4        0x4 
 .fini.__stub   0x0000000010003db8       0x50 linker stubs
 *crtbegin.o(.ctors)
 *crtbegin?.o(.ctors)
 *(EXCLUDE_FILE(*crtend.o *crtend?.o) .ctors)
 *(SORT_BY_NAME(.ctors.*))
 *(.ctors)
 *crtbegin.o(.dtors)
 *crtbegin?.o(.dtors)
 *(EXCLUDE_FILE(*crtend.o *crtend?.o) .dtors)
 *(SORT_BY_NAME(.dtors.*))
 *(.dtors)
 *(.eh_frame*)
 .eh_frame      0x0000000010003e08        0x0 /opt/homebrew/Cellar/arm-none-eabi-gcc/10.3-2021.07/gcc/bin/../lib/gcc/arm-none-eabi/10.3.1/thumb/v6-m/nofp/crtbegin.o
                0x0000000010003e08                . = ALIGN (0x4)

.glue_7         0x0000000010003e08        0x0
 .glue_7        0x0000000010003e08        0x0 linker stubs

.glue_7t        0x0000000010003e08        0x0
 .glue_7t       0x0000000010003e08        0x0 linker stubs

.vfp11_veneer   0x0000000010003e08        0x0
 .vfp11_veneer  0x0000000010003e08        0x0 linker stubs

.v4_bx          0x0000000010003e08        0x0
 .v4_bx         0x0000000010003e08        0x0 linker stubs

.iplt           0x0000000010003e08        0x0
 .iplt          0x0000000010003e08        0x0 /opt/homebrew/Cellar/arm-none-eabi-gcc/10.3-2021.07/gcc/bin/../lib/gcc/arm-none-eabi/10.3.1/thumb/v6-m/nofp/crtbegin.o

.rodata         0x0000000010003e08      0xe70
 *(EXCLUDE_FILE(*libm.a: *libc.a:*lib_a-mem*.o *libgcc.a:) .rodata*)
 .rodata.make_branch.str1.4
                0x0000000010003e08       0x70 CMakeFiles/pwm_led_fade.dir/Users/andychen/pico/pico-sdk/src/rp2_common/hardware_irq/irq.c.obj
 .rodata.insert_branch_and_link.str1.4
                0x0000000010003e78       0x10 CMakeFiles/pwm_led_fade.dir/Users/andychen/pico/pico-sdk/src/rp2_common/hardware_irq/irq.c.obj
 .rodata.irq_set_exclusive_handler.str1.4
                0x0000000010003e88       0x36 CMakeFiles/pwm_led_fade.dir/Users/andychen/pico/pico-sdk/src/rp2_common/hardware_irq/irq.c.obj
 *fill*         0x0000000010003ebe        0x2 
 .rodata.irq_add_shared_handler.str1.4
                0x0000000010003ec0       0xd9 CMakeFiles/pwm_led_fade.dir/Users/andychen/pico/pico-sdk/src/rp2_common/hardware_irq/irq.c.obj
 *fill*         0x0000000010003f99        0x3 
 .rodata.irq_remove_handler.str1.4
                0x0000000010003f9c       0x2a CMakeFiles/pwm_led_fade.dir/Users/andychen/pico/pico-sdk/src/rp2_common/hardware_irq/irq.c.obj
 *fill*         0x0000000010003fc6        0x2 
 .rodata.irq_add_tail_to_free_list.str1.4
                0x0000000010003fc8       0x3a CMakeFiles/pwm_led_fade.dir/Users/andychen/pico/pico-sdk/src/rp2_common/hardware_irq/irq.c.obj
 *fill*         0x0000000010004002        0x2 
 .rodata.__func__.0
                0x0000000010004004       0x1a CMakeFiles/pwm_led_fade.dir/Users/andychen/pico/pico-sdk/src/rp2_common/hardware_irq/irq.c.obj
 *fill*         0x000000001000401e        0x2 
 .rodata.__func__.1
                0x0000000010004020       0x17 CMakeFiles/pwm_led_fade.dir/Users/andychen/pico/pico-sdk/src/rp2_common/hardware_irq/irq.c.obj
 *fill*         0x0000000010004037        0x1 
 .rodata.__func__.2
                0x0000000010004038       0x13 CMakeFiles/pwm_led_fade.dir/Users/andychen/pico/pico-sdk/src/rp2_common/hardware_irq/irq.c.obj
 *fill*         0x000000001000404b        0x1 
 .rodata.__func__.3
                0x000000001000404c        0xc CMakeFiles/pwm_led_fade.dir/Users/andychen/pico/pico-sdk/src/rp2_common/hardware_irq/irq.c.obj
 .rodata.__func__.4
                0x0000000010004058        0xf CMakeFiles/pwm_led_fade.dir/Users/andychen/pico/pico-sdk/src/rp2_common/hardware_irq/irq.c.obj
 *fill*         0x0000000010004067        0x1 
 .rodata.__func__.6
                0x0000000010004068       0x1a CMakeFiles/pwm_led_fade.dir/Users/andychen/pico/pico-sdk/src/rp2_common/hardware_irq/irq.c.obj
 *fill*         0x0000000010004082        0x2 
 .rodata.repeating_timer_callback.str1.4
                0x0000000010004084       0x4e CMakeFiles/pwm_led_fade.dir/Users/andychen/pico/pico-sdk/src/common/pico_time/time.c.obj
 *fill*         0x00000000100040d2        0x2 
 .rodata.alarm_pool_dump_key.str1.4
                0x00000000100040d4       0x33 CMakeFiles/pwm_led_fade.dir/Users/andychen/pico/pico-sdk/src/common/pico_time/time.c.obj
 *fill*         0x0000000010004107        0x1 
 .rodata.ph_add_child_node.str1.4
                0x0000000010004108       0x9a CMakeFiles/pwm_led_fade.dir/Users/andychen/pico/pico-sdk/src/common/pico_time/time.c.obj
 *fill*         0x00000000100041a2        0x2 
 .rodata.add_alarm_under_lock.str1.4
                0x00000000100041a4       0x28 CMakeFiles/pwm_led_fade.dir/Users/andychen/pico/pico-sdk/src/common/pico_time/time.c.obj
                                         0x2b (size before relaxing)
 .rodata.alarm_pool_alarm_callback.str1.4
                0x00000000100041cc       0xe6 CMakeFiles/pwm_led_fade.dir/Users/andychen/pico/pico-sdk/src/common/pico_time/time.c.obj
 *fill*         0x00000000100042b2        0x2 
 .rodata.__func__.10
                0x00000000100042b4       0x15 CMakeFiles/pwm_led_fade.dir/Users/andychen/pico/pico-sdk/src/common/pico_time/time.c.obj
 *fill*         0x00000000100042c9        0x3 
 .rodata.__func__.11
                0x00000000100042cc       0x1a CMakeFiles/pwm_led_fade.dir/Users/andychen/pico/pico-sdk/src/common/pico_time/time.c.obj
 *fill*         0x00000000100042e6        0x2 
 .rodata.__func__.12
                0x00000000100042e8        0xa CMakeFiles/pwm_led_fade.dir/Users/andychen/pico/pico-sdk/src/common/pico_time/time.c.obj
 *fill*         0x00000000100042f2        0x2 
 .rodata.__func__.4
                0x00000000100042f4       0x12 CMakeFiles/pwm_led_fade.dir/Users/andychen/pico/pico-sdk/src/common/pico_time/time.c.obj
 *fill*         0x0000000010004306        0x2 
 .rodata.__func__.5
                0x0000000010004308        0xd CMakeFiles/pwm_led_fade.dir/Users/andychen/pico/pico-sdk/src/common/pico_time/time.c.obj
 *fill*         0x0000000010004315        0x3 
 .rodata.__func__.6
                0x0000000010004318       0x12 CMakeFiles/pwm_led_fade.dir/Users/andychen/pico/pico-sdk/src/common/pico_time/time.c.obj
 *fill*         0x000000001000432a        0x2 
 .rodata.__func__.7
                0x000000001000432c        0xf CMakeFiles/pwm_led_fade.dir/Users/andychen/pico/pico-sdk/src/common/pico_time/time.c.obj
 *fill*         0x000000001000433b        0x1 
 .rodata.__func__.8
                0x000000001000433c        0xc CMakeFiles/pwm_led_fade.dir/Users/andychen/pico/pico-sdk/src/common/pico_time/time.c.obj
 .rodata.__func__.9
                0x0000000010004348       0x15 CMakeFiles/pwm_led_fade.dir/Users/andychen/pico/pico-sdk/src/common/pico_time/time.c.obj
 *fill*         0x000000001000435d        0x3 
 .rodata.hardware_alarm_claim.str1.4
                0x0000000010004360       0x22 CMakeFiles/pwm_led_fade.dir/Users/andychen/pico/pico-sdk/src/rp2_common/hardware_timer/timer.c.obj
 *fill*         0x0000000010004382        0x2 
 .rodata.hardware_alarm_set_target.str1.4
                0x0000000010004384       0x68 CMakeFiles/pwm_led_fade.dir/Users/andychen/pico/pico-sdk/src/rp2_common/hardware_timer/timer.c.obj
 .rodata.__func__.0
                0x00000000100043ec       0x1a CMakeFiles/pwm_led_fade.dir/Users/andychen/pico/pico-sdk/src/rp2_common/hardware_timer/timer.c.obj
 .rodata.ph_add_child_node.str1.4
                0x0000000010004406       0x9a CMakeFiles/pwm_led_fade.dir/Users/andychen/pico/pico-sdk/src/common/pico_util/pheap.c.obj
 *fill*         0x0000000010004406        0x2 
 .rodata.ph_remove_any_head.str1.4
                0x0000000010004408       0x90 CMakeFiles/pwm_led_fade.dir/Users/andychen/pico/pico-sdk/src/common/pico_util/pheap.c.obj
 .rodata.ph_remove_and_free_node.str1.4
                0x0000000010004498       0x1e CMakeFiles/pwm_led_fade.dir/Users/andychen/pico/pico-sdk/src/common/pico_util/pheap.c.obj
                                         0x26 (size before relaxing)
 *fill*         0x00000000100044b6        0x2 
 .rodata.__func__.0
                0x00000000100044b8       0x18 CMakeFiles/pwm_led_fade.dir/Users/andychen/pico/pico-sdk/src/common/pico_util/pheap.c.obj
 .rodata.__func__.1
                0x00000000100044d0       0x13 CMakeFiles/pwm_led_fade.dir/Users/andychen/pico/pico-sdk/src/common/pico_util/pheap.c.obj
 *fill*         0x00000000100044e3        0x1 
 .rodata.__func__.2
                0x00000000100044e4       0x12 CMakeFiles/pwm_led_fade.dir/Users/andychen/pico/pico-sdk/src/common/pico_util/pheap.c.obj
 *fill*         0x00000000100044f6        0x2 
 .rodata.__func__.3
                0x00000000100044f8        0xc CMakeFiles/pwm_led_fade.dir/Users/andychen/pico/pico-sdk/src/common/pico_util/pheap.c.obj
 .rodata.str1.4
                0x0000000010004504       0x8d CMakeFiles/pwm_led_fade.dir/Users/andychen/pico/pico-sdk/src/common/pico_sync/mutex.c.obj
                                         0xf1 (size before relaxing)
 *fill*         0x0000000010004591        0x3 
 .rodata.__func__.1
                0x0000000010004594        0xb CMakeFiles/pwm_led_fade.dir/Users/andychen/pico/pico-sdk/src/common/pico_sync/mutex.c.obj
 *fill*         0x000000001000459f        0x1 
 .rodata.__assert_func.str1.4
                0x00000000100045a0       0x3f CMakeFiles/pwm_led_fade.dir/Users/andychen/pico/pico-sdk/src/rp2_common/pico_runtime/runtime.c.obj
                                         0x43 (size before relaxing)
 *fill*         0x00000000100045df        0x1 
 .rodata.runtime_init.str1.4
                0x00000000100045e0       0x64 CMakeFiles/pwm_led_fade.dir/Users/andychen/pico/pico-sdk/src/rp2_common/pico_runtime/runtime.c.obj
 .rodata.panic.str1.4
                0x0000000010004644       0x12 CMakeFiles/pwm_led_fade.dir/Users/andychen/pico/pico-sdk/src/rp2_common/pico_runtime/runtime.c.obj
 *fill*         0x0000000010004656        0x2 
 .rodata.__func__.1
                0x0000000010004658        0xd CMakeFiles/pwm_led_fade.dir/Users/andychen/pico/pico-sdk/src/rp2_common/pico_runtime/runtime.c.obj
 *fill*         0x0000000010004665        0x3 
 .rodata.clock_configure.str1.4
                0x0000000010004668       0x5a CMakeFiles/pwm_led_fade.dir/Users/andychen/pico/pico-sdk/src/rp2_common/hardware_clocks/clocks.c.obj
 *fill*         0x00000000100046c2        0x2 
 .rodata.__func__.1
                0x00000000100046c4       0x10 CMakeFiles/pwm_led_fade.dir/Users/andychen/pico/pico-sdk/src/rp2_common/hardware_clocks/clocks.c.obj
 .rodata.pll_init.str1.4
                0x00000000100046d4      0x13b CMakeFiles/pwm_led_fade.dir/Users/andychen/pico/pico-sdk/src/rp2_common/hardware_pll/pll.c.obj
 *fill*         0x000000001000480f        0x1 
 .rodata.__func__.0
                0x0000000010004810        0x9 CMakeFiles/pwm_led_fade.dir/Users/andychen/pico/pico-sdk/src/rp2_common/hardware_pll/pll.c.obj
 *fill*         0x0000000010004819        0x3 
 .rodata._ftoa.str1.4
                0x000000001000481c       0x15 CMakeFiles/pwm_led_fade.dir/Users/andychen/pico/pico-sdk/src/rp2_common/pico_printf/printf.c.obj
 *fill*         0x0000000010004831        0x3 
 .rodata._vsnprintf
                0x0000000010004834      0x1e0 CMakeFiles/pwm_led_fade.dir/Users/andychen/pico/pico-sdk/src/rp2_common/pico_printf/printf.c.obj
 *fill*         0x0000000010004a14        0x4 
 .rodata.pow10.0
                0x0000000010004a18       0x50 CMakeFiles/pwm_led_fade.dir/Users/andychen/pico/pico-sdk/src/rp2_common/pico_printf/printf.c.obj
 .rodata.__aeabi_double_init.str1.4
                0x0000000010004a68       0xab CMakeFiles/pwm_led_fade.dir/Users/andychen/pico/pico-sdk/src/rp2_common/pico_double/double_init_rom.c.obj
 *fill*         0x0000000010004b13        0x1 
 .rodata.__func__.0
                0x0000000010004b14       0x14 CMakeFiles/pwm_led_fade.dir/Users/andychen/pico/pico-sdk/src/rp2_common/pico_double/double_init_rom.c.obj
 .rodata.__aeabi_float_init.str1.4
                0x0000000010004b28       0x7d CMakeFiles/pwm_led_fade.dir/Users/andychen/pico/pico-sdk/src/rp2_common/pico_float/float_init_rom.c.obj
                                         0x81 (size before relaxing)
 *fill*         0x0000000010004ba5        0x3 
 .rodata.__func__.0
                0x0000000010004ba8       0x13 CMakeFiles/pwm_led_fade.dir/Users/andychen/pico/pico-sdk/src/rp2_common/pico_float/float_init_rom.c.obj
 *fill*         0x0000000010004bbb        0x1 
 .rodata.str1.4
                0x0000000010004bbc       0x88 CMakeFiles/pwm_led_fade.dir/Users/andychen/pico/pico-sdk/src/rp2_common/pico_standard_link/binary_info.c.obj
 .rodata.__bi_44
                0x0000000010004c44        0xc CMakeFiles/pwm_led_fade.dir/Users/andychen/pico/pico-sdk/src/rp2_common/pico_standard_link/binary_info.c.obj
 .rodata.__bi_69
                0x0000000010004c50        0xc CMakeFiles/pwm_led_fade.dir/Users/andychen/pico/pico-sdk/src/rp2_common/pico_standard_link/binary_info.c.obj
 .rodata.__bi_75
                0x0000000010004c5c        0xc CMakeFiles/pwm_led_fade.dir/Users/andychen/pico/pico-sdk/src/rp2_common/pico_standard_link/binary_info.c.obj
 .rodata.__bi_81
                0x0000000010004c68        0xc CMakeFiles/pwm_led_fade.dir/Users/andychen/pico/pico-sdk/src/rp2_common/pico_standard_link/binary_info.c.obj
 .rodata.crlf_str.3
                0x0000000010004c74        0x2 CMakeFiles/pwm_led_fade.dir/Users/andychen/pico/pico-sdk/src/rp2_common/pico_stdio/stdio.c.obj
                0x0000000010004c78                . = ALIGN (0x4)
 *fill*         0x0000000010004c76        0x2 
 *(SORT_BY_ALIGNMENT(SORT_BY_NAME(.flashdata*)))
                0x0000000010004c78                . = ALIGN (0x4)

.rel.dyn        0x0000000010004c78        0x0
 .rel.iplt      0x0000000010004c78        0x0 /opt/homebrew/Cellar/arm-none-eabi-gcc/10.3-2021.07/gcc/bin/../lib/gcc/arm-none-eabi/10.3.1/thumb/v6-m/nofp/crtbegin.o

.ARM.extab
 *(.ARM.extab* .gnu.linkonce.armextab.*)
                0x0000000010004c78                __exidx_start = .

.ARM.exidx
 *(.ARM.exidx* .gnu.linkonce.armexidx.*)
                0x0000000010004c78                __exidx_end = .
                0x0000000010004c78                . = ALIGN (0x4)
                0x0000000010004c78                __binary_info_start = .

.binary_info    0x0000000010004c78       0x20
 *(.binary_info.keep.*)
 .binary_info.keep.__bi_ptr22
                0x0000000010004c78        0x4 CMakeFiles/pwm_led_fade.dir/Users/andychen/pico/pico-sdk/src/rp2_common/pico_standard_link/binary_info.c.obj
 .binary_info.keep.__bi_ptr30
                0x0000000010004c7c        0x4 CMakeFiles/pwm_led_fade.dir/Users/andychen/pico/pico-sdk/src/rp2_common/pico_standard_link/binary_info.c.obj
 .binary_info.keep.__bi_ptr38
                0x0000000010004c80        0x4 CMakeFiles/pwm_led_fade.dir/Users/andychen/pico/pico-sdk/src/rp2_common/pico_standard_link/binary_info.c.obj
 .binary_info.keep.__bi_ptr44
                0x0000000010004c84        0x4 CMakeFiles/pwm_led_fade.dir/Users/andychen/pico/pico-sdk/src/rp2_common/pico_standard_link/binary_info.c.obj
 .binary_info.keep.__bi_ptr50
                0x0000000010004c88        0x4 CMakeFiles/pwm_led_fade.dir/Users/andychen/pico/pico-sdk/src/rp2_common/pico_standard_link/binary_info.c.obj
 .binary_info.keep.__bi_ptr69
                0x0000000010004c8c        0x4 CMakeFiles/pwm_led_fade.dir/Users/andychen/pico/pico-sdk/src/rp2_common/pico_standard_link/binary_info.c.obj
 .binary_info.keep.__bi_ptr75
                0x0000000010004c90        0x4 CMakeFiles/pwm_led_fade.dir/Users/andychen/pico/pico-sdk/src/rp2_common/pico_standard_link/binary_info.c.obj
 .binary_info.keep.__bi_ptr81
                0x0000000010004c94        0x4 CMakeFiles/pwm_led_fade.dir/Users/andychen/pico/pico-sdk/src/rp2_common/pico_standard_link/binary_info.c.obj
 *(.binary_info.*)
                0x0000000010004c98                __binary_info_end = .
                0x0000000010004c98                . = ALIGN (0x4)
                0x0000000010004c98                __etext = .

.ram_vector_table
                0x0000000020000000       0xc0
 *(.ram_vector_table)
 .ram_vector_table
                0x0000000020000000       0xc0 CMakeFiles/pwm_led_fade.dir/Users/andychen/pico/pico-sdk/src/rp2_common/pico_runtime/runtime.c.obj
                0x0000000020000000                ram_vector_table

.data           0x00000000200000c0      0x1ac load address 0x0000000010004c98
                0x00000000200000c0                __data_start__ = .
 *(vtable)
 *(.time_critical*)
 .time_critical.mutex_enter_blocking
                0x00000000200000c0       0x48 CMakeFiles/pwm_led_fade.dir/Users/andychen/pico/pico-sdk/src/common/pico_sync/mutex.c.obj
                0x00000000200000c0                mutex_enter_blocking
 .time_critical.mutex_try_enter
                0x0000000020000108       0x46 CMakeFiles/pwm_led_fade.dir/Users/andychen/pico/pico-sdk/src/common/pico_sync/mutex.c.obj
                0x0000000020000108                mutex_try_enter
 *fill*         0x000000002000014e        0x2 
 .time_critical.mutex_exit
                0x0000000020000150       0x4c CMakeFiles/pwm_led_fade.dir/Users/andychen/pico/pico-sdk/src/common/pico_sync/mutex.c.obj
                0x0000000020000150                mutex_exit
 *(.text*)
 .text          0x000000002000019c        0x4 /opt/homebrew/Cellar/arm-none-eabi-gcc/10.3-2021.07/gcc/bin/../lib/gcc/arm-none-eabi/10.3.1/thumb/v6-m/nofp/libgcc.a(_dvmd_tls.o)
                0x000000002000019c                __aeabi_ldiv0
                0x000000002000019c                __aeabi_idiv0
 .text.__stub   0x00000000200001a0       0x10 linker stubs
                0x00000000200001b0                . = ALIGN (0x4)
 *(.rodata*)
                0x00000000200001b0                . = ALIGN (0x4)
 *(.data*)
 .data.going_up.1
                0x00000000200001b0        0x1 CMakeFiles/pwm_led_fade.dir/pwm_led_fade.c.obj
 .data.striped_spin_lock_num
                0x00000000200001b1        0x1 CMakeFiles/pwm_led_fade.dir/Users/andychen/pico/pico-sdk/src/rp2_common/hardware_sync/sync.c.obj
 *fill*         0x00000000200001b2        0x2 
 .data          0x00000000200001b4       0x48 CMakeFiles/pwm_led_fade.dir/Users/andychen/pico/pico-sdk/src/rp2_common/hardware_irq/irq_handler_chain.S.obj
                0x00000000200001b4                irq_handler_chain_slots
                0x00000000200001e4                irq_handler_chain_first_slot
                0x00000000200001ee                irq_handler_chain_remove_tail
 .data.default_alarm_pool
                0x00000000200001fc       0x18 CMakeFiles/pwm_led_fade.dir/Users/andychen/pico/pico-sdk/src/common/pico_time/time.c.obj
 .data.default_alarm_pool_heap
                0x0000000020000214       0x10 CMakeFiles/pwm_led_fade.dir/Users/andychen/pico/pico-sdk/src/common/pico_time/time.c.obj
 *fill*         0x0000000020000224        0xc 
 .data.aeabi_bits_funcs
                0x0000000020000230       0x10 CMakeFiles/pwm_led_fade.dir/Users/andychen/pico/pico-sdk/src/rp2_common/pico_bit_ops/bit_ops_aeabi.S.obj
                0x0000000020000230                aeabi_bits_funcs
                0x0000000020000240                aeabi_bits_funcs_end
 .data.aeabi_mem_funcs
                0x0000000020000240       0x10 CMakeFiles/pwm_led_fade.dir/Users/andychen/pico/pico-sdk/src/rp2_common/pico_mem_ops/mem_ops_aeabi.S.obj
                0x0000000020000240                aeabi_mem_funcs
                0x0000000020000250                aeabi_mem_funcs_end
                0x0000000020000250                . = ALIGN (0x4)
 *(.after_data.*)
                0x0000000020000250                . = ALIGN (0x4)
                0x0000000020000250                PROVIDE (__mutex_array_start = .)
 *(SORT_BY_NAME(.mutex_array.*))
 *(.mutex_array)
 .mutex_array   0x0000000020000250        0x8 CMakeFiles/pwm_led_fade.dir/Users/andychen/pico/pico-sdk/src/rp2_common/pico_stdio/stdio.c.obj
                0x0000000020000258                PROVIDE (__mutex_array_end = .)
                0x0000000020000258                . = ALIGN (0x4)
                0x0000000020000258                PROVIDE (__preinit_array_start = .)
 *(SORT_BY_NAME(.preinit_array.*))
 .preinit_array.00001
                0x0000000020000258        0x4 CMakeFiles/pwm_led_fade.dir/Users/andychen/pico/pico-sdk/src/rp2_common/pico_mem_ops/mem_ops_aeabi.S.obj
 .preinit_array.00010
                0x000000002000025c        0x4 CMakeFiles/pwm_led_fade.dir/Users/andychen/pico/pico-sdk/src/rp2_common/pico_bit_ops/bit_ops_aeabi.S.obj
 .preinit_array.00020
                0x0000000020000260        0x4 CMakeFiles/pwm_led_fade.dir/Users/andychen/pico/pico-sdk/src/rp2_common/pico_double/double_aeabi.S.obj
 .preinit_array.00020
                0x0000000020000264        0x4 CMakeFiles/pwm_led_fade.dir/Users/andychen/pico/pico-sdk/src/rp2_common/pico_float/float_aeabi.S.obj
 *(.preinit_array)
                0x0000000020000268                PROVIDE (__preinit_array_end = .)
                0x0000000020000268                . = ALIGN (0x4)
                0x0000000020000268                PROVIDE (__init_array_start = .)
 *(SORT_BY_NAME(.init_array.*))
 *(.init_array)
 .init_array    0x0000000020000268        0x4 /opt/homebrew/Cellar/arm-none-eabi-gcc/10.3-2021.07/gcc/bin/../lib/gcc/arm-none-eabi/10.3.1/thumb/v6-m/nofp/crtbegin.o
                0x000000002000026c                PROVIDE (__init_array_end = .)
                0x000000002000026c                . = ALIGN (0x4)
                [!provide]                        PROVIDE (__fini_array_start = .)
 *(SORT_BY_NAME(.fini_array.*))
 *(.fini_array)
                [!provide]                        PROVIDE (__fini_array_end = .)
 *(.jcr)
                0x000000002000026c                . = ALIGN (0x4)
                0x000000002000026c                __data_end__ = .

.igot.plt       0x000000002000026c        0x0 load address 0x0000000010004e44
 .igot.plt      0x000000002000026c        0x0 /opt/homebrew/Cellar/arm-none-eabi-gcc/10.3-2021.07/gcc/bin/../lib/gcc/arm-none-eabi/10.3.1/thumb/v6-m/nofp/crtbegin.o

.uninitialized_data
                0x000000002000026c        0x0 load address 0x0000000010004e44
                0x000000002000026c                . = ALIGN (0x4)
 *(.uninitialized_data*)

.scratch_x      0x0000000020040000        0x0 load address 0x0000000010004e44
                0x0000000020040000                __scratch_x_start__ = .
 *(.scratch_x.*)
                0x0000000020040000                . = ALIGN (0x4)
                0x0000000020040000                __scratch_x_end__ = .
                0x0000000010004e44                __scratch_x_source__ = LOADADDR (.scratch_x)

.scratch_y      0x0000000020041000        0x0 load address 0x0000000010004e44
                0x0000000020041000                __scratch_y_start__ = .
 *(.scratch_y.*)
                0x0000000020041000                . = ALIGN (0x4)
                0x0000000020041000                __scratch_y_end__ = .
                0x0000000010004e44                __scratch_y_source__ = LOADADDR (.scratch_y)

.bss            0x0000000020000270      0x3cc
                0x0000000020000270                . = ALIGN (0x4)
                0x0000000020000270                __bss_start__ = .
 *(SORT_BY_ALIGNMENT(SORT_BY_NAME(.bss*)))
 .bss.default_alarm_pool_entries
                0x0000000020000270      0x100 CMakeFiles/pwm_led_fade.dir/Users/andychen/pico/pico-sdk/src/common/pico_time/time.c.obj
 .bss           0x0000000020000370       0x1c /opt/homebrew/Cellar/arm-none-eabi-gcc/10.3-2021.07/gcc/bin/../lib/gcc/arm-none-eabi/10.3.1/thumb/v6-m/nofp/crtbegin.o
 .bss.alarm_callbacks
                0x000000002000038c       0x10 CMakeFiles/pwm_led_fade.dir/Users/andychen/pico/pico-sdk/src/rp2_common/hardware_timer/timer.c.obj
 .bss.configured_freq
                0x000000002000039c       0x28 CMakeFiles/pwm_led_fade.dir/Users/andychen/pico/pico-sdk/src/rp2_common/hardware_clocks/clocks.c.obj
 .bss.default_alarm_pool_entry_ids_high
                0x00000000200003c4       0x10 CMakeFiles/pwm_led_fade.dir/Users/andychen/pico/pico-sdk/src/common/pico_time/time.c.obj
 .bss.default_alarm_pool_heap_nodes
                0x00000000200003d4       0x30 CMakeFiles/pwm_led_fade.dir/Users/andychen/pico/pico-sdk/src/common/pico_time/time.c.obj
 .bss.drivers   0x0000000020000404        0x4 CMakeFiles/pwm_led_fade.dir/Users/andychen/pico/pico-sdk/src/rp2_common/pico_stdio/stdio.c.obj
 .bss.fade.0    0x0000000020000408        0x4 CMakeFiles/pwm_led_fade.dir/pwm_led_fade.c.obj
 .bss.filter    0x000000002000040c        0x4 CMakeFiles/pwm_led_fade.dir/Users/andychen/pico/pico-sdk/src/rp2_common/pico_stdio/stdio.c.obj
 .bss.pools     0x0000000020000410       0x10 CMakeFiles/pwm_led_fade.dir/Users/andychen/pico/pico-sdk/src/common/pico_time/time.c.obj
 .bss.sd_table  0x0000000020000420      0x100 CMakeFiles/pwm_led_fade.dir/Users/andychen/pico/pico-sdk/src/rp2_common/pico_double/double_init_rom.c.obj
                0x0000000020000420                sd_table
 .bss.sf_clz_func
                0x0000000020000520        0x4 CMakeFiles/pwm_led_fade.dir/Users/andychen/pico/pico-sdk/src/rp2_common/pico_double/double_init_rom.c.obj
                0x0000000020000520                sf_clz_func
 .bss.sf_table  0x0000000020000524      0x100 CMakeFiles/pwm_led_fade.dir/Users/andychen/pico/pico-sdk/src/rp2_common/pico_float/float_init_rom.c.obj
                0x0000000020000524                sf_table
 .bss.sleep_notifier
                0x0000000020000624        0x4 CMakeFiles/pwm_led_fade.dir/Users/andychen/pico/pico-sdk/src/common/pico_time/time.c.obj
 .bss.target_hi
                0x0000000020000628       0x10 CMakeFiles/pwm_led_fade.dir/Users/andychen/pico/pico-sdk/src/rp2_common/hardware_timer/timer.c.obj
 .bss.claimed   0x0000000020000638        0x1 CMakeFiles/pwm_led_fade.dir/Users/andychen/pico/pico-sdk/src/rp2_common/hardware_timer/timer.c.obj
 .bss.irq_hander_chain_free_slot_head
                0x0000000020000639        0x1 CMakeFiles/pwm_led_fade.dir/Users/andychen/pico/pico-sdk/src/rp2_common/hardware_irq/irq.c.obj
 .bss.timer_callbacks_pending
                0x000000002000063a        0x1 CMakeFiles/pwm_led_fade.dir/Users/andychen/pico/pico-sdk/src/rp2_common/hardware_timer/timer.c.obj
 *(COMMON)
                0x000000002000063c                . = ALIGN (0x4)
 *fill*         0x000000002000063b        0x1 
                0x000000002000063c                __bss_end__ = .

.heap           0x000000002000063c      0x800
                0x000000002000063c                __end__ = .
                0x000000002000063c                end = __end__
 *(.heap*)
 .heap          0x000000002000063c      0x800 CMakeFiles/pwm_led_fade.dir/Users/andychen/pico/pico-sdk/src/rp2_common/pico_standard_link/crt0.S.obj
                0x0000000020000e3c                __HeapLimit = .

.stack1_dummy   0x0000000020040000        0x0
 *(.stack1*)

.stack_dummy    0x0000000020041000      0x800
 *(.stack*)
 .stack         0x0000000020041000      0x800 CMakeFiles/pwm_led_fade.dir/Users/andychen/pico/pico-sdk/src/rp2_common/pico_standard_link/crt0.S.obj

.flash_end      0x0000000010004e44        0x0
                0x0000000010004e44                __flash_binary_end = .
                0x0000000020040000                __StackLimit = (ORIGIN (RAM) + LENGTH (RAM))
                0x0000000020041000                __StackOneTop = (ORIGIN (SCRATCH_X) + LENGTH (SCRATCH_X))
                0x0000000020042000                __StackTop = (ORIGIN (SCRATCH_Y) + LENGTH (SCRATCH_Y))
                0x0000000020041000                __StackOneBottom = (__StackOneTop - SIZEOF (.stack1_dummy))
                0x0000000020041800                __StackBottom = (__StackTop - SIZEOF (.stack_dummy))
                0x0000000020042000                PROVIDE (__stack = __StackTop)
                0x0000000000000001                ASSERT ((__StackLimit >= __HeapLimit), region RAM overflowed)
                0x0000000000000001                ASSERT (((__binary_info_header_end - __logical_binary_start) <= 0x100), Binary info must be in first 256 bytes of the binary)
LOAD CMakeFiles/pwm_led_fade.dir/pwm_led_fade.c.obj
LOAD CMakeFiles/pwm_led_fade.dir/Users/andychen/pico/pico-sdk/src/rp2_common/pico_stdlib/stdlib.c.obj
LOAD CMakeFiles/pwm_led_fade.dir/Users/andychen/pico/pico-sdk/src/rp2_common/hardware_gpio/gpio.c.obj
LOAD CMakeFiles/pwm_led_fade.dir/Users/andychen/pico/pico-sdk/src/rp2_common/hardware_claim/claim.c.obj
LOAD CMakeFiles/pwm_led_fade.dir/Users/andychen/pico/pico-sdk/src/rp2_common/pico_platform/platform.c.obj
LOAD CMakeFiles/pwm_led_fade.dir/Users/andychen/pico/pico-sdk/src/rp2_common/hardware_sync/sync.c.obj
LOAD CMakeFiles/pwm_led_fade.dir/Users/andychen/pico/pico-sdk/src/rp2_common/hardware_irq/irq.c.obj
LOAD CMakeFiles/pwm_led_fade.dir/Users/andychen/pico/pico-sdk/src/rp2_common/hardware_irq/irq_handler_chain.S.obj
LOAD CMakeFiles/pwm_led_fade.dir/Users/andychen/pico/pico-sdk/src/common/pico_sync/sem.c.obj
LOAD CMakeFiles/pwm_led_fade.dir/Users/andychen/pico/pico-sdk/src/common/pico_sync/lock_core.c.obj
LOAD CMakeFiles/pwm_led_fade.dir/Users/andychen/pico/pico-sdk/src/common/pico_time/time.c.obj
LOAD CMakeFiles/pwm_led_fade.dir/Users/andychen/pico/pico-sdk/src/common/pico_time/timeout_helper.c.obj
LOAD CMakeFiles/pwm_led_fade.dir/Users/andychen/pico/pico-sdk/src/rp2_common/hardware_timer/timer.c.obj
LOAD CMakeFiles/pwm_led_fade.dir/Users/andychen/pico/pico-sdk/src/common/pico_util/datetime.c.obj
LOAD CMakeFiles/pwm_led_fade.dir/Users/andychen/pico/pico-sdk/src/common/pico_util/pheap.c.obj
LOAD CMakeFiles/pwm_led_fade.dir/Users/andychen/pico/pico-sdk/src/common/pico_util/queue.c.obj
LOAD CMakeFiles/pwm_led_fade.dir/Users/andychen/pico/pico-sdk/src/common/pico_sync/mutex.c.obj
LOAD CMakeFiles/pwm_led_fade.dir/Users/andychen/pico/pico-sdk/src/common/pico_sync/critical_section.c.obj
LOAD CMakeFiles/pwm_led_fade.dir/Users/andychen/pico/pico-sdk/src/rp2_common/hardware_uart/uart.c.obj
LOAD CMakeFiles/pwm_led_fade.dir/Users/andychen/pico/pico-sdk/src/rp2_common/hardware_divider/divider.S.obj
LOAD CMakeFiles/pwm_led_fade.dir/Users/andychen/pico/pico-sdk/src/rp2_common/pico_runtime/runtime.c.obj
LOAD CMakeFiles/pwm_led_fade.dir/Users/andychen/pico/pico-sdk/src/rp2_common/hardware_clocks/clocks.c.obj
LOAD CMakeFiles/pwm_led_fade.dir/Users/andychen/pico/pico-sdk/src/rp2_common/hardware_pll/pll.c.obj
LOAD CMakeFiles/pwm_led_fade.dir/Users/andychen/pico/pico-sdk/src/rp2_common/hardware_vreg/vreg.c.obj
LOAD CMakeFiles/pwm_led_fade.dir/Users/andychen/pico/pico-sdk/src/rp2_common/hardware_watchdog/watchdog.c.obj
LOAD CMakeFiles/pwm_led_fade.dir/Users/andychen/pico/pico-sdk/src/rp2_common/hardware_xosc/xosc.c.obj
LOAD CMakeFiles/pwm_led_fade.dir/Users/andychen/pico/pico-sdk/src/rp2_common/pico_printf/printf.c.obj
LOAD CMakeFiles/pwm_led_fade.dir/Users/andychen/pico/pico-sdk/src/rp2_common/pico_bit_ops/bit_ops_aeabi.S.obj
LOAD CMakeFiles/pwm_led_fade.dir/Users/andychen/pico/pico-sdk/src/rp2_common/pico_bootrom/bootrom.c.obj
LOAD CMakeFiles/pwm_led_fade.dir/Users/andychen/pico/pico-sdk/src/rp2_common/pico_divider/divider.S.obj
LOAD CMakeFiles/pwm_led_fade.dir/Users/andychen/pico/pico-sdk/src/rp2_common/pico_double/double_aeabi.S.obj
LOAD CMakeFiles/pwm_led_fade.dir/Users/andychen/pico/pico-sdk/src/rp2_common/pico_double/double_init_rom.c.obj
LOAD CMakeFiles/pwm_led_fade.dir/Users/andychen/pico/pico-sdk/src/rp2_common/pico_double/double_math.c.obj
LOAD CMakeFiles/pwm_led_fade.dir/Users/andychen/pico/pico-sdk/src/rp2_common/pico_double/double_v1_rom_shim.S.obj
LOAD CMakeFiles/pwm_led_fade.dir/Users/andychen/pico/pico-sdk/src/rp2_common/pico_int64_ops/pico_int64_ops_aeabi.S.obj
LOAD CMakeFiles/pwm_led_fade.dir/Users/andychen/pico/pico-sdk/src/rp2_common/pico_float/float_aeabi.S.obj
LOAD CMakeFiles/pwm_led_fade.dir/Users/andychen/pico/pico-sdk/src/rp2_common/pico_float/float_init_rom.c.obj
LOAD CMakeFiles/pwm_led_fade.dir/Users/andychen/pico/pico-sdk/src/rp2_common/pico_float/float_math.c.obj
LOAD CMakeFiles/pwm_led_fade.dir/Users/andychen/pico/pico-sdk/src/rp2_common/pico_float/float_v1_rom_shim.S.obj
LOAD CMakeFiles/pwm_led_fade.dir/Users/andychen/pico/pico-sdk/src/rp2_common/pico_malloc/pico_malloc.c.obj
LOAD CMakeFiles/pwm_led_fade.dir/Users/andychen/pico/pico-sdk/src/rp2_common/pico_mem_ops/mem_ops_aeabi.S.obj
LOAD CMakeFiles/pwm_led_fade.dir/Users/andychen/pico/pico-sdk/src/rp2_common/pico_standard_link/crt0.S.obj
LOAD CMakeFiles/pwm_led_fade.dir/Users/andychen/pico/pico-sdk/src/rp2_common/pico_standard_link/new_delete.cpp.obj
LOAD CMakeFiles/pwm_led_fade.dir/Users/andychen/pico/pico-sdk/src/rp2_common/pico_standard_link/binary_info.c.obj
LOAD CMakeFiles/pwm_led_fade.dir/Users/andychen/pico/pico-sdk/src/rp2_common/pico_stdio/stdio.c.obj
LOAD CMakeFiles/pwm_led_fade.dir/Users/andychen/pico/pico-sdk/src/rp2_common/pico_stdio_uart/stdio_uart.c.obj
LOAD /var/folders/h8/31kwz4nj3wbct69bn1pb5k1c0000gn/T//ccm2sFaj.o
LOAD /opt/homebrew/Cellar/arm-none-eabi-gcc/10.3-2021.07/gcc/bin/../lib/gcc/arm-none-eabi/10.3.1/../../../../arm-none-eabi/lib/thumb/v6-m/nofp/libstdc++.a
LOAD /opt/homebrew/Cellar/arm-none-eabi-gcc/10.3-2021.07/gcc/bin/../lib/gcc/arm-none-eabi/10.3.1/../../../../arm-none-eabi/lib/thumb/v6-m/nofp/libm.a
START GROUP
LOAD /opt/homebrew/Cellar/arm-none-eabi-gcc/10.3-2021.07/gcc/bin/../lib/gcc/arm-none-eabi/10.3.1/thumb/v6-m/nofp/libgcc.a
LOAD /opt/homebrew/Cellar/arm-none-eabi-gcc/10.3-2021.07/gcc/bin/../lib/gcc/arm-none-eabi/10.3.1/../../../../arm-none-eabi/lib/thumb/v6-m/nofp/libg.a
LOAD /opt/homebrew/Cellar/arm-none-eabi-gcc/10.3-2021.07/gcc/bin/../lib/gcc/arm-none-eabi/10.3.1/../../../../arm-none-eabi/lib/thumb/v6-m/nofp/libc.a
END GROUP
START GROUP
LOAD /opt/homebrew/Cellar/arm-none-eabi-gcc/10.3-2021.07/gcc/bin/../lib/gcc/arm-none-eabi/10.3.1/thumb/v6-m/nofp/libgcc.a
LOAD /opt/homebrew/Cellar/arm-none-eabi-gcc/10.3-2021.07/gcc/bin/../lib/gcc/arm-none-eabi/10.3.1/../../../../arm-none-eabi/lib/thumb/v6-m/nofp/libc.a
LOAD /opt/homebrew/Cellar/arm-none-eabi-gcc/10.3-2021.07/gcc/bin/../lib/gcc/arm-none-eabi/10.3.1/../../../../arm-none-eabi/lib/thumb/v6-m/nofp/libnosys.a
END GROUP
LOAD /opt/homebrew/Cellar/arm-none-eabi-gcc/10.3-2021.07/gcc/bin/../lib/gcc/arm-none-eabi/10.3.1/thumb/v6-m/nofp/crtend.o
LOAD /opt/homebrew/Cellar/arm-none-eabi-gcc/10.3-2021.07/gcc/bin/../lib/gcc/arm-none-eabi/10.3.1/thumb/v6-m/nofp/crtn.o
OUTPUT(pwm_led_fade.elf elf32-littlearm)
LOAD linker stubs

.ARM.attributes
                0x0000000000000000       0x28
 .ARM.attributes
                0x0000000000000000       0x1e /opt/homebrew/Cellar/arm-none-eabi-gcc/10.3-2021.07/gcc/bin/../lib/gcc/arm-none-eabi/10.3.1/thumb/v6-m/nofp/crti.o
 .ARM.attributes
                0x000000000000001e       0x2c /opt/homebrew/Cellar/arm-none-eabi-gcc/10.3-2021.07/gcc/bin/../lib/gcc/arm-none-eabi/10.3.1/thumb/v6-m/nofp/crtbegin.o
 .ARM.attributes
                0x000000000000004a       0x2c CMakeFiles/pwm_led_fade.dir/pwm_led_fade.c.obj
 .ARM.attributes
                0x0000000000000076       0x2c CMakeFiles/pwm_led_fade.dir/Users/andychen/pico/pico-sdk/src/rp2_common/hardware_gpio/gpio.c.obj
 .ARM.attributes
                0x00000000000000a2       0x2c CMakeFiles/pwm_led_fade.dir/Users/andychen/pico/pico-sdk/src/rp2_common/hardware_claim/claim.c.obj
 .ARM.attributes
                0x00000000000000ce       0x2c CMakeFiles/pwm_led_fade.dir/Users/andychen/pico/pico-sdk/src/rp2_common/pico_platform/platform.c.obj
 .ARM.attributes
                0x00000000000000fa       0x2c CMakeFiles/pwm_led_fade.dir/Users/andychen/pico/pico-sdk/src/rp2_common/hardware_sync/sync.c.obj
 .ARM.attributes
                0x0000000000000126       0x2c CMakeFiles/pwm_led_fade.dir/Users/andychen/pico/pico-sdk/src/rp2_common/hardware_irq/irq.c.obj
 .ARM.attributes
                0x0000000000000152       0x22 CMakeFiles/pwm_led_fade.dir/Users/andychen/pico/pico-sdk/src/rp2_common/hardware_irq/irq_handler_chain.S.obj
 .ARM.attributes
                0x0000000000000174       0x2c CMakeFiles/pwm_led_fade.dir/Users/andychen/pico/pico-sdk/src/common/pico_sync/lock_core.c.obj
 .ARM.attributes
                0x00000000000001a0       0x2c CMakeFiles/pwm_led_fade.dir/Users/andychen/pico/pico-sdk/src/common/pico_time/time.c.obj
 .ARM.attributes
                0x00000000000001cc       0x2c CMakeFiles/pwm_led_fade.dir/Users/andychen/pico/pico-sdk/src/rp2_common/hardware_timer/timer.c.obj
 .ARM.attributes
                0x00000000000001f8       0x2c CMakeFiles/pwm_led_fade.dir/Users/andychen/pico/pico-sdk/src/common/pico_util/pheap.c.obj
 .ARM.attributes
                0x0000000000000224       0x2c CMakeFiles/pwm_led_fade.dir/Users/andychen/pico/pico-sdk/src/common/pico_sync/mutex.c.obj
 .ARM.attributes
                0x0000000000000250       0x2c CMakeFiles/pwm_led_fade.dir/Users/andychen/pico/pico-sdk/src/rp2_common/pico_runtime/runtime.c.obj
 .ARM.attributes
                0x000000000000027c       0x2c CMakeFiles/pwm_led_fade.dir/Users/andychen/pico/pico-sdk/src/rp2_common/hardware_clocks/clocks.c.obj
 .ARM.attributes
                0x00000000000002a8       0x2c CMakeFiles/pwm_led_fade.dir/Users/andychen/pico/pico-sdk/src/rp2_common/hardware_pll/pll.c.obj
 .ARM.attributes
                0x00000000000002d4       0x2c CMakeFiles/pwm_led_fade.dir/Users/andychen/pico/pico-sdk/src/rp2_common/hardware_watchdog/watchdog.c.obj
 .ARM.attributes
                0x0000000000000300       0x2c CMakeFiles/pwm_led_fade.dir/Users/andychen/pico/pico-sdk/src/rp2_common/hardware_xosc/xosc.c.obj
 .ARM.attributes
                0x000000000000032c       0x2c CMakeFiles/pwm_led_fade.dir/Users/andychen/pico/pico-sdk/src/rp2_common/pico_printf/printf.c.obj
 .ARM.attributes
                0x0000000000000358       0x22 CMakeFiles/pwm_led_fade.dir/Users/andychen/pico/pico-sdk/src/rp2_common/pico_bit_ops/bit_ops_aeabi.S.obj
 .ARM.attributes
                0x000000000000037a       0x2c CMakeFiles/pwm_led_fade.dir/Users/andychen/pico/pico-sdk/src/rp2_common/pico_bootrom/bootrom.c.obj
 .ARM.attributes
                0x00000000000003a6       0x22 CMakeFiles/pwm_led_fade.dir/Users/andychen/pico/pico-sdk/src/rp2_common/pico_divider/divider.S.obj
 .ARM.attributes
                0x00000000000003c8       0x22 CMakeFiles/pwm_led_fade.dir/Users/andychen/pico/pico-sdk/src/rp2_common/pico_double/double_aeabi.S.obj
 .ARM.attributes
                0x00000000000003ea       0x2c CMakeFiles/pwm_led_fade.dir/Users/andychen/pico/pico-sdk/src/rp2_common/pico_double/double_init_rom.c.obj
 .ARM.attributes
                0x0000000000000416       0x22 CMakeFiles/pwm_led_fade.dir/Users/andychen/pico/pico-sdk/src/rp2_common/pico_double/double_v1_rom_shim.S.obj
 .ARM.attributes
                0x0000000000000438       0x22 CMakeFiles/pwm_led_fade.dir/Users/andychen/pico/pico-sdk/src/rp2_common/pico_float/float_aeabi.S.obj
 .ARM.attributes
                0x000000000000045a       0x2c CMakeFiles/pwm_led_fade.dir/Users/andychen/pico/pico-sdk/src/rp2_common/pico_float/float_init_rom.c.obj
 .ARM.attributes
                0x0000000000000486       0x22 CMakeFiles/pwm_led_fade.dir/Users/andychen/pico/pico-sdk/src/rp2_common/pico_float/float_v1_rom_shim.S.obj
 .ARM.attributes
                0x00000000000004a8       0x22 CMakeFiles/pwm_led_fade.dir/Users/andychen/pico/pico-sdk/src/rp2_common/pico_mem_ops/mem_ops_aeabi.S.obj
 .ARM.attributes
                0x00000000000004ca       0x22 CMakeFiles/pwm_led_fade.dir/Users/andychen/pico/pico-sdk/src/rp2_common/pico_standard_link/crt0.S.obj
 .ARM.attributes
                0x00000000000004ec       0x32 CMakeFiles/pwm_led_fade.dir/Users/andychen/pico/pico-sdk/src/rp2_common/pico_standard_link/binary_info.c.obj
 .ARM.attributes
                0x000000000000051e       0x2c CMakeFiles/pwm_led_fade.dir/Users/andychen/pico/pico-sdk/src/rp2_common/pico_stdio/stdio.c.obj
 .ARM.attributes
                0x000000000000054a       0x22 /var/folders/h8/31kwz4nj3wbct69bn1pb5k1c0000gn/T//ccm2sFaj.o
 .ARM.attributes
                0x000000000000056c       0x1e /opt/homebrew/Cellar/arm-none-eabi-gcc/10.3-2021.07/gcc/bin/../lib/gcc/arm-none-eabi/10.3.1/thumb/v6-m/nofp/libgcc.a(_dvmd_tls.o)
 .ARM.attributes
                0x000000000000058a       0x2c /opt/homebrew/Cellar/arm-none-eabi-gcc/10.3-2021.07/gcc/bin/../lib/gcc/arm-none-eabi/10.3.1/../../../../arm-none-eabi/lib/thumb/v6-m/nofp/libg.a(lib_a-strlen-stub.o)

.comment        0x0000000000000000       0x49
 .comment       0x0000000000000000       0x49 CMakeFiles/pwm_led_fade.dir/pwm_led_fade.c.obj
                                         0x4a (size before relaxing)
 .comment       0x0000000000000049       0x4a CMakeFiles/pwm_led_fade.dir/Users/andychen/pico/pico-sdk/src/rp2_common/hardware_gpio/gpio.c.obj
 .comment       0x0000000000000049       0x4a CMakeFiles/pwm_led_fade.dir/Users/andychen/pico/pico-sdk/src/rp2_common/hardware_claim/claim.c.obj
 .comment       0x0000000000000049       0x4a CMakeFiles/pwm_led_fade.dir/Users/andychen/pico/pico-sdk/src/rp2_common/pico_platform/platform.c.obj
 .comment       0x0000000000000049       0x4a CMakeFiles/pwm_led_fade.dir/Users/andychen/pico/pico-sdk/src/rp2_common/hardware_sync/sync.c.obj
 .comment       0x0000000000000049       0x4a CMakeFiles/pwm_led_fade.dir/Users/andychen/pico/pico-sdk/src/rp2_common/hardware_irq/irq.c.obj
 .comment       0x0000000000000049       0x4a CMakeFiles/pwm_led_fade.dir/Users/andychen/pico/pico-sdk/src/common/pico_sync/lock_core.c.obj
 .comment       0x0000000000000049       0x4a CMakeFiles/pwm_led_fade.dir/Users/andychen/pico/pico-sdk/src/common/pico_time/time.c.obj
 .comment       0x0000000000000049       0x4a CMakeFiles/pwm_led_fade.dir/Users/andychen/pico/pico-sdk/src/rp2_common/hardware_timer/timer.c.obj
 .comment       0x0000000000000049       0x4a CMakeFiles/pwm_led_fade.dir/Users/andychen/pico/pico-sdk/src/common/pico_util/pheap.c.obj
 .comment       0x0000000000000049       0x4a CMakeFiles/pwm_led_fade.dir/Users/andychen/pico/pico-sdk/src/common/pico_sync/mutex.c.obj
 .comment       0x0000000000000049       0x4a CMakeFiles/pwm_led_fade.dir/Users/andychen/pico/pico-sdk/src/rp2_common/pico_runtime/runtime.c.obj
 .comment       0x0000000000000049       0x4a CMakeFiles/pwm_led_fade.dir/Users/andychen/pico/pico-sdk/src/rp2_common/hardware_clocks/clocks.c.obj
 .comment       0x0000000000000049       0x4a CMakeFiles/pwm_led_fade.dir/Users/andychen/pico/pico-sdk/src/rp2_common/hardware_pll/pll.c.obj
 .comment       0x0000000000000049       0x4a CMakeFiles/pwm_led_fade.dir/Users/andychen/pico/pico-sdk/src/rp2_common/hardware_watchdog/watchdog.c.obj
 .comment       0x0000000000000049       0x4a CMakeFiles/pwm_led_fade.dir/Users/andychen/pico/pico-sdk/src/rp2_common/hardware_xosc/xosc.c.obj
 .comment       0x0000000000000049       0x4a CMakeFiles/pwm_led_fade.dir/Users/andychen/pico/pico-sdk/src/rp2_common/pico_printf/printf.c.obj
 .comment       0x0000000000000049       0x4a CMakeFiles/pwm_led_fade.dir/Users/andychen/pico/pico-sdk/src/rp2_common/pico_bootrom/bootrom.c.obj
 .comment       0x0000000000000049       0x4a CMakeFiles/pwm_led_fade.dir/Users/andychen/pico/pico-sdk/src/rp2_common/pico_double/double_init_rom.c.obj
 .comment       0x0000000000000049       0x4a CMakeFiles/pwm_led_fade.dir/Users/andychen/pico/pico-sdk/src/rp2_common/pico_float/float_init_rom.c.obj
 .comment       0x0000000000000049       0x4a CMakeFiles/pwm_led_fade.dir/Users/andychen/pico/pico-sdk/src/rp2_common/pico_standard_link/binary_info.c.obj
 .comment       0x0000000000000049       0x4a CMakeFiles/pwm_led_fade.dir/Users/andychen/pico/pico-sdk/src/rp2_common/pico_stdio/stdio.c.obj

.debug_info     0x0000000000000000    0x12b5b
 .debug_info    0x0000000000000000      0xa18 CMakeFiles/pwm_led_fade.dir/pwm_led_fade.c.obj
 .debug_info    0x0000000000000a18     0x16d7 CMakeFiles/pwm_led_fade.dir/Users/andychen/pico/pico-sdk/src/rp2_common/hardware_gpio/gpio.c.obj
 .debug_info    0x00000000000020ef      0x6bb CMakeFiles/pwm_led_fade.dir/Users/andychen/pico/pico-sdk/src/rp2_common/hardware_claim/claim.c.obj
 .debug_info    0x00000000000027aa      0x1e3 CMakeFiles/pwm_led_fade.dir/Users/andychen/pico/pico-sdk/src/rp2_common/pico_platform/platform.c.obj
 .debug_info    0x000000000000298d      0x58e CMakeFiles/pwm_led_fade.dir/Users/andychen/pico/pico-sdk/src/rp2_common/hardware_sync/sync.c.obj
 .debug_info    0x0000000000002f1b     0x1c49 CMakeFiles/pwm_led_fade.dir/Users/andychen/pico/pico-sdk/src/rp2_common/hardware_irq/irq.c.obj
 .debug_info    0x0000000000004b64      0x1a4 CMakeFiles/pwm_led_fade.dir/Users/andychen/pico/pico-sdk/src/common/pico_sync/lock_core.c.obj
 .debug_info    0x0000000000004d08     0x3b3b CMakeFiles/pwm_led_fade.dir/Users/andychen/pico/pico-sdk/src/common/pico_time/time.c.obj
 .debug_info    0x0000000000008843     0x1134 CMakeFiles/pwm_led_fade.dir/Users/andychen/pico/pico-sdk/src/rp2_common/hardware_timer/timer.c.obj
 .debug_info    0x0000000000009977     0x120c CMakeFiles/pwm_led_fade.dir/Users/andychen/pico/pico-sdk/src/common/pico_util/pheap.c.obj
 .debug_info    0x000000000000ab83     0x2022 CMakeFiles/pwm_led_fade.dir/Users/andychen/pico/pico-sdk/src/common/pico_sync/mutex.c.obj
 .debug_info    0x000000000000cba5      0xa87 CMakeFiles/pwm_led_fade.dir/Users/andychen/pico/pico-sdk/src/rp2_common/pico_runtime/runtime.c.obj
 .debug_info    0x000000000000d62c      0xf63 CMakeFiles/pwm_led_fade.dir/Users/andychen/pico/pico-sdk/src/rp2_common/hardware_clocks/clocks.c.obj
 .debug_info    0x000000000000e58f      0x54a CMakeFiles/pwm_led_fade.dir/Users/andychen/pico/pico-sdk/src/rp2_common/hardware_pll/pll.c.obj
 .debug_info    0x000000000000ead9      0x4ee CMakeFiles/pwm_led_fade.dir/Users/andychen/pico/pico-sdk/src/rp2_common/hardware_watchdog/watchdog.c.obj
 .debug_info    0x000000000000efc7      0x1d8 CMakeFiles/pwm_led_fade.dir/Users/andychen/pico/pico-sdk/src/rp2_common/hardware_xosc/xosc.c.obj
 .debug_info    0x000000000000f19f     0x1a5f CMakeFiles/pwm_led_fade.dir/Users/andychen/pico/pico-sdk/src/rp2_common/pico_printf/printf.c.obj
 .debug_info    0x0000000000010bfe       0x22 CMakeFiles/pwm_led_fade.dir/Users/andychen/pico/pico-sdk/src/rp2_common/pico_bit_ops/bit_ops_aeabi.S.obj
 .debug_info    0x0000000000010c20      0x27c CMakeFiles/pwm_led_fade.dir/Users/andychen/pico/pico-sdk/src/rp2_common/pico_bootrom/bootrom.c.obj
 .debug_info    0x0000000000010e9c       0x22 CMakeFiles/pwm_led_fade.dir/Users/andychen/pico/pico-sdk/src/rp2_common/pico_divider/divider.S.obj
 .debug_info    0x0000000000010ebe       0x22 CMakeFiles/pwm_led_fade.dir/Users/andychen/pico/pico-sdk/src/rp2_common/pico_double/double_aeabi.S.obj
 .debug_info    0x0000000000010ee0      0x2d1 CMakeFiles/pwm_led_fade.dir/Users/andychen/pico/pico-sdk/src/rp2_common/pico_double/double_init_rom.c.obj
 .debug_info    0x00000000000111b1       0x22 CMakeFiles/pwm_led_fade.dir/Users/andychen/pico/pico-sdk/src/rp2_common/pico_double/double_v1_rom_shim.S.obj
 .debug_info    0x00000000000111d3       0x22 CMakeFiles/pwm_led_fade.dir/Users/andychen/pico/pico-sdk/src/rp2_common/pico_float/float_aeabi.S.obj
 .debug_info    0x00000000000111f5      0x2eb CMakeFiles/pwm_led_fade.dir/Users/andychen/pico/pico-sdk/src/rp2_common/pico_float/float_init_rom.c.obj
 .debug_info    0x00000000000114e0       0x22 CMakeFiles/pwm_led_fade.dir/Users/andychen/pico/pico-sdk/src/rp2_common/pico_float/float_v1_rom_shim.S.obj
 .debug_info    0x0000000000011502       0x22 CMakeFiles/pwm_led_fade.dir/Users/andychen/pico/pico-sdk/src/rp2_common/pico_mem_ops/mem_ops_aeabi.S.obj
 .debug_info    0x0000000000011524       0x22 CMakeFiles/pwm_led_fade.dir/Users/andychen/pico/pico-sdk/src/rp2_common/pico_standard_link/crt0.S.obj
 .debug_info    0x0000000000011546      0x327 CMakeFiles/pwm_led_fade.dir/Users/andychen/pico/pico-sdk/src/rp2_common/pico_standard_link/binary_info.c.obj
 .debug_info    0x000000000001186d     0x12ee CMakeFiles/pwm_led_fade.dir/Users/andychen/pico/pico-sdk/src/rp2_common/pico_stdio/stdio.c.obj

.debug_abbrev   0x0000000000000000     0x3a49
 .debug_abbrev  0x0000000000000000      0x282 CMakeFiles/pwm_led_fade.dir/pwm_led_fade.c.obj
 .debug_abbrev  0x0000000000000282      0x326 CMakeFiles/pwm_led_fade.dir/Users/andychen/pico/pico-sdk/src/rp2_common/hardware_gpio/gpio.c.obj
 .debug_abbrev  0x00000000000005a8      0x2e9 CMakeFiles/pwm_led_fade.dir/Users/andychen/pico/pico-sdk/src/rp2_common/hardware_claim/claim.c.obj
 .debug_abbrev  0x0000000000000891       0xeb CMakeFiles/pwm_led_fade.dir/Users/andychen/pico/pico-sdk/src/rp2_common/pico_platform/platform.c.obj
 .debug_abbrev  0x000000000000097c      0x21b CMakeFiles/pwm_led_fade.dir/Users/andychen/pico/pico-sdk/src/rp2_common/hardware_sync/sync.c.obj
 .debug_abbrev  0x0000000000000b97      0x4fc CMakeFiles/pwm_led_fade.dir/Users/andychen/pico/pico-sdk/src/rp2_common/hardware_irq/irq.c.obj
 .debug_abbrev  0x0000000000001093      0x116 CMakeFiles/pwm_led_fade.dir/Users/andychen/pico/pico-sdk/src/common/pico_sync/lock_core.c.obj
 .debug_abbrev  0x00000000000011a9      0x54d CMakeFiles/pwm_led_fade.dir/Users/andychen/pico/pico-sdk/src/common/pico_time/time.c.obj
 .debug_abbrev  0x00000000000016f6      0x3a2 CMakeFiles/pwm_led_fade.dir/Users/andychen/pico/pico-sdk/src/rp2_common/hardware_timer/timer.c.obj
 .debug_abbrev  0x0000000000001a98      0x297 CMakeFiles/pwm_led_fade.dir/Users/andychen/pico/pico-sdk/src/common/pico_util/pheap.c.obj
 .debug_abbrev  0x0000000000001d2f      0x386 CMakeFiles/pwm_led_fade.dir/Users/andychen/pico/pico-sdk/src/common/pico_sync/mutex.c.obj
 .debug_abbrev  0x00000000000020b5      0x3aa CMakeFiles/pwm_led_fade.dir/Users/andychen/pico/pico-sdk/src/rp2_common/pico_runtime/runtime.c.obj
 .debug_abbrev  0x000000000000245f      0x3a5 CMakeFiles/pwm_led_fade.dir/Users/andychen/pico/pico-sdk/src/rp2_common/hardware_clocks/clocks.c.obj
 .debug_abbrev  0x0000000000002804      0x1ea CMakeFiles/pwm_led_fade.dir/Users/andychen/pico/pico-sdk/src/rp2_common/hardware_pll/pll.c.obj
 .debug_abbrev  0x00000000000029ee      0x1a8 CMakeFiles/pwm_led_fade.dir/Users/andychen/pico/pico-sdk/src/rp2_common/hardware_watchdog/watchdog.c.obj
 .debug_abbrev  0x0000000000002b96      0x109 CMakeFiles/pwm_led_fade.dir/Users/andychen/pico/pico-sdk/src/rp2_common/hardware_xosc/xosc.c.obj
 .debug_abbrev  0x0000000000002c9f      0x384 CMakeFiles/pwm_led_fade.dir/Users/andychen/pico/pico-sdk/src/rp2_common/pico_printf/printf.c.obj
 .debug_abbrev  0x0000000000003023       0x12 CMakeFiles/pwm_led_fade.dir/Users/andychen/pico/pico-sdk/src/rp2_common/pico_bit_ops/bit_ops_aeabi.S.obj
 .debug_abbrev  0x0000000000003035      0x13b CMakeFiles/pwm_led_fade.dir/Users/andychen/pico/pico-sdk/src/rp2_common/pico_bootrom/bootrom.c.obj
 .debug_abbrev  0x0000000000003170       0x12 CMakeFiles/pwm_led_fade.dir/Users/andychen/pico/pico-sdk/src/rp2_common/pico_divider/divider.S.obj
 .debug_abbrev  0x0000000000003182       0x12 CMakeFiles/pwm_led_fade.dir/Users/andychen/pico/pico-sdk/src/rp2_common/pico_double/double_aeabi.S.obj
 .debug_abbrev  0x0000000000003194      0x179 CMakeFiles/pwm_led_fade.dir/Users/andychen/pico/pico-sdk/src/rp2_common/pico_double/double_init_rom.c.obj
 .debug_abbrev  0x000000000000330d       0x12 CMakeFiles/pwm_led_fade.dir/Users/andychen/pico/pico-sdk/src/rp2_common/pico_double/double_v1_rom_shim.S.obj
 .debug_abbrev  0x000000000000331f       0x12 CMakeFiles/pwm_led_fade.dir/Users/andychen/pico/pico-sdk/src/rp2_common/pico_float/float_aeabi.S.obj
 .debug_abbrev  0x0000000000003331      0x18c CMakeFiles/pwm_led_fade.dir/Users/andychen/pico/pico-sdk/src/rp2_common/pico_float/float_init_rom.c.obj
 .debug_abbrev  0x00000000000034bd       0x12 CMakeFiles/pwm_led_fade.dir/Users/andychen/pico/pico-sdk/src/rp2_common/pico_float/float_v1_rom_shim.S.obj
 .debug_abbrev  0x00000000000034cf       0x12 CMakeFiles/pwm_led_fade.dir/Users/andychen/pico/pico-sdk/src/rp2_common/pico_mem_ops/mem_ops_aeabi.S.obj
 .debug_abbrev  0x00000000000034e1       0x12 CMakeFiles/pwm_led_fade.dir/Users/andychen/pico/pico-sdk/src/rp2_common/pico_standard_link/crt0.S.obj
 .debug_abbrev  0x00000000000034f3       0xad CMakeFiles/pwm_led_fade.dir/Users/andychen/pico/pico-sdk/src/rp2_common/pico_standard_link/binary_info.c.obj
 .debug_abbrev  0x00000000000035a0      0x4a9 CMakeFiles/pwm_led_fade.dir/Users/andychen/pico/pico-sdk/src/rp2_common/pico_stdio/stdio.c.obj

.debug_loc      0x0000000000000000     0xd0bf
 .debug_loc     0x0000000000000000      0x2f0 CMakeFiles/pwm_led_fade.dir/pwm_led_fade.c.obj
 .debug_loc     0x00000000000002f0     0x118d CMakeFiles/pwm_led_fade.dir/Users/andychen/pico/pico-sdk/src/rp2_common/hardware_gpio/gpio.c.obj
 .debug_loc     0x000000000000147d      0x45f CMakeFiles/pwm_led_fade.dir/Users/andychen/pico/pico-sdk/src/rp2_common/hardware_claim/claim.c.obj
 .debug_loc     0x00000000000018dc       0xe9 CMakeFiles/pwm_led_fade.dir/Users/andychen/pico/pico-sdk/src/rp2_common/pico_platform/platform.c.obj
 .debug_loc     0x00000000000019c5      0x233 CMakeFiles/pwm_led_fade.dir/Users/andychen/pico/pico-sdk/src/rp2_common/hardware_sync/sync.c.obj
 .debug_loc     0x0000000000001bf8     0x1365 CMakeFiles/pwm_led_fade.dir/Users/andychen/pico/pico-sdk/src/rp2_common/hardware_irq/irq.c.obj
 .debug_loc     0x0000000000002f5d       0x60 CMakeFiles/pwm_led_fade.dir/Users/andychen/pico/pico-sdk/src/common/pico_sync/lock_core.c.obj
 .debug_loc     0x0000000000002fbd     0x2e2a CMakeFiles/pwm_led_fade.dir/Users/andychen/pico/pico-sdk/src/common/pico_time/time.c.obj
 .debug_loc     0x0000000000005de7      0x952 CMakeFiles/pwm_led_fade.dir/Users/andychen/pico/pico-sdk/src/rp2_common/hardware_timer/timer.c.obj
 .debug_loc     0x0000000000006739     0x1439 CMakeFiles/pwm_led_fade.dir/Users/andychen/pico/pico-sdk/src/common/pico_util/pheap.c.obj
 .debug_loc     0x0000000000007b72     0x1469 CMakeFiles/pwm_led_fade.dir/Users/andychen/pico/pico-sdk/src/common/pico_sync/mutex.c.obj
 .debug_loc     0x0000000000008fdb      0x3f0 CMakeFiles/pwm_led_fade.dir/Users/andychen/pico/pico-sdk/src/rp2_common/pico_runtime/runtime.c.obj
 .debug_loc     0x00000000000093cb      0x7eb CMakeFiles/pwm_led_fade.dir/Users/andychen/pico/pico-sdk/src/rp2_common/hardware_clocks/clocks.c.obj
 .debug_loc     0x0000000000009bb6      0x32f CMakeFiles/pwm_led_fade.dir/Users/andychen/pico/pico-sdk/src/rp2_common/hardware_pll/pll.c.obj
 .debug_loc     0x0000000000009ee5      0x2ec CMakeFiles/pwm_led_fade.dir/Users/andychen/pico/pico-sdk/src/rp2_common/hardware_watchdog/watchdog.c.obj
 .debug_loc     0x000000000000a1d1       0x71 CMakeFiles/pwm_led_fade.dir/Users/andychen/pico/pico-sdk/src/rp2_common/hardware_xosc/xosc.c.obj
 .debug_loc     0x000000000000a242     0x2095 CMakeFiles/pwm_led_fade.dir/Users/andychen/pico/pico-sdk/src/rp2_common/pico_printf/printf.c.obj
 .debug_loc     0x000000000000c2d7      0x1a1 CMakeFiles/pwm_led_fade.dir/Users/andychen/pico/pico-sdk/src/rp2_common/pico_bootrom/bootrom.c.obj
 .debug_loc     0x000000000000c478       0x59 CMakeFiles/pwm_led_fade.dir/Users/andychen/pico/pico-sdk/src/rp2_common/pico_double/double_init_rom.c.obj
 .debug_loc     0x000000000000c4d1       0x73 CMakeFiles/pwm_led_fade.dir/Users/andychen/pico/pico-sdk/src/rp2_common/pico_float/float_init_rom.c.obj
 .debug_loc     0x000000000000c544      0xb7b CMakeFiles/pwm_led_fade.dir/Users/andychen/pico/pico-sdk/src/rp2_common/pico_stdio/stdio.c.obj

.debug_aranges  0x0000000000000000      0xd18
 .debug_aranges
                0x0000000000000000       0x28 CMakeFiles/pwm_led_fade.dir/pwm_led_fade.c.obj
 .debug_aranges
                0x0000000000000028      0x100 CMakeFiles/pwm_led_fade.dir/Users/andychen/pico/pico-sdk/src/rp2_common/hardware_gpio/gpio.c.obj
 .debug_aranges
                0x0000000000000128       0x48 CMakeFiles/pwm_led_fade.dir/Users/andychen/pico/pico-sdk/src/rp2_common/hardware_claim/claim.c.obj
 .debug_aranges
                0x0000000000000170       0x28 CMakeFiles/pwm_led_fade.dir/Users/andychen/pico/pico-sdk/src/rp2_common/pico_platform/platform.c.obj
 .debug_aranges
                0x0000000000000198       0x58 CMakeFiles/pwm_led_fade.dir/Users/andychen/pico/pico-sdk/src/rp2_common/hardware_sync/sync.c.obj
 .debug_aranges
                0x00000000000001f0       0xc8 CMakeFiles/pwm_led_fade.dir/Users/andychen/pico/pico-sdk/src/rp2_common/hardware_irq/irq.c.obj
 .debug_aranges
                0x00000000000002b8       0x20 CMakeFiles/pwm_led_fade.dir/Users/andychen/pico/pico-sdk/src/common/pico_sync/lock_core.c.obj
 .debug_aranges
                0x00000000000002d8       0xd0 CMakeFiles/pwm_led_fade.dir/Users/andychen/pico/pico-sdk/src/common/pico_time/time.c.obj
 .debug_aranges
                0x00000000000003a8       0x78 CMakeFiles/pwm_led_fade.dir/Users/andychen/pico/pico-sdk/src/rp2_common/hardware_timer/timer.c.obj
 .debug_aranges
                0x0000000000000420       0x78 CMakeFiles/pwm_led_fade.dir/Users/andychen/pico/pico-sdk/src/common/pico_util/pheap.c.obj
 .debug_aranges
                0x0000000000000498       0x88 CMakeFiles/pwm_led_fade.dir/Users/andychen/pico/pico-sdk/src/common/pico_sync/mutex.c.obj
 .debug_aranges
                0x0000000000000520       0x60 CMakeFiles/pwm_led_fade.dir/Users/andychen/pico/pico-sdk/src/rp2_common/pico_runtime/runtime.c.obj
 .debug_aranges
                0x0000000000000580       0x70 CMakeFiles/pwm_led_fade.dir/Users/andychen/pico/pico-sdk/src/rp2_common/hardware_clocks/clocks.c.obj
 .debug_aranges
                0x00000000000005f0       0x28 CMakeFiles/pwm_led_fade.dir/Users/andychen/pico/pico-sdk/src/rp2_common/hardware_pll/pll.c.obj
 .debug_aranges
                0x0000000000000618       0x58 CMakeFiles/pwm_led_fade.dir/Users/andychen/pico/pico-sdk/src/rp2_common/hardware_watchdog/watchdog.c.obj
 .debug_aranges
                0x0000000000000670       0x30 CMakeFiles/pwm_led_fade.dir/Users/andychen/pico/pico-sdk/src/rp2_common/hardware_xosc/xosc.c.obj
 .debug_aranges
                0x00000000000006a0       0x90 CMakeFiles/pwm_led_fade.dir/Users/andychen/pico/pico-sdk/src/rp2_common/pico_printf/printf.c.obj
 .debug_aranges
                0x0000000000000730       0x68 CMakeFiles/pwm_led_fade.dir/Users/andychen/pico/pico-sdk/src/rp2_common/pico_bit_ops/bit_ops_aeabi.S.obj
 .debug_aranges
                0x0000000000000798       0x30 CMakeFiles/pwm_led_fade.dir/Users/andychen/pico/pico-sdk/src/rp2_common/pico_bootrom/bootrom.c.obj
 .debug_aranges
                0x00000000000007c8       0x40 CMakeFiles/pwm_led_fade.dir/Users/andychen/pico/pico-sdk/src/rp2_common/pico_divider/divider.S.obj
 .debug_aranges
                0x0000000000000808      0x140 CMakeFiles/pwm_led_fade.dir/Users/andychen/pico/pico-sdk/src/rp2_common/pico_double/double_aeabi.S.obj
 .debug_aranges
                0x0000000000000948       0x20 CMakeFiles/pwm_led_fade.dir/Users/andychen/pico/pico-sdk/src/rp2_common/pico_double/double_init_rom.c.obj
 .debug_aranges
                0x0000000000000968       0xc8 CMakeFiles/pwm_led_fade.dir/Users/andychen/pico/pico-sdk/src/rp2_common/pico_double/double_v1_rom_shim.S.obj
 .debug_aranges
                0x0000000000000a30      0x130 CMakeFiles/pwm_led_fade.dir/Users/andychen/pico/pico-sdk/src/rp2_common/pico_float/float_aeabi.S.obj
 .debug_aranges
                0x0000000000000b60       0x20 CMakeFiles/pwm_led_fade.dir/Users/andychen/pico/pico-sdk/src/rp2_common/pico_float/float_init_rom.c.obj
 .debug_aranges
                0x0000000000000b80       0x50 CMakeFiles/pwm_led_fade.dir/Users/andychen/pico/pico-sdk/src/rp2_common/pico_float/float_v1_rom_shim.S.obj
 .debug_aranges
                0x0000000000000bd0       0x38 CMakeFiles/pwm_led_fade.dir/Users/andychen/pico/pico-sdk/src/rp2_common/pico_mem_ops/mem_ops_aeabi.S.obj
 .debug_aranges
                0x0000000000000c08       0x28 CMakeFiles/pwm_led_fade.dir/Users/andychen/pico/pico-sdk/src/rp2_common/pico_standard_link/crt0.S.obj
 .debug_aranges
                0x0000000000000c30       0x18 CMakeFiles/pwm_led_fade.dir/Users/andychen/pico/pico-sdk/src/rp2_common/pico_standard_link/binary_info.c.obj
 .debug_aranges
                0x0000000000000c48       0xd0 CMakeFiles/pwm_led_fade.dir/Users/andychen/pico/pico-sdk/src/rp2_common/pico_stdio/stdio.c.obj

.debug_ranges   0x0000000000000000     0x2ca0
 .debug_ranges  0x0000000000000000       0x90 CMakeFiles/pwm_led_fade.dir/pwm_led_fade.c.obj
 .debug_ranges  0x0000000000000090      0x150 CMakeFiles/pwm_led_fade.dir/Users/andychen/pico/pico-sdk/src/rp2_common/hardware_gpio/gpio.c.obj
 .debug_ranges  0x00000000000001e0       0xd8 CMakeFiles/pwm_led_fade.dir/Users/andychen/pico/pico-sdk/src/rp2_common/hardware_claim/claim.c.obj
 .debug_ranges  0x00000000000002b8       0x18 CMakeFiles/pwm_led_fade.dir/Users/andychen/pico/pico-sdk/src/rp2_common/pico_platform/platform.c.obj
 .debug_ranges  0x00000000000002d0       0xf0 CMakeFiles/pwm_led_fade.dir/Users/andychen/pico/pico-sdk/src/rp2_common/hardware_sync/sync.c.obj
 .debug_ranges  0x00000000000003c0      0x400 CMakeFiles/pwm_led_fade.dir/Users/andychen/pico/pico-sdk/src/rp2_common/hardware_irq/irq.c.obj
 .debug_ranges  0x00000000000007c0       0x10 CMakeFiles/pwm_led_fade.dir/Users/andychen/pico/pico-sdk/src/common/pico_sync/lock_core.c.obj
 .debug_ranges  0x00000000000007d0      0xba0 CMakeFiles/pwm_led_fade.dir/Users/andychen/pico/pico-sdk/src/common/pico_time/time.c.obj
 .debug_ranges  0x0000000000001370      0x320 CMakeFiles/pwm_led_fade.dir/Users/andychen/pico/pico-sdk/src/rp2_common/hardware_timer/timer.c.obj
 .debug_ranges  0x0000000000001690      0x248 CMakeFiles/pwm_led_fade.dir/Users/andychen/pico/pico-sdk/src/common/pico_util/pheap.c.obj
 .debug_ranges  0x00000000000018d8      0xab8 CMakeFiles/pwm_led_fade.dir/Users/andychen/pico/pico-sdk/src/common/pico_sync/mutex.c.obj
 .debug_ranges  0x0000000000002390       0x80 CMakeFiles/pwm_led_fade.dir/Users/andychen/pico/pico-sdk/src/rp2_common/pico_runtime/runtime.c.obj
 .debug_ranges  0x0000000000002410       0x60 CMakeFiles/pwm_led_fade.dir/Users/andychen/pico/pico-sdk/src/rp2_common/hardware_clocks/clocks.c.obj
 .debug_ranges  0x0000000000002470       0x30 CMakeFiles/pwm_led_fade.dir/Users/andychen/pico/pico-sdk/src/rp2_common/hardware_pll/pll.c.obj
 .debug_ranges  0x00000000000024a0       0x48 CMakeFiles/pwm_led_fade.dir/Users/andychen/pico/pico-sdk/src/rp2_common/hardware_watchdog/watchdog.c.obj
 .debug_ranges  0x00000000000024e8       0x20 CMakeFiles/pwm_led_fade.dir/Users/andychen/pico/pico-sdk/src/rp2_common/hardware_xosc/xosc.c.obj
 .debug_ranges  0x0000000000002508      0x108 CMakeFiles/pwm_led_fade.dir/Users/andychen/pico/pico-sdk/src/rp2_common/pico_printf/printf.c.obj
 .debug_ranges  0x0000000000002610       0x60 CMakeFiles/pwm_led_fade.dir/Users/andychen/pico/pico-sdk/src/rp2_common/pico_bit_ops/bit_ops_aeabi.S.obj
 .debug_ranges  0x0000000000002670       0x38 CMakeFiles/pwm_led_fade.dir/Users/andychen/pico/pico-sdk/src/rp2_common/pico_bootrom/bootrom.c.obj
 .debug_ranges  0x00000000000026a8       0x38 CMakeFiles/pwm_led_fade.dir/Users/andychen/pico/pico-sdk/src/rp2_common/pico_divider/divider.S.obj